$ node scripts/run-contract-tests.mjs desktop --files test/contract/honest-standin.test.ts
desktop: 1 selected; 10 unselected in desktop; other groups not run (not passes)
TAP version 13
# Subtest: on a stand-in that reports no margin for a met period, timing-push loosens by its guard band every generation and ends at the limit, while over-constraining-push converges below the achievable period and ends goal-met when the goal is reachable
ok 1 - on a stand-in that reports no margin for a met period, timing-push loosens by its guard band every generation and ends at the limit, while over-constraining-push converges below the achievable period and ends goal-met when the goal is reachable
  ---
  duration_ms: 23143.21325
  type: 'test'
  ...
1..1
# tests 1
# suites 0
# pass 1
# fail 0
# cancelled 0
# skipped 0
# todo 0
# duration_ms 23256.430083
SSH subprocess attempts: 0
desktop command exit code: 0; elapsed: 23.281 s; pass/fail/skip counts are in the TAP summary above
