$ node scripts/run-contract-tests.mjs desktop --files test/contract/honest-standin.test.ts
desktop: 1 selected; 10 unselected in desktop; other groups not run (not passes)
TAP version 13
# Subtest: on a stand-in that reports no margin for a met period, timing-push loosens by its guard band every generation and ends at the limit, while over-constraining-push converges below the achievable period and ends goal-met when the goal is reachable
ok 1 - on a stand-in that reports no margin for a met period, timing-push loosens by its guard band every generation and ends at the limit, while over-constraining-push converges below the achievable period and ends goal-met when the goal is reachable # SKIP the electron binary is not installed: Cannot find module 'electron'\\nRequire stack:\\n- /Users/lluzi/code/hima_harness_reforge_polishing/.hima-tmp/pls02-validation/clean/packages/desktop/package.json
  ---
  duration_ms: 0.548667
  type: 'test'
  ...
1..1
# tests 1
# suites 0
# pass 0
# fail 0
# cancelled 0
# skipped 1
# todo 0
# duration_ms 131.629291
SSH subprocess attempts: 0
desktop command exit code: 0; elapsed: 0.155 s; pass/fail/skip counts are in the TAP summary above
