$ pnpm -r run typecheck && tsc -p test/tsconfig.json
Scope: 2 of 3 workspace projects
$ tsc -p tsconfig.json --noEmit && tsc -p tsconfig.client.json
$ tsc -p tsconfig.json --noEmit
scripts/live-check-pipeline.ts(106,100): error TS2367: This comparison appears to be unintentional because the types 'ChooserExpression | undefined' and 'number' have no overlap.
scripts/live-check-pipeline.ts(126,103): error TS18048: 'row.goal' is possibly 'undefined'.
scripts/live-check-pipeline.ts(134,54): error TS2339: Property 'values' does not exist on type '{ type: "observation"; path: string; contentSha256: string; bytes: number; reader: { id: string; version: string; reportKind: string; emits: string[]; file?: string | undefined; sha256?: string | undefined; }; ... 9 more ...; loopId?: string | undefined; } | ... 12 more ... | { ...; }'.
  Property 'values' does not exist on type '{ type: "refusal"; path: string; reason: string; id: string; runId: string; siteId: string; seq: number; at: string; writer: "shell" | "judge" | "executor" | "person"; generation?: number | undefined; loopId?: string | undefined; }'.
scripts/live-check-pipeline.ts(134,67): error TS7006: Parameter 'value' implicitly has an 'any' type.
scripts/live-check-pipeline.ts(137,56): error TS2339: Property 'ruleId' does not exist on type '{ type: "observation"; path: string; contentSha256: string; bytes: number; reader: { id: string; version: string; reportKind: string; emits: string[]; file?: string | undefined; sha256?: string | undefined; }; ... 9 more ...; loopId?: string | undefined; } | ... 12 more ... | { ...; }'.
  Property 'ruleId' does not exist on type '{ type: "observation"; path: string; contentSha256: string; bytes: number; reader: { id: string; version: string; reportKind: string; emits: string[]; file?: string | undefined; sha256?: string | undefined; }; ... 9 more ...; loopId?: string | undefined; }'.
scripts/live-check-pipeline.ts(137,86): error TS2339: Property 'ruleVersion' does not exist on type '{ type: "observation"; path: string; contentSha256: string; bytes: number; reader: { id: string; version: string; reportKind: string; emits: string[]; file?: string | undefined; sha256?: string | undefined; }; ... 9 more ...; loopId?: string | undefined; } | ... 12 more ... | { ...; }'.
  Property 'ruleVersion' does not exist on type '{ type: "observation"; path: string; contentSha256: string; bytes: number; reader: { id: string; version: string; reportKind: string; emits: string[]; file?: string | undefined; sha256?: string | undefined; }; ... 9 more ...; loopId?: string | undefined; }'.
scripts/live-check-pipeline.ts(138,50): error TS2339: Property 'ruleId' does not exist on type '{ type: "observation"; path: string; contentSha256: string; bytes: number; reader: { id: string; version: string; reportKind: string; emits: string[]; file?: string | undefined; sha256?: string | undefined; }; ... 9 more ...; loopId?: string | undefined; } | ... 12 more ... | { ...; }'.
  Property 'ruleId' does not exist on type '{ type: "observation"; path: string; contentSha256: string; bytes: number; reader: { id: string; version: string; reportKind: string; emits: string[]; file?: string | undefined; sha256?: string | undefined; }; ... 9 more ...; loopId?: string | undefined; }'.
scripts/live-check-pipeline.ts(138,74): error TS2339: Property 'ruleVersion' does not exist on type '{ type: "observation"; path: string; contentSha256: string; bytes: number; reader: { id: string; version: string; reportKind: string; emits: string[]; file?: string | undefined; sha256?: string | undefined; }; ... 9 more ...; loopId?: string | undefined; } | ... 12 more ... | { ...; }'.
  Property 'ruleVersion' does not exist on type '{ type: "observation"; path: string; contentSha256: string; bytes: number; reader: { id: string; version: string; reportKind: string; emits: string[]; file?: string | undefined; sha256?: string | undefined; }; ... 9 more ...; loopId?: string | undefined; }'.
scripts/live-check-pipeline.ts(140,24): error TS2339: Property 'outcome' does not exist on type '{ type: "observation"; path: string; contentSha256: string; bytes: number; reader: { id: string; version: string; reportKind: string; emits: string[]; file?: string | undefined; sha256?: string | undefined; }; ... 9 more ...; loopId?: string | undefined; } | ... 12 more ... | { ...; }'.
  Property 'outcome' does not exist on type '{ type: "observation"; path: string; contentSha256: string; bytes: number; reader: { id: string; version: string; reportKind: string; emits: string[]; file?: string | undefined; sha256?: string | undefined; }; ... 9 more ...; loopId?: string | undefined; }'.
scripts/live-check-pipeline.ts(140,59): error TS2339: Property 'outcome' does not exist on type '{ type: "observation"; path: string; contentSha256: string; bytes: number; reader: { id: string; version: string; reportKind: string; emits: string[]; file?: string | undefined; sha256?: string | undefined; }; ... 9 more ...; loopId?: string | undefined; } | ... 12 more ... | { ...; }'.
  Property 'outcome' does not exist on type '{ type: "observation"; path: string; contentSha256: string; bytes: number; reader: { id: string; version: string; reportKind: string; emits: string[]; file?: string | undefined; sha256?: string | undefined; }; ... 9 more ...; loopId?: string | undefined; }'.
scripts/live-check-pipeline.ts(140,93): error TS2339: Property 'boundParameters' does not exist on type '{ type: "observation"; path: string; contentSha256: string; bytes: number; reader: { id: string; version: string; reportKind: string; emits: string[]; file?: string | undefined; sha256?: string | undefined; }; ... 9 more ...; loopId?: string | undefined; } | ... 12 more ... | { ...; }'.
  Property 'boundParameters' does not exist on type '{ type: "observation"; path: string; contentSha256: string; bytes: number; reader: { id: string; version: string; reportKind: string; emits: string[]; file?: string | undefined; sha256?: string | undefined; }; ... 9 more ...; loopId?: string | undefined; }'.
scripts/live-check-pipeline.ts(141,26): error TS2339: Property 'cites' does not exist on type '{ type: "observation"; path: string; contentSha256: string; bytes: number; reader: { id: string; version: string; reportKind: string; emits: string[]; file?: string | undefined; sha256?: string | undefined; }; ... 9 more ...; loopId?: string | undefined; } | ... 12 more ... | { ...; }'.
  Property 'cites' does not exist on type '{ type: "observation"; path: string; contentSha256: string; bytes: number; reader: { id: string; version: string; reportKind: string; emits: string[]; file?: string | undefined; sha256?: string | undefined; }; ... 9 more ...; loopId?: string | undefined; }'.
scripts/live-check-pipeline.ts(141,73): error TS2339: Property 'cites' does not exist on type '{ type: "observation"; path: string; contentSha256: string; bytes: number; reader: { id: string; version: string; reportKind: string; emits: string[]; file?: string | undefined; sha256?: string | undefined; }; ... 9 more ...; loopId?: string | undefined; } | ... 12 more ... | { ...; }'.
  Property 'cites' does not exist on type '{ type: "observation"; path: string; contentSha256: string; bytes: number; reader: { id: string; version: string; reportKind: string; emits: string[]; file?: string | undefined; sha256?: string | undefined; }; ... 9 more ...; loopId?: string | undefined; }'.
[ELIFECYCLE] Command failed with exit code 2.
