$ node scripts/run-contract-tests.mjs local --files test/contract/substitute.test.ts test/contract/input-admission.host.test.ts test/contract/start-form.test.ts
local: 3 selected; 32 unselected in local; other groups not run (not passes)
TAP version 13
# Subtest: command and tool inputs reject duplicate names and numeric spellings that change value
ok 1 - command and tool inputs reject duplicate names and numeric spellings that change value
  ---
  duration_ms: 6423.906709
  type: 'test'
  ...
# Subtest: a make expansion bound by a node is refused before any Job or escaping file exists
ok 2 - a make expansion bound by a node is refused before any Job or escaping file exists
  ---
  duration_ms: 1545.461042
  type: 'test'
  ...
# Subtest: reader and tool paths preserve spaces while dynamic Site bindings cannot launch either wrapper
ok 3 - reader and tool paths preserve spaces while dynamic Site bindings cannot launch either wrapper
  ---
  duration_ms: 2033.638584
  type: 'test'
  ...
# Subtest: a chooser candidate outside Strategy bounds cannot start a second generation or change the Goal
ok 4 - a chooser candidate outside Strategy bounds cannot start a second generation or change the Goal
  ---
  duration_ms: 1717.386625
  type: 'test'
  ...
# Subtest: the command and model tool both bind a newly declared relative Goal by its own name
ok 5 - the command and model tool both bind a newly declared relative Goal by its own name
  ---
  duration_ms: 3657.0355
  type: 'test'
  ...
# Subtest: an empty home explains Pack and Site preparation without creating a Run or contacting a Site
ok 6 - an empty home explains Pack and Site preparation without creating a Run or contacting a Site
  ---
  duration_ms: 7880.873792
  type: 'test'
  ...
# Subtest: Pack/Site declarations are checked before start; mismatch and configuration diagnostics remain actionable and fenced
ok 7 - Pack/Site declarations are checked before start; mismatch and configuration diagnostics remain actionable and fenced
  ---
  duration_ms: 12317.66725
  type: 'test'
  ...
# Subtest: a stale fit never authorizes a start, mismatched rules are escaped, and repaired inputs can start normally
ok 8 - a stale fit never authorizes a start, mismatched rules are escaped, and repaired inputs can start normally
  ---
  duration_ms: 17255.377042
  type: 'test'
  ...
# Subtest: a declared relative Goal is rendered and revalidated before any Run exists
ok 9 - a declared relative Goal is rendered and revalidated before any Run exists
  ---
  duration_ms: 12337.110292
  type: 'test'
  ...
# Subtest: a placeholder naming a property the values map only inherits is one nothing bound, and substitution throws saying so
ok 10 - a placeholder naming a property the values map only inherits is one nothing bound, and substitution throws saying so
  ---
  duration_ms: 2.678
  type: 'test'
  ...
# Subtest: a placeholder the values map binds as its own property resolves, whatever its name
ok 11 - a placeholder the values map binds as its own property resolves, whatever its name
  ---
  duration_ms: 1.339208
  type: 'test'
  ...
# Subtest: dynamic tool operands stay literal, including make values and paths containing spaces
ok 12 - dynamic tool operands stay literal, including make values and paths containing spaces
  ---
  duration_ms: 0.643084
  type: 'test'
  ...
# Subtest: Goal and Strategy values preserve decimal meaning and enforce the same declared precision
ok 13 - Goal and Strategy values preserve decimal meaning and enforce the same declared precision
  ---
  duration_ms: 1.600084
  type: 'test'
  ...
# Subtest: output paths remain inside the Campaign and preserve legitimate spaces
ok 14 - output paths remain inside the Campaign and preserve legitimate spaces
  ---
  duration_ms: 1.215125
  type: 'test'
  ...
1..14
# tests 14
# suites 0
# pass 14
# fail 0
# cancelled 0
# skipped 0
# todo 0
# duration_ms 67010.511083
Test boot attempts: {"host-process":4,"host-in-process":5,"electron":0}; Electron launches also start their own Host
SSH subprocess attempts: 0
local command exit code: 0; elapsed: 67.092 s; pass/fail/skip counts are in the TAP summary above
