$ node scripts/run-contract-tests.mjs local --files test/contract/start-form.test.ts
local: 1 selected; 33 unselected in local; other groups not run (not passes)
TAP version 13
# Subtest: an empty home explains Pack and Site preparation without creating a Run or contacting a Site
ok 1 - an empty home explains Pack and Site preparation without creating a Run or contacting a Site
  ---
  duration_ms: 19694.655
  type: 'test'
  ...
# Subtest: Pack/Site declarations are checked before start; mismatch and configuration diagnostics remain actionable and fenced
ok 2 - Pack/Site declarations are checked before start; mismatch and configuration diagnostics remain actionable and fenced
  ---
  duration_ms: 8406.686208
  type: 'test'
  ...
# Subtest: a stale fit never authorizes a start, mismatched rules are escaped, and repaired inputs can start normally
ok 3 - a stale fit never authorizes a start, mismatched rules are escaped, and repaired inputs can start normally
  ---
  duration_ms: 12429.30125
  type: 'test'
  ...
# Subtest: a declared relative Goal is rendered and revalidated before any Run exists
not ok 4 - a declared relative Goal is rendered and revalidated before any Run exists
  ---
  duration_ms: 6486.319084
  type: 'test'
  location: '/Users/lluzi/code/hima_harness_reforge_polishing/.hima-tmp/pls-next/pls21/test/contract/start-form.test.ts:152:1'
  failureType: 'testCodeFailure'
  error: |-
    {"packs":["opene902-timing-probe","relative-goal"],"sites":["local"],"pack":"relative-goal","site":"local","preparation":{"kind":"pack","message":"Pack owner: repair Pack relative-goal files: [\n  {\n    \"code\": \"unrecognized_keys\",\n    \"keys\": [\n      \"goal\"\n    ],\n    \"path\": [],\n    \"message\": \"Unrecognized key: \\\"goal\\\"\"\n  }\n]"}}
    + actual - expected

    + undefined
    - true

  code: 'ERR_ASSERTION'
  name: 'AssertionError'
  expected: true
  operator: 'strictEqual'
  stack: |-
    TestContext.<anonymous> (file:///Users/lluzi/code/hima_harness_reforge_polishing/.hima-tmp/pls-next/pls21/test/contract/start-form.test.ts:175:12)
    process.processTicksAndRejections (node:internal/process/task_queues:104:5)
    async Test.run (node:internal/test_runner/test:1404:7)
    async Test.processPendingSubtests (node:internal/test_runner/test:969:7)
  ...
1..4
# tests 4
# suites 0
# pass 3
# fail 1
# cancelled 0
# skipped 0
# todo 0
# duration_ms 47658.714542
Test boot attempts: {"host-process":4,"host-in-process":0,"electron":0}; Electron launches also start their own Host
SSH subprocess attempts: 0
local command exit code: 1; elapsed: 47.762 s; pass/fail/skip counts are in the TAP summary above
[ELIFECYCLE] Command failed with exit code 1.
