$ node scripts/run-contract-tests.mjs local --files test/contract/substitute.test.ts test/contract/start-form.test.ts
local: 2 selected; 32 unselected in local; other groups not run (not passes)
TAP version 13
# Subtest: an empty home explains Pack and Site preparation without creating a Run or contacting a Site
ok 1 - an empty home explains Pack and Site preparation without creating a Run or contacting a Site
  ---
  duration_ms: 9915.959166
  type: 'test'
  ...
# Subtest: Pack/Site declarations are checked before start; mismatch and configuration diagnostics remain actionable and fenced
ok 2 - Pack/Site declarations are checked before start; mismatch and configuration diagnostics remain actionable and fenced
  ---
  duration_ms: 6744.659709
  type: 'test'
  ...
# Subtest: a stale fit never authorizes a start, mismatched rules are escaped, and repaired inputs can start normally
ok 3 - a stale fit never authorizes a start, mismatched rules are escaped, and repaired inputs can start normally
  ---
  duration_ms: 9752.125625
  type: 'test'
  ...
# Subtest: a declared relative Goal is rendered and revalidated before any Run exists
not ok 4 - a declared relative Goal is rendered and revalidated before any Run exists
  ---
  duration_ms: 5744.402291
  type: 'test'
  location: '/Users/lluzi/code/hima_harness_reforge_polishing/.hima-tmp/pls-next/pls21/test/contract/start-form.test.ts:152:1'
  failureType: 'testCodeFailure'
  error: |-
    {"packs":["opene902-timing-probe","relative-goal"],"sites":["local"],"pack":"relative-goal","site":"local","goal":{"improvement_pct":{"type":"number","unit":"%","min":0,"max":100,"default":5,"precision":2}},"strategy":{"periodNs":{"type":"number","unit":"ns","min":0.5,"max":10,"default":2.3}},"words":{"goal":{},"strategy":{"periodNs":{"label":"clock period","unit":"ns"}}},"check":{"packId":"relative-goal","packVersion":"2","siteName":"local","stage":{"stage":"none","validated":[],"next":"intent","needs":"INTENT.md, written by /hima-grill"},"inputs":[{"name":"flowRoot","bound":"/private/tmp/hima-tests-4Pia7Y/hima-home-oQ6sb8/standin-flow"},{"name":"design","bound":"opene902"},{"name":"workspaceRoot","bound":"/private/tmp/hima-tests-4Pia7Y/hima-home-oQ6sb8/workspace"}],"tools":[{"id":"synth","file":"tools/synth.sh","wrapper":"make"}],"workshops":[],"rules":[{"ref":"setup-wns-all-nonnegative","resolved":"setup-wns-all-nonnegative@1","origin":"bundle"},{"ref":"clock-period-at-most","resolved":"clock-period-at-most@1","origin":"bundle"}],"readers":[{"id":"dc-qor-report","output":"qorReport","resolved":"dc-qor-report@1","origin":"bundle"}],"semantics":{"file":"/private/tmp/hima-tests-4Pia7Y/hima-home-oQ6sb8/hima/packs/relative-goal/semantics.yml","pack":[],"fromBundle":8},"choosers":[{"ref":"over-constraining-push","node":"next-period","resolved":"over-constraining-push@1","origin":"pack"}],"knowledge":[],"licences":[{"name":"Design-Compiler","tool":"synth","holder":"tool","held":1,"declared":1}],"errors":["words: Goal parameter \"improvement_pct\" must have a label and unit \"%\" matching its declaration","words: declares \"target_period_ns\", which this pack neither takes from its goal nor sets as a strategy knob; it uses \"improvement_pct\", \"periodNs\""],"fit":false}}

    false !== true

  code: 'ERR_ASSERTION'
  name: 'AssertionError'
  expected: true
  actual: false
  operator: 'strictEqual'
  stack: |-
    TestContext.<anonymous> (file:///Users/lluzi/code/hima_harness_reforge_polishing/.hima-tmp/pls-next/pls21/test/contract/start-form.test.ts:177:12)
    process.processTicksAndRejections (node:internal/process/task_queues:104:5)
    async Test.run (node:internal/test_runner/test:1404:7)
    async Test.processPendingSubtests (node:internal/test_runner/test:969:7)
  ...
# Subtest: a placeholder naming a property the values map only inherits is one nothing bound, and substitution throws saying so
ok 5 - a placeholder naming a property the values map only inherits is one nothing bound, and substitution throws saying so
  ---
  duration_ms: 1.463917
  type: 'test'
  ...
# Subtest: a placeholder the values map binds as its own property resolves, whatever its name
ok 6 - a placeholder the values map binds as its own property resolves, whatever its name
  ---
  duration_ms: 1.200542
  type: 'test'
  ...
# Subtest: dynamic tool operands stay literal, including make values and paths containing spaces
ok 7 - dynamic tool operands stay literal, including make values and paths containing spaces
  ---
  duration_ms: 0.759
  type: 'test'
  ...
# Subtest: Goal and Strategy values preserve decimal meaning and enforce the same declared precision
ok 8 - Goal and Strategy values preserve decimal meaning and enforce the same declared precision
  ---
  duration_ms: 2.349875
  type: 'test'
  ...
1..8
# tests 8
# suites 0
# pass 7
# fail 1
# cancelled 0
# skipped 0
# todo 0
# duration_ms 33092.756583
Test boot attempts: {"host-process":4,"host-in-process":0,"electron":0}; Electron launches also start their own Host
SSH subprocess attempts: 0
local command exit code: 1; elapsed: 33.216 s; pass/fail/skip counts are in the TAP summary above
[ELIFECYCLE] Command failed with exit code 1.
