$ node scripts/run-contract-tests.mjs local --files test/contract/input-admission.host.test.ts test/contract/pack-readers.host.test.ts test/contract/workshop.host.test.ts
local: 3 selected; 32 unselected in local; other groups not run (not passes)
TAP version 13
# Subtest: command and tool inputs reject duplicate names and numeric spellings that change value
ok 1 - command and tool inputs reject duplicate names and numeric spellings that change value
  ---
  duration_ms: 7917.417375
  type: 'test'
  ...
# Subtest: a make expansion bound by a node is refused before any Job or escaping file exists
ok 2 - a make expansion bound by a node is refused before any Job or escaping file exists
  ---
  duration_ms: 1909.270583
  type: 'test'
  ...
# Subtest: reader and tool paths preserve spaces while dynamic Site bindings cannot launch either wrapper
ok 3 - reader and tool paths preserve spaces while dynamic Site bindings cannot launch either wrapper
  ---
  duration_ms: 1850.421417
  type: 'test'
  ...
# Subtest: a site whose permit will not run the wrapper a reader declares is unfit before a campaign exists, and the check names the wrapper and what the site does allow
ok 4 - a site whose permit will not run the wrapper a reader declares is unfit before a campaign exists, and the check names the wrapper and what the site does allow
  ---
  duration_ms: 2072.342666
  type: 'test'
  ...
# pack pack-reader-unpermitted@2 on site local: unfit — 1 error; 3 of 3 inputs bound, 2 tools, 3 rules, 2 readers, 0 choosers, 1 licence
# stage: none; next: intent — INTENT.md, written by /hima-grill
# inputs:
#   flowRoot = /private/tmp/hima-tests-aiXAUa/hima-home-HcqTEI/standin-flow
#   design = opene902
#   workspaceRoot = /private/tmp/hima-tests-aiXAUa/hima-home-HcqTEI/workspace
# tools:
#   synth (tools/synth.sh): "make" is an allowed wrapper of site local
#   mine (tools/mine.sh): "make" is an allowed wrapper of site local
# rules:
#   candidates-at-least@1: found in the pack
#   setup-wns-all-nonnegative@1: found in the bundle
#   clock-period-at-most@1: found in the bundle
# readers:
#   dc-qor-report@1 reads qorReport: found in the bundle
#   count-candidates@1 reads candidates: found in the pack, and reader "count-candidates", named by output "candidates", runs its script with "sh" is not an allowed wrapper of site local (allowed: make)
# semantics:
#   candidate_count: declared by this pack in /private/tmp/hima-tests-aiXAUa/hima-home-HcqTEI/hima/packs/pack-reader-unpermitted/semantics.yml
#   candidate_slack: declared by this pack in /private/tmp/hima-tests-aiXAUa/hima-home-HcqTEI/hima/packs/pack-reader-unpermitted/semantics.yml
#   8 value types come from the bundle
# licences:
#   synth holds 1 of "Design-Compiler": site local declares 1
# errors:
#   - reader "count-candidates", named by output "candidates", runs its script with "sh" is not an allowed wrapper of site local (allowed: make)
# Subtest: `/hima status` names the reader of the run's latest reading, in the words both card mounts say it in
ok 5 - `/hima status` names the reader of the run's latest reading, in the words both card mounts say it in
  ---
  duration_ms: 1813.382
  type: 'test'
  ...
# run run-faaec863-4e3d-452f-b3f2-eec2779732b1 of campaign pack-reader-said-20260912-161005-a38c on site local: ended-goal-not-met, generation 1 of at most 1
#   workspace: /private/tmp/hima-tests-aiXAUa/hima-home-GeRl9R/workspace/pack-reader-said-20260912-161005-a38c
#   goal: target_period_ns=2
#   strategy: clock period 2 ns
#   budget: time box 60 min, retry allowance 3, at most 1 generation, job cap 1, licences Design-Compiler 1
#   current node: judge
#   meters:
#     elapsed 1.2 s of a time box of 60.0 min
#     generation 1 of at most 1, 1.0 s
#     2 jobs launched, at most 1 job at a time
#     judge: attempt 1 of a retry allowance of 3, and 3 attempts in the campaign so far
#     Design-Compiler 0 seats of 1 declared
#   nodes:
#     mine (act): done, attempt 1, session hima-faaec863-mine-678819
#     read-candidates (act): done, attempt 1, session hima-faaec863-reader-count-candidates-10905c
#     judge (judge): done, attempt 1, PASS
#   latest reading: /private/tmp/hima-tests-aiXAUa/hima-home-GeRl9R/workspace/pack-reader-said-20260912-161005-a38c/flow/results/opene902/mine-timing/candidates.json, read by count-candidates@1 · pack script tools/count-candidates.sh sha256 9a8317b47b02
#   experience: written at 2026-09-12T16:10:06.488Z
#     markdown: /private/tmp/hima-tests-aiXAUa/hima-home-GeRl9R/workspace/pack-reader-said-20260912-161005-a38c/hima-experience/run-faaec863-4e3d-452f-b3f2-eec2779732b1.md · sha256 ba2eb94a92109e4dfeb235a61efd8e8fefa2dc197e44bd805e29d9ae0c62bedb · 3358 bytes
#     json: /private/tmp/hima-tests-aiXAUa/hima-home-GeRl9R/workspace/pack-reader-said-20260912-161005-a38c/hima-experience/run-faaec863-4e3d-452f-b3f2-eec2779732b1.json · sha256 c8563a85bcd6a0fad357bf5629b53146d49afd53fd90a4943824b15146035c48 · 10121 bytes
# Subtest: in process over the same home: a write that landed and verified but that the ledger would not record is named in the tool's answer, in the host log and in the node the run blocks at
ok 6 - in process over the same home: a write that landed and verified but that the ledger would not record is named in the tool's answer, in the host log and in the node the run blocks at
  ---
  duration_ms: 2534.138125
  type: 'test'
  ...
# Subtest: in process over the same home: a host log that throws where the landed byte is reported stops neither the tool's answer nor the fault the node blocks on
ok 7 - in process over the same home: a host log that throws where the landed byte is reported stops neither the tool's answer nor the fault the node blocks on
  ---
  duration_ms: 1742.941666
  type: 'test'
  ...
# Subtest: a workshop declaration this harness will not run is refused before a campaign exists, naming the field
ok 8 - a workshop declaration this harness will not run is refused before a campaign exists, naming the field
  ---
  duration_ms: 1716.942083
  type: 'test'
  ...
# Subtest: at the ledger object: a job whose launch record names its attempt is that attempt, whether or not a node record ever named its session
ok 9 - at the ledger object: a job whose launch record names its attempt is that attempt, whether or not a node record ever named its session
  ---
  duration_ms: 2051.306084
  type: 'test'
  ...
# Subtest: in process over the same home: the moment of a retry is given the reason the attempt before it failed and the tail of that attempt's log
ok 10 - in process over the same home: the moment of a retry is given the reason the attempt before it failed and the tail of that attempt's log
  ---
  duration_ms: 2582.502083
  type: 'test'
  ...
# run run-808c6f4b-2240-40aa-b265-aa30107854c9 of campaign workshop-probe-20260912-161015-30d0 on site local: waiting, generation 1 of at most 1
#   workspace: /private/tmp/hima-tests-aiXAUa/hima-home-RGueiS/workspace/workshop-probe-20260912-161015-30d0
#   goal: target_period_ns=2
#   strategy: clock period 2 ns
#   budget: time box 10 min, retry allowance 3, at most 1 generation, job cap 1, licences Design-Compiler 1
#   current node: blocked
#   meters:
#     elapsed 2.0 s of a time box of 10.0 min
#     generation 1 of at most 1, 1.8 s
#     4 jobs launched, at most 1 job at a time
#     mine: attempt 3 of a retry allowance of 3, and 5 attempts in the campaign so far
#     Design-Compiler 0 seats of 1 declared, held for 596 ms
#   nodes:
#     synthesize (act): done, attempt 1, session hima-808c6f4b-synthesize-fcef27 holding Design-Compiler 1
#     mine (act): blocked, attempt 3, session hima-808c6f4b-workshop-mine-a3a900, job "mine" in tmux session hima-808c6f4b-workshop-mine-a3a900 exited 3; node mine has now failed 3 times and spent its retry allowance of 3
#     blocked (wait): blocked, attempt 1, this pack routes a hard-blocker here; the Run waits for a person to clear it
#   workshop mine: blocked · 1 file
#   blocker: mine after 3 attempts, last exit 3, 1 line of log on record run-808c6f4b-2240-40aa-b265-aa30107854c9\#000029: job "mine" in tmux session hima-808c6f4b-workshop-mine-a3a900 exited 3; node mine has now failed 3 times and spent its retry allowance of 3
1..10
# tests 10
# suites 0
# pass 10
# fail 0
# cancelled 0
# skipped 0
# todo 0
# duration_ms 27909.726709
Test boot attempts: {"host-process":0,"host-in-process":10,"electron":0}; Electron launches also start their own Host
SSH subprocess attempts: 0
local command exit code: 0; elapsed: 28.000 s; pass/fail/skip counts are in the TAP summary above
