$ node scripts/run-contract-tests.mjs local --files test/contract/start-form.test.ts
local: 1 selected; 34 unselected in local; other groups not run (not passes)
TAP version 13
# Subtest: an empty home explains Pack and Site preparation without creating a Run or contacting a Site
ok 1 - an empty home explains Pack and Site preparation without creating a Run or contacting a Site
  ---
  duration_ms: 9460.248042
  type: 'test'
  ...
# Subtest: Pack/Site declarations are checked before start; mismatch and configuration diagnostics remain actionable and fenced
ok 2 - Pack/Site declarations are checked before start; mismatch and configuration diagnostics remain actionable and fenced
  ---
  duration_ms: 7386.472833
  type: 'test'
  ...
# Subtest: a stale fit never authorizes a start, mismatched rules are escaped, and repaired inputs can start normally
ok 3 - a stale fit never authorizes a start, mismatched rules are escaped, and repaired inputs can start normally
  ---
  duration_ms: 11716.40775
  type: 'test'
  ...
# Subtest: a declared relative Goal is rendered and revalidated before any Run exists
not ok 4 - a declared relative Goal is rendered and revalidated before any Run exists
  ---
  duration_ms: 11450.105208
  type: 'test'
  location: '/Users/lluzi/code/hima_harness_reforge_polishing/.hima-tmp/pls-next/pls21/test/contract/start-form.test.ts:152:1'
  failureType: 'testCodeFailure'
  error: |-
    {"run":{"id":"run-a4261acc-1edf-48f9-b44d-41fcc7ef9490","campaignId":"relative-goal-20260912-160034-b6dc","siteId":"local","createdAt":"2026-09-12T16:00:34.480Z","status":"ended-budget-exhausted","packId":"relative-goal","purpose":"campaign","packVersion":"2","words":{"goal":{"improvement_pct":{"label":"relative improvement","unit":"%"}},"strategy":{"periodNs":{"label":"clock period","unit":"ns"}}},"goal":{"improvement_pct":2},"budget":{"timeBoxMs":3600000,"retryAllowance":3,"jobCap":1,"licences":{"Design-Compiler":1},"generationLimit":1},"currentNode":"next-period","strategy":{"periodNs":2.3},"generation":1,"meters":{"elapsedMs":3772,"jobsLaunched":1,"attempts":4,"licenceMs":{"Design-Compiler":3217},"generationMs":[3585],"endedBy":"generation-limit"}},"workspace":{"design":"opene902","flowRoot":"/private/tmp/hima-tests-NWWthQ/hima-home-FSmuGe/standin-flow","containerName":"hima-relative-goal-20260912-160034-b6dc"},"observations":[{"recordId":"run-a4261acc-1edf-48f9-b44d-41fcc7ef9490#000007","at":"2026-09-12T16:00:38.062Z","path":"/private/tmp/hima-tests-NWWthQ/hima-home-FSmuGe/workspace/relative-goal-20260912-160034-b6dc/flow/results/opene902/syn/report/qor.rpt","contentSha256":"f78c9ccb20c92816bd8d57228d379bbec65299f8bc89e74dd5b28fa6dd71a703","bytes":476,"reader":{"id":"dc-qor-report","version":"1","reportKind":"dc-qor-report","emits":["setup_wns","setup_tns","clock_period","hold_wns","cell_area"]},"values":[{"type":"setup_wns","value":0,"unit":"ns","mode":"setup","scope":"all","group":"core_clk"},{"type":"clock_period","value":2.3,"unit":"ns","group":"core_clk"},{"type":"setup_tns","value":0,"unit":"ns","mode":"setup","scope":"all"},{"type":"hold_wns","value":0,"unit":"ns","mode":"hold","scope":"all","group":"core_clk"},{"type":"cell_area","value":10475.516309,"unit":"um2"}]}],"refusals":[],"verdicts":[{"recordId":"run-a4261acc-1edf-48f9-b44d-41fcc7ef9490#000010","at":"2026-09-12T16:00:38.137Z","outcome":"PASS","ruleId":"setup-wns-all-nonnegative","ruleVersion":"1","valuesAsRead":[{"type":"setup_wns","value":0,"unit":"ns","mode":"setup","scope":"all","group":"core_clk"}],"cites":[{"recordId":"run-a4261acc-1edf-48f9-b44d-41fcc7ef9490#000007","observation":{"recordId":"run-a4261acc-1edf-48f9-b44d-41fcc7ef9490#000007","at":"2026-09-12T16:00:38.062Z","path":"/private/tmp/hima-tests-NWWthQ/hima-home-FSmuGe/workspace/relative-goal-20260912-160034-b6dc/flow/results/opene902/syn/report/qor.rpt","contentSha256":"f78c9ccb20c92816bd8d57228d379bbec65299f8bc89e74dd5b28fa6dd71a703","bytes":476,"reader":{"id":"dc-qor-report","version":"1","reportKind":"dc-qor-report","emits":["setup_wns","setup_tns","clock_period","hold_wns","cell_area"]},"values":[{"type":"setup_wns","value":0,"unit":"ns","mode":"setup","scope":"all","group":"core_clk"},{"type":"clock_period","value":2.3,"unit":"ns","group":"core_clk"},{"type":"setup_tns","value":0,"unit":"ns","mode":"setup","scope":"all"},{"type":"hold_wns","value":0,"unit":"ns","mode":"hold","scope":"all","group":"core_clk"},{"type":"cell_area","value":10475.516309,"unit":"um2"}]}}]},{"recordId":"run-a4261acc-1edf-48f9-b44d-41fcc7ef9490#000011","at":"2026-09-12T16:00:38.154Z","outcome":"UNDETERMINED","ruleId":"clock-period-at-most","ruleVersion":"1","valuesAsRead":[{"type":"clock_period","value":2.3,"unit":"ns","group":"core_clk"}],"cites":[{"recordId":"run-a4261acc-1edf-48f9-b44d-41fcc7ef9490#000007","observation":{"recordId":"run-a4261acc-1edf-48f9-b44d-41fcc7ef9490#000007","at":"2026-09-12T16:00:38.062Z","path":"/private/tmp/hima-tests-NWWthQ/hima-home-FSmuGe/workspace/relative-goal-20260912-160034-b6dc/flow/results/opene902/syn/report/qor.rpt","contentSha256":"f78c9ccb20c92816bd8d57228d379bbec65299f8bc89e74dd5b28fa6dd71a703","bytes":476,"reader":{"id":"dc-qor-report","version":"1","reportKind":"dc-qor-report","emits":["setup_wns","setup_tns","clock_period","hold_wns","cell_area"]},"values":[{"type":"setup_wns","value":0,"unit":"ns","mode":"setup","scope":"all","group":"core_clk"},{"type":"clock_period","value":2.3,"unit":"ns","group":"core_clk"},{"type":"setup_tns","value":0,"unit":"ns","mode":"setup","scope":"all"},{"type":"hold_wns","value":0,"unit":"ns","mode":"hold","scope":"all","group":"core_clk"},{"type":"cell_area","value":10475.516309,"unit":"um2"}]}}],"reason":"rule clock-period-at-most requires parameter \"target_period_ns\" to be bound, e.g. --param target_period_ns=<value>"}],"nodes":[{"recordId":"run-a4261acc-1edf-48f9-b44d-41fcc7ef9490#000005","at":"2026-09-12T16:00:37.989Z","nodeId":"synthesize","kind":"act","state":"done","attempt":1,"jobSession":"hima-a4261acc-synthesize-513ea1"},{"recordId":"run-a4261acc-1edf-48f9-b44d-41fcc7ef9490#000008","at":"2026-09-12T16:00:38.081Z","nodeId":"read-qor","kind":"act","state":"done","attempt":1},{"recordId":"run-a4261acc-1edf-48f9-b44d-41fcc7ef9490#000012","at":"2026-09-12T16:00:38.170Z","nodeId":"judge","kind":"judge","state":"done","attempt":1,"outcome":"PASS"},{"recordId":"run-a4261acc-1edf-48f9-b44d-41fcc7ef9490#000015","at":"2026-09-12T16:00:38.241Z","nodeId":"next-period","kind":"explore","state":"done","attempt":1}],"generations":[{"generation":1,"strategy":{"periodNs":2.3},"nodes":[{"recordId":"run-a4261acc-1edf-48f9-b44d-41fcc7ef9490#000003","at":"2026-09-12T16:00:34.770Z","nodeId":"synthesize","kind":"act","state":"running","attempt":1,"jobSession":"hima-a4261acc-synthesize-513ea1"},{"recordId":"run-a4261acc-1edf-48f9-b44d-41fcc7ef9490#000005","at":"2026-09-12T16:00:37.989Z","nodeId":"synthesize","kind":"act","state":"done","attempt":1,"jobSession":"hima-a4261acc-synthesize-513ea1"},{"recordId":"run-a4261acc-1edf-48f9-b44d-41fcc7ef9490#000006","at":"2026-09-12T16:00:38.028Z","nodeId":"read-qor","kind":"act","state":"running","attempt":1},{"recordId":"run-a4261acc-1edf-48f9-b44d-41fcc7ef9490#000008","at":"2026-09-12T16:00:38.081Z","nodeId":"read-qor","kind":"act","state":"done","attempt":1},{"recordId":"run-a4261acc-1edf-48f9-b44d-41fcc7ef9490#000009","at":"2026-09-12T16:00:38.108Z","nodeId":"judge","kind":"judge","state":"running","attempt":1},{"recordId":"run-a4261acc-1edf-48f9-b44d-41fcc7ef9490#000012","at":"2026-09-12T16:00:38.170Z","nodeId":"judge","kind":"judge","state":"done","attempt":1,"outcome":"PASS"},{"recordId":"run-a4261acc-1edf-48f9-b44d-41fcc7ef9490#000013","at":"2026-09-12T16:00:38.194Z","nodeId":"next-period","kind":"explore","state":"running","attempt":1},{"recordId":"run-a4261acc-1edf-48f9-b44d-41fcc7ef9490#000015","at":"2026-09-12T16:00:38.241Z","nodeId":"next-period","kind":"explore","state":"done","attempt":1}],"observation":{"recordId":"run-a4261acc-1edf-48f9-b44d-41fcc7ef9490#000007","at":"2026-09-12T16:00:38.062Z","path":"/private/tmp/hima-tests-NWWthQ/hima-home-FSmuGe/workspace/relative-goal-20260912-160034-b6dc/flow/results/opene902/syn/report/qor.rpt","contentSha256":"f78c9ccb20c92816bd8d57228d379bbec65299f8bc89e74dd5b28fa6dd71a703","bytes":476,"reader":{"id":"dc-qor-report","version":"1","reportKind":"dc-qor-report","emits":["setup_wns","setup_tns","clock_period","hold_wns","cell_area"]},"values":[{"type":"setup_wns","value":0,"unit":"ns","mode":"setup","scope":"all","group":"core_clk"},{"type":"clock_period","value":2.3,"unit":"ns","group":"core_clk"},{"type":"setup_tns","value":0,"unit":"ns","mode":"setup","scope":"all"},{"type":"hold_wns","value":0,"unit":"ns","mode":"hold","scope":"all","group":"core_clk"},{"type":"cell_area","value":10475.516309,"unit":"um2"}]},"observedPeriodNs":2.3,"slackNs":0,"verdicts":[{"ruleId":"setup-wns-all-nonnegative","outcome":"PASS","recordId":"run-a4261acc-1edf-48f9-b44d-41fcc7ef9490#000010","cites":["run-a4261acc-1edf-48f9-b44d-41fcc7ef9490#000007"]},{"ruleId":"clock-period-at-most","outcome":"UNDETERMINED","recordId":"run-a4261acc-1edf-48f9-b44d-41fcc7ef9490#000011","cites":["run-a4261acc-1edf-48f9-b44d-41fcc7ef9490#000007"]}],"wallMs":3585,"state":"done","decision":"next strategy: clock period 2.25 ns","decisionRecordId":"run-a4261acc-1edf-48f9-b44d-41fcc7ef9490#000014"}],"jobs":[{"recordId":"run-a4261acc-1edf-48f9-b44d-41fcc7ef9490#000002","at":"2026-09-12T16:00:34.748Z","event":"launched","job":{"session":"hima-a4261acc-synthesize-513ea1","pid":46887,"workspace":"/private/tmp/hima-tests-NWWthQ/hima-home-FSmuGe/workspace/relative-goal-20260912-160034-b6dc","name":"synthesize","startedAt":"2026-09-12T16:00:34.702Z","wire":"'make' '-C' '/private/tmp/hima-tests-NWWthQ/hima-home-FSmuGe/workspace/relative-goal-20260912-160034-b6dc/flow' 'DESIGN=opene902' 'synth' 'CLOCK_PERIOD_NS=2.3' 'FORCE_SYNTH=1' 'EDA_CONTAINER_NAME=hima-relative-goal-20260912-160034-b6dc' > '/private/tmp/hima-tests-NWWthQ/hima-home-FSmuGe/workspace/relative-goal-20260912-160034-b6dc/hima-a4261acc-synthesize-513ea1.log' 2>&1; printf '%s\\n' \"$?\" > '/private/tmp/hima-tests-NWWthQ/hima-home-FSmuGe/workspace/relative-goal-20260912-160034-b6dc/hima-a4261acc-synthesize-513ea1.exit'"},"nodeId":"synthesize","licences":{"Design-Compiler":1}},{"recordId":"run-a4261acc-1edf-48f9-b44d-41fcc7ef9490#000004","at":"2026-09-12T16:00:37.965Z","event":"finished","job":{"session":"hima-a4261acc-synthesize-513ea1","pid":46887,"workspace":"/private/tmp/hima-tests-NWWthQ/hima-home-FSmuGe/workspace/relative-goal-20260912-160034-b6dc","name":"synthesize","startedAt":"2026-09-12T16:00:34.702Z","wire":"'make' '-C' '/private/tmp/hima-tests-NWWthQ/hima-home-FSmuGe/workspace/relative-goal-20260912-160034-b6dc/flow' 'DESIGN=opene902' 'synth' 'CLOCK_PERIOD_NS=2.3' 'FORCE_SYNTH=1' 'EDA_CONTAINER_NAME=hima-relative-goal-20260912-160034-b6dc' > '/private/tmp/hima-tests-NWWthQ/hima-home-FSmuGe/workspace/relative-goal-20260912-160034-b6dc/hima-a4261acc-synthesize-513ea1.log' 2>&1; printf '%s\\n' \"$?\" > '/private/tmp/hima-tests-NWWthQ/hima-home-FSmuGe/workspace/relative-goal-20260912-160034-b6dc/hima-a4261acc-synthesize-513ea1.exit'"},"exitCode":0,"nodeId":"synthesize"}],"blockers":[],"cancels":[],"decision":{"recordId":"run-a4261acc-1edf-48f9-b44d-41fcc7ef9490#000014","at":"2026-09-12T16:00:38.221Z","nodeId":"next-period","chooser":"over-constraining-push","chooserOrigin":"pack","chosen":{"strategy":{"periodNs":2.25}},"rationale":{"period":2.3,"slack":0,"stepNs":0.05},"cites":["run-a4261acc-1edf-48f9-b44d-41fcc7ef9490#000010","run-a4261acc-1edf-48f9-b44d-41fcc7ef9490#000011","run-a4261acc-1edf-48f9-b44d-41fcc7ef9490#000007"]},"code":[],"experience":{"recordId":"run-a4261acc-1edf-48f9-b44d-41fcc7ef9490#000016","writtenAt":"2026-09-12T16:00:38.262Z","markdown":{"path":"/private/tmp/hima-tests-NWWthQ/hima-home-FSmuGe/workspace/relative-goal-20260912-160034-b6dc/hima-experience/run-a4261acc-1edf-48f9-b44d-41fcc7ef9490.md","sha256":"8c0904fadc0b134deefe9da93b3f3258b8f38e8c00cd2f226d6bea9c9eb03678","bytes":3783},"json":{"path":"/private/tmp/hima-tests-NWWthQ/hima-home-FSmuGe/workspace/relative-goal-20260912-160034-b6dc/hima-experience/run-a4261acc-1edf-48f9-b44d-41fcc7ef9490.json","sha256":"dea40951b9a35d2ae5b7fc26604ebe239b8619c352d6f2a6cc41ad2e60d7dc66","bytes":15556}}}

    200 !== 400

  code: 'ERR_ASSERTION'
  name: 'AssertionError'
  expected: 400
  actual: 200
  operator: 'strictEqual'
  stack: |-
    TestContext.<anonymous> (file:///Users/lluzi/code/hima_harness_reforge_polishing/.hima-tmp/pls-next/pls21/test/contract/start-form.test.ts:197:14)
    process.processTicksAndRejections (node:internal/process/task_queues:104:5)
    async Test.run (node:internal/test_runner/test:1404:7)
    async Test.processPendingSubtests (node:internal/test_runner/test:969:7)
  ...
1..4
# tests 4
# suites 0
# pass 3
# fail 1
# cancelled 0
# skipped 0
# todo 0
# duration_ms 40703.96875
Test boot attempts: {"host-process":4,"host-in-process":0,"electron":0}; Electron launches also start their own Host
SSH subprocess attempts: 0
local command exit code: 1; elapsed: 40.807 s; pass/fail/skip counts are in the TAP summary above
[ELIFECYCLE] Command failed with exit code 1.
