$ node scripts/run-contract-tests.mjs local --files test/contract/substitute.test.ts
local: 1 selected; 33 unselected in local; other groups not run (not passes)
TAP version 13
# Subtest: a placeholder naming a property the values map only inherits is one nothing bound, and substitution throws saying so
ok 1 - a placeholder naming a property the values map only inherits is one nothing bound, and substitution throws saying so
  ---
  duration_ms: 1.613667
  type: 'test'
  ...
# Subtest: a placeholder the values map binds as its own property resolves, whatever its name
ok 2 - a placeholder the values map binds as its own property resolves, whatever its name
  ---
  duration_ms: 0.954625
  type: 'test'
  ...
# Subtest: dynamic tool operands stay literal, including make values and paths containing spaces
not ok 3 - dynamic tool operands stay literal, including make values and paths containing spaces
  ---
  duration_ms: 0.769875
  type: 'test'
  location: '/Users/lluzi/code/hima_harness_reforge_polishing/.hima-tmp/pls-next/pls21/test/contract/substitute.test.ts:25:1'
  failureType: 'testCodeFailure'
  error: 'Missing expected exception.'
  code: 'ERR_ASSERTION'
  name: 'AssertionError'
  expected:
  operator: 'throws'
  stack: |-
    TestContext.<anonymous> (file:///Users/lluzi/code/hima_harness_reforge_polishing/.hima-tmp/pls-next/pls21/test/contract/substitute.test.ts:27:12)
    Test.runInAsyncScope (node:async_hooks:227:14)
    Test.run (node:internal/test_runner/test:1397:25)
    Test.processPendingSubtests (node:internal/test_runner/test:969:18)
    Test.postRun (node:internal/test_runner/test:1537:19)
    Test.run (node:internal/test_runner/test:1462:12)
    async Test.processPendingSubtests (node:internal/test_runner/test:969:7)
  ...
1..3
# tests 3
# suites 0
# pass 2
# fail 1
# cancelled 0
# skipped 0
# todo 0
# duration_ms 514.918959
Test boot attempts: {"host-process":0,"host-in-process":0,"electron":0}; Electron launches also start their own Host
SSH subprocess attempts: 0
local command exit code: 1; elapsed: 0.682 s; pass/fail/skip counts are in the TAP summary above
[ELIFECYCLE] Command failed with exit code 1.
