$ node scripts/run-contract-tests.mjs local --files test/contract/substitute.test.ts
local: 1 selected; 33 unselected in local; other groups not run (not passes)
TAP version 13
# Subtest: a placeholder naming a property the values map only inherits is one nothing bound, and substitution throws saying so
ok 1 - a placeholder naming a property the values map only inherits is one nothing bound, and substitution throws saying so
  ---
  duration_ms: 5.32225
  type: 'test'
  ...
# Subtest: a placeholder the values map binds as its own property resolves, whatever its name
ok 2 - a placeholder the values map binds as its own property resolves, whatever its name
  ---
  duration_ms: 1.4505
  type: 'test'
  ...
# Subtest: dynamic tool operands stay literal, including make values and paths containing spaces
ok 3 - dynamic tool operands stay literal, including make values and paths containing spaces
  ---
  duration_ms: 0.453291
  type: 'test'
  ...
1..3
# tests 3
# suites 0
# pass 3
# fail 0
# cancelled 0
# skipped 0
# todo 0
# duration_ms 488.646958
Test boot attempts: {"host-process":0,"host-in-process":0,"electron":0}; Electron launches also start their own Host
SSH subprocess attempts: 0
local command exit code: 0; elapsed: 0.564 s; pass/fail/skip counts are in the TAP summary above
