$ node scripts/run-contract-tests.mjs local --files test/contract/substitute.test.ts test/contract/input-admission.host.test.ts
local: 2 selected; 33 unselected in local; other groups not run (not passes)
TAP version 13
# Subtest: command and tool inputs reject duplicate names and numeric spellings that change value
ok 1 - command and tool inputs reject duplicate names and numeric spellings that change value
  ---
  duration_ms: 3845.12325
  type: 'test'
  ...
# Subtest: a make expansion bound by a node is refused before any Job or escaping file exists
ok 2 - a make expansion bound by a node is refused before any Job or escaping file exists
  ---
  duration_ms: 1444.557833
  type: 'test'
  ...
# Subtest: a placeholder naming a property the values map only inherits is one nothing bound, and substitution throws saying so
ok 3 - a placeholder naming a property the values map only inherits is one nothing bound, and substitution throws saying so
  ---
  duration_ms: 5.312958
  type: 'test'
  ...
# Subtest: a placeholder the values map binds as its own property resolves, whatever its name
ok 4 - a placeholder the values map binds as its own property resolves, whatever its name
  ---
  duration_ms: 0.89975
  type: 'test'
  ...
# Subtest: dynamic tool operands stay literal, including make values and paths containing spaces
ok 5 - dynamic tool operands stay literal, including make values and paths containing spaces
  ---
  duration_ms: 0.490917
  type: 'test'
  ...
# Subtest: Goal and Strategy values preserve decimal meaning and enforce the same declared precision
ok 6 - Goal and Strategy values preserve decimal meaning and enforce the same declared precision
  ---
  duration_ms: 3.191666
  type: 'test'
  ...
# Subtest: output paths remain inside the Campaign and preserve legitimate spaces
not ok 7 - output paths remain inside the Campaign and preserve legitimate spaces
  ---
  duration_ms: 0.971666
  type: 'test'
  location: '/Users/lluzi/code/hima_harness_reforge_polishing/.hima-tmp/pls-next/pls21/test/contract/substitute.test.ts:47:1'
  failureType: 'testCodeFailure'
  error: 'Missing expected exception.'
  code: 'ERR_ASSERTION'
  name: 'AssertionError'
  expected:
  operator: 'throws'
  stack: |-
    TestContext.<anonymous> (file:///Users/lluzi/code/hima_harness_reforge_polishing/.hima-tmp/pls-next/pls21/test/contract/substitute.test.ts:51:10)
    async Test.run (node:internal/test_runner/test:1404:7)
    async Test.processPendingSubtests (node:internal/test_runner/test:969:7)
  ...
1..7
# tests 7
# suites 0
# pass 6
# fail 1
# cancelled 0
# skipped 0
# todo 0
# duration_ms 6623.428333
Test boot attempts: {"host-process":0,"host-in-process":2,"electron":0}; Electron launches also start their own Host
SSH subprocess attempts: 0
local command exit code: 1; elapsed: 6.737 s; pass/fail/skip counts are in the TAP summary above
[ELIFECYCLE] Command failed with exit code 1.
