$ node scripts/run-contract-tests.mjs local --files test/contract/agent-execution.host.test.ts
local: 1 selected; 45 unselected in local; other groups not run (not passes)
TAP version 13
# Subtest: a conversational owner prepares a Run without executing its first business node
ok 1 - a conversational owner prepares a Run without executing its first business node
  ---
  duration_ms: 2981.087209
  type: 'test'
  ...
# Subtest: the same Agent launches one node, pauses during its Job, validates completion and explicitly chooses the next node
ok 2 - the same Agent launches one node, pauses during its Job, validates completion and explicitly chooses the next node
  ---
  duration_ms: 4173.215291
  type: 'test'
  ...
# Subtest: pause and an explicit handoff fence old owners without changing Goal or budget
ok 3 - pause and an explicit handoff fence old owners without changing Goal or budget
  ---
  duration_ms: 934.766708
  type: 'test'
  ...
# Subtest: node admission is owned, versioned and idempotent before any Job exists
ok 4 - node admission is owned, versioned and idempotent before any Job exists
  ---
  duration_ms: 902.409084
  type: 'test'
  ...
# Subtest: an owned Run refuses separate model moments while waiting, cancelled or budget-ended before opening any session
ok 5 - an owned Run refuses separate model moments while waiting, cancelled or budget-ended before opening any session
  ---
  duration_ms: 850.011
  type: 'test'
  ...
# Subtest: a delayed actual Site probe that crosses the Campaign deadline dispatches no Job and leaves no phantom Site reservation
not ok 6 - a delayed actual Site probe that crosses the Campaign deadline dispatches no Job and leaves no phantom Site reservation
  ---
  duration_ms: 3509.865083
  type: 'test'
  location: '/Users/lluzi/code/hima_harness_reforge_polishing/.hima-tmp/pls-next/pls19-review-fixes/test/contract/agent-execution.host.test.ts:174:71'
  failureType: 'testCodeFailure'
  error: |-
    even a tmux new-session dispatch after the deadline is forbidden
    
    true !== false
    
  code: 'ERR_ASSERTION'
  name: 'AssertionError'
  expected: false
  actual: true
  operator: 'strictEqual'
  stack: |-
    TestContext.<anonymous> (file:///Users/lluzi/code/hima_harness_reforge_polishing/.hima-tmp/pls-next/pls19-review-fixes/test/contract/agent-execution.host.test.ts:239:12)
    async Test.run (node:internal/test_runner/test:1404:7)
    async Test.processPendingSubtests (node:internal/test_runner/test:969:7)
  ...
# Subtest: a delayed actual intent persistence that crosses the Campaign deadline dispatches no Job and leaves no phantom Site reservation
not ok 7 - a delayed actual intent persistence that crosses the Campaign deadline dispatches no Job and leaves no phantom Site reservation
  ---
  duration_ms: 3400.6875
  type: 'test'
  location: '/Users/lluzi/code/hima_harness_reforge_polishing/.hima-tmp/pls-next/pls19-review-fixes/test/contract/agent-execution.host.test.ts:174:71'
  failureType: 'testCodeFailure'
  error: |-
    even a tmux new-session dispatch after the deadline is forbidden
    
    true !== false
    
  code: 'ERR_ASSERTION'
  name: 'AssertionError'
  expected: false
  actual: true
  operator: 'strictEqual'
  stack: |-
    TestContext.<anonymous> (file:///Users/lluzi/code/hima_harness_reforge_polishing/.hima-tmp/pls-next/pls19-review-fixes/test/contract/agent-execution.host.test.ts:239:12)
    async Test.run (node:internal/test_runner/test:1404:7)
    async Test.processPendingSubtests (node:internal/test_runner/test:969:7)
  ...
1..7
# tests 7
# suites 0
# pass 5
# fail 2
# cancelled 0
# skipped 0
# todo 0
# duration_ms 17605.416
Test boot attempts: {"host-process":0,"host-in-process":7,"electron":0}; Electron launches also start their own Host
SSH subprocess attempts: 0
local command exit code: 1; elapsed: 17.739 s; pass/fail/skip counts are in the TAP summary above
[ELIFECYCLE] Command failed with exit code 1.
