$ node scripts/run-contract-tests.mjs local --files test/contract/agent-execution.host.test.ts test/contract/agent-controls.host.test.ts
local: 2 selected; 44 unselected in local; other groups not run (not passes)
TAP version 13
# Subtest: a human in another live conversation can promptly cancel a long Job without taking ownership
ok 1 - a human in another live conversation can promptly cancel a long Job without taking ownership
  ---
  duration_ms: 6250.654667
  type: 'test'
  ...
# Subtest: retry allowance blocks the failed node until its human owner clears that node
ok 2 - retry allowance blocks the failed node until its human owner clears that node
  ---
  duration_ms: 4798.224333
  type: 'test'
  ...
# Subtest: the total time box expires while paused without any next Agent action
ok 3 - the total time box expires while paused without any next Agent action
  ---
  duration_ms: 2095.302292
  type: 'test'
  ...
# Subtest: the total time box expires while paused with the Agent offline after Host restart
ok 4 - the total time box expires while paused with the Agent offline after Host restart
  ---
  duration_ms: 2443.817125
  type: 'test'
  ...
# Subtest: cancel and launch use the same admission order and a stale cancel cannot kill unacknowledged work
ok 5 - cancel and launch use the same admission order and a stale cancel cannot kill unacknowledged work
  ---
  duration_ms: 2377.633125
  type: 'test'
  ...
# Subtest: hard deadline stops an existing long Job and records the time box as the cause
ok 6 - hard deadline stops an existing long Job and records the time box as the cause
  ---
  duration_ms: 2788.763542
  type: 'test'
  ...
# Subtest: an unknown launch remains fenced and truthfully uncertain when the hard deadline arrives
ok 7 - an unknown launch remains fenced and truthfully uncertain when the hard deadline arrives
  ---
  duration_ms: 2702.707542
  type: 'test'
  ...
# Subtest: pending stop I/O does not hold the conversational admission path
ok 8 - pending stop I/O does not hold the conversational admission path
  ---
  duration_ms: 1761.555292
  type: 'test'
  ...
# Subtest: a conversational owner prepares a Run without executing its first business node
ok 9 - a conversational owner prepares a Run without executing its first business node
  ---
  duration_ms: 3127.788416
  type: 'test'
  ...
# Subtest: the same Agent launches one node, pauses during its Job, validates completion and explicitly chooses the next node
ok 10 - the same Agent launches one node, pauses during its Job, validates completion and explicitly chooses the next node
  ---
  duration_ms: 5091.046042
  type: 'test'
  ...
# Subtest: pause and an explicit handoff fence old owners without changing Goal or budget
ok 11 - pause and an explicit handoff fence old owners without changing Goal or budget
  ---
  duration_ms: 1657.044666
  type: 'test'
  ...
# Subtest: node admission is owned, versioned and idempotent before any Job exists
ok 12 - node admission is owned, versioned and idempotent before any Job exists
  ---
  duration_ms: 1420.708667
  type: 'test'
  ...
# Subtest: an owned Run refuses separate model moments while waiting, cancelled or budget-ended before opening any session
ok 13 - an owned Run refuses separate model moments while waiting, cancelled or budget-ended before opening any session
  ---
  duration_ms: 1315.554083
  type: 'test'
  ...
# Subtest: a delayed actual Site probe that crosses the Campaign deadline dispatches no Job and leaves no phantom Site reservation
not ok 14 - a delayed actual Site probe that crosses the Campaign deadline dispatches no Job and leaves no phantom Site reservation
  ---
  duration_ms: 4448.313542
  type: 'test'
  location: '/Users/lluzi/code/hima_harness_reforge_polishing/.hima-tmp/pls-next/pls19-review-fixes/test/contract/agent-execution.host.test.ts:174:71'
  failureType: 'testCodeFailure'
  error: 'the actual prelaunch boundary is blocked did not happen within 2000 ms'
  code: 'ERR_TEST_FAILURE'
  stack: |-
    waitUntil (file:///Users/lluzi/code/hima_harness_reforge_polishing/.hima-tmp/pls-next/pls19-review-fixes/test/contract/support/fabric.ts:92:39)
    async TestContext.<anonymous> (file:///Users/lluzi/code/hima_harness_reforge_polishing/.hima-tmp/pls-next/pls19-review-fixes/test/contract/agent-execution.host.test.ts:232:5)
    async Test.run (node:internal/test_runner/test:1404:7)
    async Test.processPendingSubtests (node:internal/test_runner/test:969:7)
  ...
# Subtest: a delayed actual intent persistence that crosses the Campaign deadline dispatches no Job and leaves no phantom Site reservation
not ok 15 - a delayed actual intent persistence that crosses the Campaign deadline dispatches no Job and leaves no phantom Site reservation
  ---
  duration_ms: 3695.874166
  type: 'test'
  location: '/Users/lluzi/code/hima_harness_reforge_polishing/.hima-tmp/pls-next/pls19-review-fixes/test/contract/agent-execution.host.test.ts:174:71'
  failureType: 'testCodeFailure'
  error: 'the actual prelaunch boundary is blocked did not happen within 2000 ms'
  code: 'ERR_TEST_FAILURE'
  stack: |-
    waitUntil (file:///Users/lluzi/code/hima_harness_reforge_polishing/.hima-tmp/pls-next/pls19-review-fixes/test/contract/support/fabric.ts:92:39)
    async TestContext.<anonymous> (file:///Users/lluzi/code/hima_harness_reforge_polishing/.hima-tmp/pls-next/pls19-review-fixes/test/contract/agent-execution.host.test.ts:232:5)
    async Test.run (node:internal/test_runner/test:1404:7)
    async Test.processPendingSubtests (node:internal/test_runner/test:969:7)
  ...
1..15
# tests 15
# suites 0
# pass 13
# fail 2
# cancelled 0
# skipped 0
# todo 0
# duration_ms 47507.622292
Test boot attempts: {"host-process":0,"host-in-process":17,"electron":0}; Electron launches also start their own Host
SSH subprocess attempts: 0
local command exit code: 1; elapsed: 47.605 s; pass/fail/skip counts are in the TAP summary above
[ELIFECYCLE] Command failed with exit code 1.
