$ node scripts/run-contract-tests.mjs local --files test/contract/agent-execution.host.test.ts
local: 1 selected; 45 unselected in local; other groups not run (not passes)
TAP version 13
# Subtest: a conversational owner prepares a Run without executing its first business node
ok 1 - a conversational owner prepares a Run without executing its first business node
  ---
  duration_ms: 3698.847792
  type: 'test'
  ...
# Subtest: the same Agent launches one node, pauses during its Job, validates completion and explicitly chooses the next node
ok 2 - the same Agent launches one node, pauses during its Job, validates completion and explicitly chooses the next node
  ---
  duration_ms: 4048.00625
  type: 'test'
  ...
# Subtest: pause and an explicit handoff fence old owners without changing Goal or budget
ok 3 - pause and an explicit handoff fence old owners without changing Goal or budget
  ---
  duration_ms: 1032.798334
  type: 'test'
  ...
# Subtest: node admission is owned, versioned and idempotent before any Job exists
ok 4 - node admission is owned, versioned and idempotent before any Job exists
  ---
  duration_ms: 1176.143166
  type: 'test'
  ...
# Subtest: an owned Run refuses separate model moments while waiting, cancelled or budget-ended before opening any session
ok 5 - an owned Run refuses separate model moments while waiting, cancelled or budget-ended before opening any session
  ---
  duration_ms: 959.403917
  type: 'test'
  ...
# Subtest: a delayed actual Site probe that crosses the Campaign deadline dispatches no Job and leaves no phantom Site reservation
ok 6 - a delayed actual Site probe that crosses the Campaign deadline dispatches no Job and leaves no phantom Site reservation
  ---
  duration_ms: 10358.016791
  type: 'test'
  ...
# Subtest: a delayed actual intent persistence that crosses the Campaign deadline dispatches no Job and leaves no phantom Site reservation
ok 7 - a delayed actual intent persistence that crosses the Campaign deadline dispatches no Job and leaves no phantom Site reservation
  ---
  duration_ms: 10995.46625
  type: 'test'
  ...
1..7
# tests 7
# suites 0
# pass 7
# fail 0
# cancelled 0
# skipped 0
# todo 0
# duration_ms 33091.433708
Test boot attempts: {"host-process":0,"host-in-process":9,"electron":0}; Electron launches also start their own Host
SSH subprocess attempts: 0
local command exit code: 0; elapsed: 33.204 s; pass/fail/skip counts are in the TAP summary above
