$ node scripts/run-contract-tests.mjs local --files test/contract/agent-workshop.host.test.ts test/contract/node-jobs.host.test.ts
local: 2 selected; 44 unselected in local; other groups not run (not passes)
TAP version 13
# Subtest: the actual conversational owner reads inputs and knowledge, writes a version and launches it without a hidden model session
ok 1 - the actual conversational owner reads inputs and knowledge, writes a version and launches it without a hidden model session
  ---
  duration_ms: 6782.734
  type: 'test'
  ...
# Subtest: a begun Workshop draft retains its original author's code across handoff and launches unchanged
ok 2 - a begun Workshop draft retains its original author's code across handoff and launches unchanged
  ---
  duration_ms: 1588.2805
  type: 'test'
  ...
# Subtest: a begun Workshop draft retains its original author's code across handoff and refuses a changed helper even when the new owner rewrites only entry
not ok 3 - a begun Workshop draft retains its original author's code across handoff and refuses a changed helper even when the new owner rewrites only entry
  ---
  duration_ms: 1388.455667
  type: 'test'
  location: '/Users/lluzi/code/hima_harness_reforge_polishing/.hima-tmp/pls-next/pls19-review-fixes/test/contract/agent-workshop.host.test.ts:109:43'
  failureType: 'testCodeFailure'
  error: |-
    The input did not match the regular expression /helper.sh.*recorded|recorded.*helper.sh/. Input:
    
    '[{"id":"execution-4da72566-7863-4b79-be70-381296884c96","nodeId":"analyze","kind":"act","generation":1,"attempt":1,"methodDigest":"55b66f7ed83f29b3edb248e2cfa0feb457979daca2851217ab59d6f8d40e9c82","inputDigest":"0d75345093643a4291961360f7626d8c0d52e69f0d6d5b2eb2ca40142f231aae","phase":"failed","inputThroughSeq":1,"workshop":{"id":"analyze","entry":"entry.sh","entryPath":"/private/tmp/hima-tests-p6BUFF/hima-home-OHeSKu/workspace/authored-workshop-20260912-191750-b0e4/research/analysis/.executions/execution-4da72566-7863-4b79-be70-381296884c96/entry.sh","directory":"/private/tmp/hima-tests-p6BUFF/hima-home-OHeSKu/workspace/authored-workshop-20260912-191750-b0e4/research/analysis/.executions/execution-4da72566-7863-4b79-be70-381296884c96"},"result":{"kind":"retrying"}}]'
    
  code: 'ERR_ASSERTION'
  name: 'AssertionError'
  expected:
  actual: '[{"id":"execution-4da72566-7863-4b79-be70-381296884c96","nodeId":"analyze","kind":"act","generation":1,"attempt":1,"methodDigest":"55b66f7ed83f29b3edb248e2cfa0feb457979daca2851217ab59d6f8d40e9c82","inputDigest":"0d75345093643a4291961360f7626d8c0d52e69f0d6d5b2eb2ca40142f231aae","phase":"failed","inputThroughSeq":1,"workshop":{"id":"analyze","entry":"entry.sh","entryPath":"/private/tmp/hima-tests-p6BUFF/hima-home-OHeSKu/workspace/authored-workshop-20260912-191750-b0e4/research/analysis/.executions/execution-4da72566-7863-4b79-be70-381296884c96/entry.sh","directory":"/private/tmp/hima-tests-p6BUFF/hima-home-OHeSKu/workspace/authored-workshop-20260912-191750-b0e4/research/analysis/.executions/execution-4da72566-7863-4b79-be70-381296884c96"},"result":{"kind":"retrying"}}]'
  operator: 'match'
  stack: |-
    TestContext.<anonymous> (file:///Users/lluzi/code/hima_harness_reforge_polishing/.hima-tmp/pls-next/pls19-review-fixes/test/contract/agent-workshop.host.test.ts:158:14)
    async Test.run (node:internal/test_runner/test:1404:7)
    async Test.processPendingSubtests (node:internal/test_runner/test:969:7)
  ...
# Subtest: a durable launch intent must succeed before an actual Job can start
ok 4 - a durable launch intent must succeed before an actual Job can start
  ---
  duration_ms: 1815.7075
  type: 'test'
  ...
# Subtest: nonblocking capacity admission returns once and never launches when a slot later frees
ok 5 - nonblocking capacity admission returns once and never launches when a slot later frees
  ---
  duration_ms: 2912.663958
  type: 'test'
  ...
# Subtest: a nonblocking tool returns its real session; stopping the Host observer leaves that Job running
ok 6 - a nonblocking tool returns its real session; stopping the Host observer leaves that Job running
  ---
  duration_ms: 1573.688583
  type: 'test'
  ...
# Subtest: the conversational Agent writes isolated Workshop versions, and launch verifies every recorded file without a model moment
ok 7 - the conversational Agent writes isolated Workshop versions, and launch verifies every recorded file without a model moment
  ---
  duration_ms: 1287.11
  type: 'test'
  ...
# Subtest: a killed Host at before-launch reconciles the exact durable intent without relaunch
ok 8 - a killed Host at before-launch reconciles the exact durable intent without relaunch
  ---
  duration_ms: 3877.384667
  type: 'test'
  ...
# Subtest: a killed Host at running-without-receipt reconciles the exact durable intent without relaunch
ok 9 - a killed Host at running-without-receipt reconciles the exact durable intent without relaunch
  ---
  duration_ms: 7017.648
  type: 'test'
  ...
# Subtest: a killed Host at finished-without-receipt reconciles the exact durable intent without relaunch
ok 10 - a killed Host at finished-without-receipt reconciles the exact durable intent without relaunch
  ---
  duration_ms: 3996.242333
  type: 'test'
  ...
# Subtest: a nonblocking Pack reader returns its Job and only read-back can settle the observation
ok 11 - a nonblocking Pack reader returns its Job and only read-back can settle the observation
  ---
  duration_ms: 1553.187125
  type: 'test'
  ...
# Subtest: the Pack chooser is readonly advice and does not accept its recommendation as an Agent decision
not ok 12 - the Pack chooser is readonly advice and does not accept its recommendation as an Agent decision
  ---
  duration_ms: 744.975625
  type: 'test'
  location: '/Users/lluzi/code/hima_harness_reforge_polishing/.hima-tmp/pls-next/pls19-review-fixes/test/contract/node-jobs.host.test.ts:266:1'
  failureType: 'testCodeFailure'
  error: |-
    Expected values to be strictly equal:
    
    false !== true
    
  code: 'ERR_ASSERTION'
  name: 'AssertionError'
  expected: true
  actual: false
  operator: 'strictEqual'
  stack: |-
    TestContext.<anonymous> (file:///Users/lluzi/code/hima_harness_reforge_polishing/.hima-tmp/pls-next/pls19-review-fixes/test/contract/node-jobs.host.test.ts:284:12)
    async Test.run (node:internal/test_runner/test:1404:7)
    async Test.processPendingSubtests (node:internal/test_runner/test:969:7)
  ...
# Subtest: an unresolved launch intent vetoes another Run inside the Site capacity claim before any Job starts
ok 13 - an unresolved launch intent vetoes another Run inside the Site capacity claim before any Job starts
  ---
  duration_ms: 550.132
  type: 'test'
  ...
1..13
# tests 13
# suites 0
# pass 11
# fail 2
# cancelled 0
# skipped 0
# todo 0
# duration_ms 36428.470708
Test boot attempts: {"host-process":0,"host-in-process":16,"electron":0}; Electron launches also start their own Host
SSH subprocess attempts: 0
local command exit code: 1; elapsed: 36.613 s; pass/fail/skip counts are in the TAP summary above
[ELIFECYCLE] Command failed with exit code 1.
