$ node scripts/run-contract-tests.mjs local --files test/contract/agent-workshop.host.test.ts
local: 1 selected; 45 unselected in local; other groups not run (not passes)
TAP version 13
# Subtest: the actual conversational owner reads inputs and knowledge, writes a version and launches it without a hidden model session
ok 1 - the actual conversational owner reads inputs and knowledge, writes a version and launches it without a hidden model session
  ---
  duration_ms: 9386.835709
  type: 'test'
  ...
# Subtest: a begun Workshop draft retains its original author's code across handoff and launches unchanged
ok 2 - a begun Workshop draft retains its original author's code across handoff and launches unchanged
  ---
  duration_ms: 2136.724667
  type: 'test'
  ...
# Subtest: a begun Workshop draft retains its original author's code across handoff and refuses a changed helper even when the new owner rewrites only entry
ok 3 - a begun Workshop draft retains its original author's code across handoff and refuses a changed helper even when the new owner rewrites only entry
  ---
  duration_ms: 1472.429666
  type: 'test'
  ...
1..3
# tests 3
# suites 0
# pass 3
# fail 0
# cancelled 0
# skipped 0
# todo 0
# duration_ms 13989.972791
Test boot attempts: {"host-process":0,"host-in-process":3,"electron":0}; Electron launches also start their own Host
SSH subprocess attempts: 0
local command exit code: 0; elapsed: 14.096 s; pass/fail/skip counts are in the TAP summary above
