$ node scripts/run-contract-tests.mjs local --files test/contract/agent-execution.host.test.ts
local: 1 selected; 45 unselected in local; other groups not run (not passes)
TAP version 13
# Subtest: a conversational owner prepares a Run without executing its first business node
ok 1 - a conversational owner prepares a Run without executing its first business node
  ---
  duration_ms: 4158.1235
  type: 'test'
  ...
# Subtest: the same Agent launches one node, pauses during its Job, validates completion and explicitly chooses the next node
ok 2 - the same Agent launches one node, pauses during its Job, validates completion and explicitly chooses the next node
  ---
  duration_ms: 3884.835084
  type: 'test'
  ...
# Subtest: pause and an explicit handoff fence old owners without changing Goal or budget
ok 3 - pause and an explicit handoff fence old owners without changing Goal or budget
  ---
  duration_ms: 841.753417
  type: 'test'
  ...
# Subtest: node admission is owned, versioned and idempotent before any Job exists
ok 4 - node admission is owned, versioned and idempotent before any Job exists
  ---
  duration_ms: 812.312958
  type: 'test'
  ...
# Subtest: an owned Run refuses separate model moments while waiting, cancelled or budget-ended before opening any session
ok 5 - an owned Run refuses separate model moments while waiting, cancelled or budget-ended before opening any session
  ---
  duration_ms: 750.394875
  type: 'test'
  ...
1..5
# tests 5
# suites 0
# pass 5
# fail 0
# cancelled 0
# skipped 0
# todo 0
# duration_ms 11183.98575
Test boot attempts: {"host-process":0,"host-in-process":5,"electron":0}; Electron launches also start their own Host
SSH subprocess attempts: 0
local command exit code: 0; elapsed: 11.293 s; pass/fail/skip counts are in the TAP summary above
