$ node scripts/run-contract-tests.mjs local --files test/contract/agent-recovery.host.test.ts
local: 1 selected; 45 unselected in local; other groups not run (not passes)
TAP version 13
# Subtest: production preparation refuses an unowned Run before any Job or Run is created
ok 1 - production preparation refuses an unowned Run before any Job or Run is created
  ---
  duration_ms: 4175.023709
  type: 'test'
  ...
# Subtest: a historical waiting Run observes its existing Job after restart without treating waiting as cancellation
ok 2 - a historical waiting Run observes its existing Job after restart without treating waiting as cancellation
  ---
  duration_ms: 3205.686792
  type: 'test'
  ...
# Subtest: an interrupted completion remains fenced even when its prior Job has a successful exit
ok 3 - an interrupted completion remains fenced even when its prior Job has a successful exit
  ---
  duration_ms: 2462.43725
  type: 'test'
  ...
# Subtest: adoption refuses missing method identity, changed input metadata and an interrupted boundary without a confirmed Job
ok 4 - adoption refuses missing method identity, changed input metadata and an interrupted boundary without a confirmed Job
  ---
  duration_ms: 3761.8235
  type: 'test'
  ...
# Subtest: adoption carries an open historical human wait once and new pauses continue to spend the original time box
ok 5 - adoption carries an open historical human wait once and new pauses continue to spend the original time box
  ---
  duration_ms: 4639.061125
  type: 'test'
  ...
# Subtest: historical Runs keep their node boundary on restart and explicit adoption verifies v19 metadata without inventing history
ok 6 - historical Runs keep their node boundary on restart and explicit adoption verifies v19 metadata without inventing history
  ---
  duration_ms: 7308.032792
  type: 'test'
  ...
# Subtest: an interrupted admitted request stays uncertain after restart and does not free its Site or replay
ok 7 - an interrupted admitted request stays uncertain after restart and does not free its Site or replay
  ---
  duration_ms: 2222.815042
  type: 'test'
  ...
# Subtest: a restarted Host observes the exact Job after its launch receipt was lost and never chooses the next node
ok 8 - a restarted Host observes the exact Job after its launch receipt was lost and never chooses the next node
  ---
  duration_ms: 6056.853125
  type: 'test'
  ...
# Subtest: restart repairs an owed report of an ended owned Run after a real Site write fault without advancing it
not ok 9 - restart repairs an owed report of an ended owned Run after a real Site write fault without advancing it
  ---
  duration_ms: 1007.991166
  type: 'test'
  location: '/Users/lluzi/code/hima_harness_reforge_polishing/.hima-tmp/pls-next/pls19-review-fixes/test/contract/agent-recovery.host.test.ts:336:36'
  failureType: 'testCodeFailure'
  error: |-
    a boot repairs the report even without an automatic business driver
    
    0 !== 1
    
  code: 'ERR_ASSERTION'
  name: 'AssertionError'
  expected: 1
  actual: 0
  operator: 'strictEqual'
  stack: |-
    TestContext.<anonymous> (file:///Users/lluzi/code/hima_harness_reforge_polishing/.hima-tmp/pls-next/pls19-review-fixes/test/contract/agent-recovery.host.test.ts:362:12)
    async Test.run (node:internal/test_runner/test:1404:7)
    async Test.processPendingSubtests (node:internal/test_runner/test:969:7)
  ...
# Subtest: restart repairs an owed report of an ended historical Run after a real Site write fault without advancing it
not ok 10 - restart repairs an owed report of an ended historical Run after a real Site write fault without advancing it
  ---
  duration_ms: 1611.956083
  type: 'test'
  location: '/Users/lluzi/code/hima_harness_reforge_polishing/.hima-tmp/pls-next/pls19-review-fixes/test/contract/agent-recovery.host.test.ts:336:36'
  failureType: 'testCodeFailure'
  error: |-
    a boot repairs the report even without an automatic business driver
    
    0 !== 1
    
  code: 'ERR_ASSERTION'
  name: 'AssertionError'
  expected: 1
  actual: 0
  operator: 'strictEqual'
  stack: |-
    TestContext.<anonymous> (file:///Users/lluzi/code/hima_harness_reforge_polishing/.hima-tmp/pls-next/pls19-review-fixes/test/contract/agent-recovery.host.test.ts:362:12)
    async Test.run (node:internal/test_runner/test:1404:7)
    async Test.processPendingSubtests (node:internal/test_runner/test:969:7)
  ...
1..10
# tests 10
# suites 0
# pass 8
# fail 2
# cancelled 0
# skipped 0
# todo 0
# duration_ms 37307.172917
Test boot attempts: {"host-process":0,"host-in-process":17,"electron":0}; Electron launches also start their own Host
SSH subprocess attempts: 0
local command exit code: 1; elapsed: 37.401 s; pass/fail/skip counts are in the TAP summary above
[ELIFECYCLE] Command failed with exit code 1.
