Loading EDA init: /data/eda/env/edarun-init.sh
EDA 完整全集环境已成功加载

Cadence Innovus(TM) Implementation System.
Copyright 2024 Cadence Design Systems, Inc. All rights reserved worldwide.

Version:	v23.14-s088_1, built Fri Feb 28 12:25:44 PST 2025
Options:	-no_gui -files /tmp/hima-512-pnr-probe/flow/artifacts/pnr-foundry/run-58a3b44c1ea74c04b9d0f9ce4ef2c4ad/batch-init-bad-layer.tcl 
Date:		Fri Sep 18 02:10:23 2026
Host:		eda-runner-interactive-luzi (x86_64 w/Linux 7.0.0-30-generic) (16cores*32cpus*AMD RYZEN AI MAX+ 395 w/ Radeon 8060S 1024KB)
OS:		AlmaLinux 8.10 (Cerulean Leopard)

License:
		[02:10:23.005442] Configured Lic search path (23.02-s006): 5280@localhost:27080@localhost

		invs	Innovus Implementation System	23.1	checkout succeeded
		8 CPU jobs allowed with the current license(s). Use setMultiCpuUsage to set your required CPU count.
Create and set the environment variable TMPDIR to /tmp/hima-512-pnr-probe/flow/artifacts/pnr-foundry/run-58a3b44c1ea74c04b9d0f9ce4ef2c4ad/innovus_temp_569113_ec690a05-6232-4637-844a-a0d90ac056b2_eda-runner-interactive-luzi_luzi_EdjleK.

The soft stacksize limit is either up to the hard limit or larger than 0.2% of RAM. No change is needed.
Info: Process UID = 569113 / ec690a05-6232-4637-844a-a0d90ac056b2 / 4DJ3BcieEk

**INFO:  MMMC transition support version v31-84 

[INFO] Loading PVS 24.12 fill procedures
**WARN: Tk package not loaded. The PVS fill DRC monitor is disabled.
Sourcing file "/tmp/hima-512-pnr-probe/flow/artifacts/pnr-foundry/run-58a3b44c1ea74c04b9d0f9ce4ef2c4ad/batch-init-bad-layer.tcl" ...
innovus 1> source /tmp/hima-512-pnr-probe/flow/artifacts/pnr-foundry/run-58a3b44c1ea74c04b9d0f9ce4ef2c4ad/batch-init-bad-layer.tcl
#% Begin Load MMMC data ... (date=09/18 02:10:35, mem=1744.1M)
#% End Load MMMC data ... (date=09/18 02:10:35, total cpu=0:00:00.0, real=0:00:00.0, peak res=1745.7M, current mem=1745.7M)

Loading LEF file /data/eda/project/tsmc28_prtf/gen_p140/tsmcn28_10lm5X2Y2ZRDL.tlef ...

Loading LEF file /data/eda/project/techlib/tsmc28/logic/tcbn28hpcplusbwp40p140_180b/AN61001_20180509/TSMCHOME/digital/Back_End/lef/tcbn28hpcplusbwp40p140_110a/lef/tcbn28hpcplusbwp40p140.lef ...
Set DBUPerIGU to M2 pitch 280.
WARNING (LEFPARS-2001): No VERSION statement found, using the default value 5.8. See file /data/eda/project/techlib/tsmc28/logic/tcbn28hpcplusbwp40p140_180b/AN61001_20180509/TSMCHOME/digital/Back_End/lef/tcbn28hpcplusbwp40p140_110a/lef/tcbn28hpcplusbwp40p140.lef at line 264613.
**WARN: (IMPLF-200):	Pin 'I' in macro 'ANTENNABWP40P140' has no ANTENNAGATEAREA value defined. The library data is incomplete and some process antenna rules will not be checked correctly.
Type 'man IMPLF-200' for more detail.

##  Check design process and node:  
##  Both design process and tech node are not set.

Loading view definition file from /tmp/hima-512-pnr-probe/flow/artifacts/pnr-foundry/run-58a3b44c1ea74c04b9d0f9ce4ef2c4ad/mmmc_foundry.tcl
Reading libs_foundry timing library '/data/eda/project/techlib/tsmc28/logic/tcbn28hpcplusbwp40p140_180b/AN61001_20180509/TSMCHOME/digital/Front_End/timing_power_noise/NLDM/tcbn28hpcplusbwp40p140_180a/tcbn28hpcplusbwp40p140tt0p9v25c.lib' ...
**WARN: (TECHLIB-302):	No function defined for cell 'TAPCELLBWP40P140'. The cell will only be used for analysis. (File /data/eda/project/techlib/tsmc28/logic/tcbn28hpcplusbwp40p140_180b/AN61001_20180509/TSMCHOME/digital/Front_End/timing_power_noise/NLDM/tcbn28hpcplusbwp40p140_180a/tcbn28hpcplusbwp40p140tt0p9v25c.lib)
**WARN: (TECHLIB-302):	No function defined for cell 'OD18DCAP64BWP40P140'. The cell will only be used for analysis. (File /data/eda/project/techlib/tsmc28/logic/tcbn28hpcplusbwp40p140_180b/AN61001_20180509/TSMCHOME/digital/Front_End/timing_power_noise/NLDM/tcbn28hpcplusbwp40p140_180a/tcbn28hpcplusbwp40p140tt0p9v25c.lib)
**WARN: (TECHLIB-302):	No function defined for cell 'OD18DCAP32BWP40P140'. The cell will only be used for analysis. (File /data/eda/project/techlib/tsmc28/logic/tcbn28hpcplusbwp40p140_180b/AN61001_20180509/TSMCHOME/digital/Front_End/timing_power_noise/NLDM/tcbn28hpcplusbwp40p140_180a/tcbn28hpcplusbwp40p140tt0p9v25c.lib)
**WARN: (TECHLIB-302):	No function defined for cell 'OD18DCAP16BWP40P140'. The cell will only be used for analysis. (File /data/eda/project/techlib/tsmc28/logic/tcbn28hpcplusbwp40p140_180b/AN61001_20180509/TSMCHOME/digital/Front_End/timing_power_noise/NLDM/tcbn28hpcplusbwp40p140_180a/tcbn28hpcplusbwp40p140tt0p9v25c.lib)
**WARN: (TECHLIB-302):	No function defined for cell 'FILL8BWP40P140'. The cell will only be used for analysis. (File /data/eda/project/techlib/tsmc28/logic/tcbn28hpcplusbwp40p140_180b/AN61001_20180509/TSMCHOME/digital/Front_End/timing_power_noise/NLDM/tcbn28hpcplusbwp40p140_180a/tcbn28hpcplusbwp40p140tt0p9v25c.lib)
**WARN: (TECHLIB-302):	No function defined for cell 'FILL64BWP40P140'. The cell will only be used for analysis. (File /data/eda/project/techlib/tsmc28/logic/tcbn28hpcplusbwp40p140_180b/AN61001_20180509/TSMCHOME/digital/Front_End/timing_power_noise/NLDM/tcbn28hpcplusbwp40p140_180a/tcbn28hpcplusbwp40p140tt0p9v25c.lib)
**WARN: (TECHLIB-302):	No function defined for cell 'FILL4BWP40P140'. The cell will only be used for analysis. (File /data/eda/project/techlib/tsmc28/logic/tcbn28hpcplusbwp40p140_180b/AN61001_20180509/TSMCHOME/digital/Front_End/timing_power_noise/NLDM/tcbn28hpcplusbwp40p140_180a/tcbn28hpcplusbwp40p140tt0p9v25c.lib)
**WARN: (TECHLIB-302):	No function defined for cell 'FILL3BWP40P140'. The cell will only be used for analysis. (File /data/eda/project/techlib/tsmc28/logic/tcbn28hpcplusbwp40p140_180b/AN61001_20180509/TSMCHOME/digital/Front_End/timing_power_noise/NLDM/tcbn28hpcplusbwp40p140_180a/tcbn28hpcplusbwp40p140tt0p9v25c.lib)
**WARN: (TECHLIB-302):	No function defined for cell 'FILL32BWP40P140'. The cell will only be used for analysis. (File /data/eda/project/techlib/tsmc28/logic/tcbn28hpcplusbwp40p140_180b/AN61001_20180509/TSMCHOME/digital/Front_End/timing_power_noise/NLDM/tcbn28hpcplusbwp40p140_180a/tcbn28hpcplusbwp40p140tt0p9v25c.lib)
**WARN: (TECHLIB-302):	No function defined for cell 'FILL2BWP40P140'. The cell will only be used for analysis. (File /data/eda/project/techlib/tsmc28/logic/tcbn28hpcplusbwp40p140_180b/AN61001_20180509/TSMCHOME/digital/Front_End/timing_power_noise/NLDM/tcbn28hpcplusbwp40p140_180a/tcbn28hpcplusbwp40p140tt0p9v25c.lib)
**WARN: (TECHLIB-302):	No function defined for cell 'FILL16BWP40P140'. The cell will only be used for analysis. (File /data/eda/project/techlib/tsmc28/logic/tcbn28hpcplusbwp40p140_180b/AN61001_20180509/TSMCHOME/digital/Front_End/timing_power_noise/NLDM/tcbn28hpcplusbwp40p140_180a/tcbn28hpcplusbwp40p140tt0p9v25c.lib)
**WARN: (TECHLIB-302):	No function defined for cell 'DCAP8BWP40P140'. The cell will only be used for analysis. (File /data/eda/project/techlib/tsmc28/logic/tcbn28hpcplusbwp40p140_180b/AN61001_20180509/TSMCHOME/digital/Front_End/timing_power_noise/NLDM/tcbn28hpcplusbwp40p140_180a/tcbn28hpcplusbwp40p140tt0p9v25c.lib)
**WARN: (TECHLIB-302):	No function defined for cell 'DCAP64BWP40P140'. The cell will only be used for analysis. (File /data/eda/project/techlib/tsmc28/logic/tcbn28hpcplusbwp40p140_180b/AN61001_20180509/TSMCHOME/digital/Front_End/timing_power_noise/NLDM/tcbn28hpcplusbwp40p140_180a/tcbn28hpcplusbwp40p140tt0p9v25c.lib)
**WARN: (TECHLIB-302):	No function defined for cell 'DCAP4BWP40P140'. The cell will only be used for analysis. (File /data/eda/project/techlib/tsmc28/logic/tcbn28hpcplusbwp40p140_180b/AN61001_20180509/TSMCHOME/digital/Front_End/timing_power_noise/NLDM/tcbn28hpcplusbwp40p140_180a/tcbn28hpcplusbwp40p140tt0p9v25c.lib)
**WARN: (TECHLIB-302):	No function defined for cell 'DCAP32BWP40P140'. The cell will only be used for analysis. (File /data/eda/project/techlib/tsmc28/logic/tcbn28hpcplusbwp40p140_180b/AN61001_20180509/TSMCHOME/digital/Front_End/timing_power_noise/NLDM/tcbn28hpcplusbwp40p140_180a/tcbn28hpcplusbwp40p140tt0p9v25c.lib)
**WARN: (TECHLIB-302):	No function defined for cell 'DCAP16BWP40P140'. The cell will only be used for analysis. (File /data/eda/project/techlib/tsmc28/logic/tcbn28hpcplusbwp40p140_180b/AN61001_20180509/TSMCHOME/digital/Front_End/timing_power_noise/NLDM/tcbn28hpcplusbwp40p140_180a/tcbn28hpcplusbwp40p140tt0p9v25c.lib)
**WARN: (TECHLIB-302):	No function defined for cell 'BOUNDARY_RIGHTBWP40P140'. The cell will only be used for analysis. (File /data/eda/project/techlib/tsmc28/logic/tcbn28hpcplusbwp40p140_180b/AN61001_20180509/TSMCHOME/digital/Front_End/timing_power_noise/NLDM/tcbn28hpcplusbwp40p140_180a/tcbn28hpcplusbwp40p140tt0p9v25c.lib)
**WARN: (TECHLIB-302):	No function defined for cell 'BOUNDARY_LEFTBWP40P140'. The cell will only be used for analysis. (File /data/eda/project/techlib/tsmc28/logic/tcbn28hpcplusbwp40p140_180b/AN61001_20180509/TSMCHOME/digital/Front_End/timing_power_noise/NLDM/tcbn28hpcplusbwp40p140_180a/tcbn28hpcplusbwp40p140tt0p9v25c.lib)
**WARN: (TECHLIB-302):	No function defined for cell 'ANTENNABWP40P140'. The cell will only be used for analysis. (File /data/eda/project/techlib/tsmc28/logic/tcbn28hpcplusbwp40p140_180b/AN61001_20180509/TSMCHOME/digital/Front_End/timing_power_noise/NLDM/tcbn28hpcplusbwp40p140_180a/tcbn28hpcplusbwp40p140tt0p9v25c.lib)
Read 1000 cells in library 'tcbn28hpcplusbwp40p140tt0p9v25c' 
*** End library_loading (cpu=0.04min, real=0.03min, mem=237.5M, fe_cpu=0.36min, fe_real=0.25min, fe_mem=1901.2M) ***
#% Begin Load netlist data ... (date=09/18 02:10:38, mem=1798.4M)
*** Begin netlist parsing (mem=1901.2M) ***
Created 1000 new cells from 1 timing libraries.
Reading netlist ...
Backslashed names will retain backslash and a trailing blank character.
Reading verilog netlist '/tmp/hima-512-pnr-probe/flow/artifacts/foundry-synth/run-286a9906bd574730901db183499c65f8/results/base.dc.v'

*** Memory Usage v#2 (Current mem = 1901.168M, initial mem = 835.781M) ***
*** End netlist parsing (cpu=0:00:00.0, real=0:00:00.0, mem=1901.2M) ***
#% End Load netlist data ... (date=09/18 02:10:38, total cpu=0:00:00.1, real=0:00:00.0, peak res=1848.5M, current mem=1848.5M)
Set top cell to aes_cipher_top.
Hooked 1000 DB cells to tlib cells.
Starting recursive module instantiation check.
No recursion found.
Building hierarchical netlist for Cell aes_cipher_top ...
***** UseNewTieNetMode *****.
*** Netlist is unique.
** info: there are 1067 modules.
** info: there are 12916 stdCell insts.
** info: there are 12916 stdCell insts with at least one signal pin.

*** Memory Usage v#2 (Current mem = 1931.168M, initial mem = 835.781M) ***
**WARN: (IMPFP-3961):	The techSite 'dcore' has no related standard cells in the LEF/OA library. The calculations for this site type cannot be made unless standard cell models of this type exist in the LEF/OA library. Ignore this warning if the SITE is not used by the library. Alternatively, remove the SITE definition for the LEF/OA library to avoid this message.
Type 'man IMPFP-3961' for more detail.
**WARN: (IMPFP-3961):	The techSite 'ccore' has no related standard cells in the LEF/OA library. The calculations for this site type cannot be made unless standard cell models of this type exist in the LEF/OA library. Ignore this warning if the SITE is not used by the library. Alternatively, remove the SITE definition for the LEF/OA library to avoid this message.
Type 'man IMPFP-3961' for more detail.

Honor LEF defined pitches for advanced node
Start create_tracks
Extraction setup Started for TopCell aes_cipher_top 
Initializing multi-corner RC extraction with 1 active RC Corners ...
Captable file(s) not specified in multi-corner setup. PreRoute extraction will use technology file. For postRoute extraction, default value for effort level would be 'medium' and effort level 'low' would not be allowed.
Generating auto layer map file.
Importing multi-corner technology file(s) for preRoute extraction...
/data/eda/project/techlib/tsmc28/TF/qrcTechFile
Generating auto layer map file.
Completed (cpu: 0:00:02.5 real: 0:00:04.0)
Set Shrink Factor to 0.90000 (from technology file)
Summary of Active RC-Corners : 
 
 Analysis View: view_foundry
    RC-Corner Name        : rc_foundry
    RC-Corner Index       : 0
    RC-Corner Temperature : 25 Celsius
    RC-Corner Cap Table   : ''
    RC-Corner PreRoute Res Factor         : 1
    RC-Corner PreRoute Cap Factor         : 1
    RC-Corner PostRoute Res Factor        : 1 {1 1 1}
    RC-Corner PostRoute Cap Factor        : 1 {1 1 1}
    RC-Corner PostRoute XCap Factor       : 1 {1 1 1}
    RC-Corner PreRoute Clock Res Factor   : 1	[Derived from postRoute_res (effortLevel low)]
    RC-Corner PreRoute Clock Cap Factor   : 1	[Derived from postRoute_cap (effortLevel low)]
    RC-Corner PostRoute Clock Cap Factor  : 1 {1 1 1} 	[Derived from postRoute_cap (effortLevel low)]
    RC-Corner PostRoute Clock Res Factor  : 1 {1 1 1} 	[Derived from postRoute_res (effortLevel low)]
    RC-Corner PostRoute Clock coupling capacitance Factor : 1 {1 1 1} 
    RC-Corner Technology file: '/data/eda/project/techlib/tsmc28/TF/qrcTechFile'
Updating RC Grid density data for preRoute extraction ...
Initializing multi-corner resistance tables ...
Default value for postRoute extraction mode's effortLevel (-effortLevel option of setExtractRCMode) changed to 'medium'.
*Info: initialize multi-corner CTS.
Reading timing constraints file '/data/eda/project/hima_harness/polishing-runs/custom-cell-fmax-dtco-20260918-074834-d067/flow/artifacts/foundry-synth/run-286a9906bd574730901db183499c65f8/results/base.dc.sdc' ...
Current (total cpu=0:00:25.0, real=0:00:19.0, peak res=2322.1M, current mem=2322.1M)
**WARN: (TCLCMD-1461):	Skipped unsupported command: set_units (File /data/eda/project/hima_harness/polishing-runs/custom-cell-fmax-dtco-20260918-074834-d067/flow/artifacts/foundry-synth/run-286a9906bd574730901db183499c65f8/results/base.dc.sdc, Line 8).

**WARN: (TCLCMD-1142):	Virtual clock 'vclk_clk' is being created with no source objects. (File /data/eda/project/hima_harness/polishing-runs/custom-cell-fmax-dtco-20260918-074834-d067/flow/artifacts/foundry-synth/run-286a9906bd574730901db183499c65f8/results/base.dc.sdc, Line 12).

INFO (CTE): Reading of timing constraints file /data/eda/project/hima_harness/polishing-runs/custom-cell-fmax-dtco-20260918-074834-d067/flow/artifacts/foundry-synth/run-286a9906bd574730901db183499c65f8/results/base.dc.sdc completed, with 2 WARNING
Ending "Constraint file reading stats" (total cpu=0:00:00.1, real=0:00:00.0, peak res=2336.5M, current mem=2336.5M)
Current (total cpu=0:00:25.1, real=0:00:19.0, peak res=2336.5M, current mem=2336.5M)
**WARN: (TA-976):	Path groups asserted by the group_path/set_path_adjust_group constraint are considered by the software to be global in nature - they cannot be restricted to specific constraint modes. Due to this restriction, the group_path/set_path_adjust_group constraint is not supported directly in the constraint files which are configured in mode-specific commands such as create_constraint_mode. The current group_path/set_path_adjust_group entry will be ignored. You can enter the group_path/set_path_adjust_group constraint interactively or as part of a general command script -  where it will be interpreted as global and will be in effect for all modes.
Total number of combinational cells: 588
Total number of sequential cells: 375
Total number of tristate cells: 7
Total number of level shifter cells: 0
Total number of power gating cells: 0
Total number of isolation cells: 0
Total number of power switch cells: 0
Total number of pulse generator cells: 0
Total number of always on buffers: 0
Total number of retention cells: 0
Total number of physical cells: 30
List of usable buffers: BUFFD0P7BWP40P140 BUFFD0BWP40P140 BUFFD12BWP40P140 BUFFD16BWP40P140 BUFFD1BWP40P140 BUFFD1P5BWP40P140 BUFFD2BWP40P140 BUFFD3BWP40P140 BUFFD4BWP40P140 BUFFD6BWP40P140 BUFFD8BWP40P140 CKBD1BWP40P140 CKBD0BWP40P140 CKBD12BWP40P140 CKBD16BWP40P140 CKBD2BWP40P140 CKBD3BWP40P140 CKBD4BWP40P140 CKBD6BWP40P140 CKBD8BWP40P140 DCCKBD12BWP40P140 DCCKBD16BWP40P140 DCCKBD4BWP40P140 DCCKBD8BWP40P140 DEL025D1BWP40P140
Total number of usable buffers: 25
List of unusable buffers: BUFFD20BWP40P140 BUFFD24BWP40P140 CKBD20BWP40P140 CKBD24BWP40P140 DCCKBD20BWP40P140 GBUFFD1BWP30P140 GBUFFD3BWP30P140 GBUFFD2BWP30P140 GBUFFD4BWP30P140 GBUFFD8BWP30P140
Total number of unusable buffers: 10
List of usable inverters: CKND1BWP40P140 CKND0BWP40P140 CKND12BWP40P140 CKND16BWP40P140 CKND2BWP40P140 CKND3BWP40P140 CKND4BWP40P140 CKND6BWP40P140 CKND8BWP40P140 DCCKND12BWP40P140 DCCKND16BWP40P140 DCCKND4BWP40P140 DCCKND8BWP40P140 INVD0P7BWP40P140 INVD0BWP40P140 INVD12BWP40P140 INVD15BWP40P140 INVD16BWP40P140 INVD18BWP40P140 INVD1BWP40P140 INVD2BWP40P140 INVD1P5BWP40P140 INVD3BWP40P140 INVD4BWP40P140 INVD6BWP40P140 INVD8BWP40P140 INVD9BWP40P140
Total number of usable inverters: 27
List of unusable inverters: CKND20BWP40P140 CKND24BWP40P140 DCCKND20BWP40P140 GINVD2BWP30P140 GINVD1BWP30P140 GINVD4BWP30P140 GINVD3BWP30P140 GINVD8BWP30P140 INVD20BWP40P140 INVD21BWP40P140 INVD24BWP40P140 INVD32BWP40P140
Total number of unusable inverters: 12
List of identified usable delay cells: DEL050MD1BWP40P140 DEL075MD1BWP40P140 DEL100MD1BWP40P140 DEL150MD1BWP40P140 DEL200MD1BWP40P140 DEL250MD1BWP40P140
Total number of identified usable delay cells: 6
List of identified unusable delay cells:
Total number of identified unusable delay cells: 0

*** Summary of all messages that are not suppressed in this session:
Severity  ID               Count  Summary                                  
WARNING   IMPLF-200            1  Pin '%s' in macro '%s' has no ANTENNAGAT...
WARNING   IMPFP-3961           2  The techSite '%s' has no related standar...
WARNING   TA-976               1  Path groups asserted by the group_path/s...
WARNING   TCLCMD-1142          1  Virtual clock '%s' is being created with...
WARNING   TCLCMD-1461          1  Skipped unsupported command: %s          
WARNING   TECHLIB-302         19  No function defined for cell '%s'. The c...
*** Message Summary: 25 warning(s), 0 error(s)

##  Process: 28            (User Set)               
##     Node: (not set)                           

##  Check design process and node:  
##  Design tech node is not set.

Applying the recommended capacitance filtering threshold values for 28nm process node: total_c_th=0, relative_c_th=1 and coupling_c_th=0.1.
	These values will be used by all post-route extraction engines, including TQuantus, IQuantus and Quantus QRC extraction.
	Capacitance filtering mode(-capFilterMode option of the setExtractRCMode) is 'relAndCoup' for all engines.
	The accuracy mode for postRoute effortLevel low extraction will be set to 'high'.
	Default value for EffortLevel(-effortLevel option of the setExtractRCMode) in postRoute extraction mode is 'medium'.
12916 new pwr-pin connections were made to global net 'VDD'.
12916 new gnd-pin connections were made to global net 'VSS'.
Adjusting coreMargin left    to finFet grid (PlacementGrid) : after adjusting :2.1
Adjusting coreMargin right   to finFet grid (PlacementGrid) : after adjusting :2.1
Adjusting core size to PlacementGrid : width :186.48 height : 185.4
**WARN: (IMPFP-3961):	The techSite 'dcore' has no related standard cells in the LEF/OA library. The calculations for this site type cannot be made unless standard cell models of this type exist in the LEF/OA library. Ignore this warning if the SITE is not used by the library. Alternatively, remove the SITE definition for the LEF/OA library to avoid this message.
Type 'man IMPFP-3961' for more detail.
**WARN: (IMPFP-3961):	The techSite 'ccore' has no related standard cells in the LEF/OA library. The calculations for this site type cannot be made unless standard cell models of this type exist in the LEF/OA library. Ignore this warning if the SITE is not used by the library. Alternatively, remove the SITE definition for the LEF/OA library to avoid this message.
Type 'man IMPFP-3961' for more detail.

Honor LEF defined pitches for advanced node
Start create_tracks
**WARN: (IMPFP-325):	Floorplan of the design is resized. All current floorplan objects are automatically derived based on specified new floorplan. This may change blocks, fixed standard cells, existing routes and blockages.

Usage: setNanoRouteMode [-help] [-reset]
                        [-route_adjust_auto_via_weight {true|false}]
                        [-route_allow_inst_overlaps {true|false}]
                        [-route_ignore_follow_pin_shapes {true|false}]
                        [-route_process_node <value>]
                        [-route_rc_extraction_corner <value>]
                        [-route_skip_analog {true|false}]
                        [-route_via_weight <value>]
                        [-route_detail_add_passive_fill_only_on_layers <value>]
                        [-route_detail_allow_passive_fill_only_in_layers <value>]
                        [-route_detail_antenna_eco_list_file <value>]
                        [-route_detail_auto_stop {true|false}]
                        [-route_detail_check_mar_on_cell_pin {true|false}]
                        [-route_detail_end_iteration <value>]
                        [-route_detail_fix_antenna <value>]
                        [-route_detail_fix_antenna_on_secondary_pg_nets {true|false}]
                        [-route_detail_fix_antenna_with_gate_array_filler_mode {true|false}]
                        [-route_detail_merge_abutting_cut {true|false}]
                        [-route_detail_min_length_for_spread_wire <value>]
                        [-route_detail_min_length_for_widen_wire <value>]
                        [-route_detail_min_slack_for_opt_wire <value>]
                        [-route_detail_no_taper_in_layers <value>]
                        [-route_detail_no_taper_on_output_pin <value>]
                        [-route_detail_on_grid_only <value>]
                        [-route_detail_post_route_litho_repair {true|false}]
                        [-route_detail_post_route_spread_wire <value>]
                        [-route_detail_post_route_swap_via <value>]
                        [-route_detail_postroute_via_priority <value>]
                        [-route_detail_post_route_via_pillar_effort <value>]
                        [-route_detail_post_route_wire_widen <value>]
                        [-route_detail_post_route_wire_widen_rule <value>]
                        [-route_detail_search_and_repair {true|false}]
                        [-route_detail_signoff_effort <value>]
                        [-route_detail_stub_routing_in_first_layer <value>]
                        [-route_detail_use_multi_cut_via_effort <value>]
                        [-route_number_fail_limit <value>]
                        [-route_number_thread <value>]
                        [-route_number_warning_limit <value>]
                        [-route_third_party_data {true|false}]
                        [-extract_keep_fill_wires {true|false}]
                        [-route_high_freq_constraint_groups <value>]
                        [-route_high_freq_match_report_file <value>]
                        [-route_high_freq_num_reserved_layers <value>]
                        [-route_high_freq_remove_floating_shield {true|false}]
                        [-route_high_freq_search_repair <value>]
                        [-route_high_freq_shield_trim_length <value>]
                        [-route_interposer_allow_diagonal_trunk <value>]
                        [-route_interposer_control_options <value>]
                        [-route_interposer_interlayer_shielding_layers <value>]
                        [-route_interposer_interlayer_shielding_nets <value>]
                        [-route_interposer_interlayer_shielding_offsets <value>]
                        [-route_interposer_interlayer_shielding_widths <value>]
                        [-route_interposer_same_layer_shielding_net <value>]
                        [-route_interposer_same_layer_shielding_width_spacing <value>]
                        [-route_interposer_trunk_routing_layers <value>]
                        [-route_interposer_trunk_routing_width_spacing <value>]
                        [-route_add_antenna_inst_prefix <value>]
                        [-route_allow_pin_as_feedthru <value>]
                        [-route_antenna_cell_name <value>]
                        [-route_concurrent_minimize_via_count_effort <value>]
                        [-route_connect_to_bumps {true|false}]
                        [-route_fix_clock_nets {true|false}]
                        [-route_route_clock_nets_first {true|false}]
                        [-route_disable_route_rule_on_via_pillar_to_special_net_wire <value>]
                        [-route_eco_ignore_existing_route <value>]
                        [-route_enable_route_rule_si_limit_length <value>]
                        [-route_enforce_route_rule_on_special_net_wire <value>]
                        [-route_extra_via_enclosure <value>]
                        [-route_honor_exclusive_region {true|false}]
                        [-route_honor_power_domain {true|false}]
                        [-route_ignore_antenna_top_cell_pin {true|false}]
                        [-route_antenna_diode_insertion {true|false}]
                        [-route_diode_insertion_for_clock_nets {true|false}]
                        [-route_shield_tap_cell_insertion {true|false}]
                        [-route_relaxed_route_rule_spacing_to_power_ground_nets <value>]
                        [-route_reserve_space_for_multi_cut {true|false}]
                        [-route_reverse_direction <value>]
                        [-route_selected_net_only {true|false}]
                        [-route_shield_crosstie_offset <value>]
                        [-route_shield_length_threshold <value>]
                        [-route_shield_report_skip_status {true|false}]
                        [-route_shield_stripe_layer_range <value>]
                        [-route_shield_tap_cell_name <value>]
                        [-route_strictly_honor_1d_routing <value>]
                        [-route_strict_honor_route_rule <value>]
                        [-route_stripe_layer_range <value>]
                        [-route_tieoff_to_shapes <value>]
                        [-route_trim_pull_back_distance_from_boundary <value>]
                        [-route_trunk_with_cluster_target_size <value>]
                        [-route_use_auto_via <value>]
                        [-route_with_eco {true|false}]
                        [-route_with_litho_driven {true|false}]
                        [-route_with_si_driven {true|false}]
                        [-route_with_timing_driven {true|false}]
                        [-route_with_trim_metal <value>]
                        [-route_with_via_in_pin <value>]
                        [-route_with_via_only_for_block_cell_pin <value>]
                        [-route_with_via_only_for_stdcell_pin <value>]

**ERROR: (IMPTCM-4):	The value "M7" specified for the int type of argument "-routeTopRoutingLayer" is not a valid integer. Review the command specification and remove the argument or specify a legal value.
HIMA_BATCH_ERROR: 

    while executing
"setNanoRouteMode -routeTopRoutingLayer M7"
    (file "/tmp/hima-512-pnr-probe/flow/artifacts/pnr-foundry/run-58a3b44c1ea74c04b9d0f9ce4ef2c4ad/init_foundry_bad_layer.tcl" line 36)
    invoked from within
"::se_source_orig /tmp/hima-512-pnr-probe/flow/artifacts/pnr-foundry/run-58a3b44c1ea74c04b9d0f9ce4ef2c4ad/init_foundry_bad_layer.tcl"
    ("uplevel" body line 1)
    invoked from within
"uplevel [concat ::se_source_orig  $args] "
    (procedure "source" line 225)
    invoked from within
"source {/tmp/hima-512-pnr-probe/flow/artifacts/pnr-foundry/run-58a3b44c1ea74c04b9d0f9ce4ef2c4ad/init_foundry_bad_layer.tcl}"

*** Memory Usage v#2 (Current mem = 2336.434M, initial mem = 835.781M) ***
*** Message Summary: 28 warning(s), 1 error(s)

--- Ending "Innovus" (totcpu=0:00:25.2, real=0:00:19.0, mem=2336.4M) ---

