$ node scripts/run-contract-tests.mjs local --files test/contract/ledger-import.test.ts
local: 1 selected; 39 unselected in local; other groups not run (not passes)
TAP version 13
# Subtest: explicit offline CLI imports v19 facts and a source hash receipt into a new empty home, read unchanged by a real Host
ok 1 - explicit offline CLI imports v19 facts and a source hash receipt into a new empty home, read unchanged by a real Host
  ---
  duration_ms: 4219.797
  type: 'test'
  ...
# Subtest: opening the original v19 home still fails the version gate without rewriting it
ok 2 - opening the original v19 home still fails the version gate without rewriting it
  ---
  duration_ms: 254.658959
  type: 'test'
  ...
# Subtest: wrong formats, future controls and unknown fields cannot be silently dropped during import
ok 3 - wrong formats, future controls and unknown fields cannot be silently dropped during import
  ---
  duration_ms: 49.822125
  type: 'test'
  ...
# Subtest: Run keys, record identity, site linkage and nextSeq cannot corrupt imported history
ok 4 - Run keys, record identity, site linkage and nextSeq cannot corrupt imported history
  ---
  duration_ms: 47.659709
  type: 'test'
  ...
# Subtest: v20-only Job, workspace and decision facts are refused even with a v19 header
ok 5 - v20-only Job, workspace and decision facts are refused even with a v19 header
  ---
  duration_ms: 13.89875
  type: 'test'
  ...
# Subtest: symlink files, symlink ancestors, occupied targets and source-containing targets are refused unchanged
ok 6 - symlink files, symlink ancestors, occupied targets and source-containing targets are refused unchanged
  ---
  duration_ms: 5.668958
  type: 'test'
  ...
# Subtest: mid-write failure and process death cannot publish a partial import or alter the source
not ok 7 - mid-write failure and process death cannot publish a partial import or alter the source
  ---
  duration_ms: 388.48575
  type: 'test'
  location: '/Users/lluzi/code/hima_harness_reforge_polishing/test/contract/ledger-import.test.ts:215:1'
  failureType: 'testCodeFailure'
  error: 'Missing expected rejection.'
  code: 'ERR_ASSERTION'
  name: 'AssertionError'
  expected:
    code: 'ENOENT'
  operator: 'rejects'
  stack: |-
    async TestContext.<anonymous> (file:///Users/lluzi/code/hima_harness_reforge_polishing/test/contract/ledger-import.test.ts:241:3)
    async Test.run (node:internal/test_runner/test:1404:7)
    async Test.processPendingSubtests (node:internal/test_runner/test:969:7)
  ...
# Subtest: the offline CLI requires both explicit paths and never defaults to DSH_HOME
ok 8 - the offline CLI requires both explicit paths and never defaults to DSH_HOME
  ---
  duration_ms: 76.555458
  type: 'test'
  ...
# Subtest: two simultaneous imports cannot replace the first complete destination
ok 9 - two simultaneous imports cannot replace the first complete destination
  ---
  duration_ms: 44.133875
  type: 'test'
  ...
1..9
# tests 9
# suites 0
# pass 8
# fail 1
# cancelled 0
# skipped 0
# todo 0
# duration_ms 5760.5955
Test boot attempts: {"host-process":0,"host-in-process":3,"electron":0}; Electron launches also start their own Host
SSH subprocess attempts: 0
local command exit code: 1; elapsed: 5.836 s; pass/fail/skip counts are in the TAP summary above
[ELIFECYCLE] Command failed with exit code 1.
