TAP version 13
# Subtest: clicking cancel while the Job sleeps ends the Run cancelled, the card shows the observed stop, and the tmux session is gone
ok 1 - clicking cancel while the Job sleeps ends the Run cancelled, the card shows the observed stop, and the tmux session is gone
  ---
  duration_ms: 14669.554666
  type: 'test'
  ...
# Subtest: a hard-blocked Run shows its blocker and the failed job's log tail, and clicking resume carries it on to its end
ok 2 - a hard-blocked Run shows its blocker and the failed job's log tail, and clicking resume carries it on to its end
  ---
  duration_ms: 24384.174333
  type: 'test'
  ...
1..2
# tests 2
# suites 0
# pass 2
# fail 0
# cancelled 0
# skipped 0
# todo 0
# duration_ms 39635.934834
