$ node scripts/run-contract-tests.mjs local --files test/contract/conversation-execution.host.test.ts
local: 1 selected; 45 unselected in local; other groups not run (not passes)
TAP version 13
# Subtest: hima_run prepares for the actual calling Agent and returns the same conversation context
ok 1 - hima_run prepares for the actual calling Agent and returns the same conversation context
  ---
  duration_ms: 3118.592875
  type: 'test'
  ...
# Subtest: controlled tools derive ownership, deduplicate admission, and refuse legacy mutation bypasses
not ok 2 - controlled tools derive ownership, deduplicate admission, and refuse legacy mutation bypasses
  ---
  duration_ms: 605.997958
  type: 'test'
  location: '/Users/lluzi/code/hima_harness_reforge_polishing/test/contract/conversation-execution.host.test.ts:31:1'
  failureType: 'testCodeFailure'
  error: |-
    {"isError":true,"error":{"message":"invalid arguments: \"action\" must be one of [\"begin\",\"work\",\"complete\",\"pause\",\"continue\",\"cancel\",\"handoff\",\"revise\",\"grow\",\"read\",\"write\",\"knowledge\",\"recommend\"]","info":{"name":"ToolArgsError","code":"INVALID_ARGS"}},"content":[{"type":"text","text":"Error: invalid arguments: \"action\" must be one of [\"begin\",\"work\",\"complete\",\"pause\",\"continue\",\"cancel\",\"handoff\",\"revise\",\"grow\",\"read\",\"write\",\"knowledge\",\"recommend\"]"}]}
    
    true !== false
    
  code: 'ERR_ASSERTION'
  name: 'AssertionError'
  expected: false
  actual: true
  operator: 'strictEqual'
  stack: |-
    value (file:///Users/lluzi/code/hima_harness_reforge_polishing/test/contract/conversation-execution.host.test.ts:41:14)
    TestContext.<anonymous> (file:///Users/lluzi/code/hima_harness_reforge_polishing/test/contract/conversation-execution.host.test.ts:77:22)
    async Test.run (node:internal/test_runner/test:1404:7)
    async Test.processPendingSubtests (node:internal/test_runner/test:969:7)
  ...
# Subtest: native preparation validates a live selected session and exposes durable control without rebinding on read
ok 3 - native preparation validates a live selected session and exposes durable control without rebinding on read
  ---
  duration_ms: 6069.457333
  type: 'test'
  ...
1..3
# tests 3
# suites 0
# pass 2
# fail 1
# cancelled 0
# skipped 0
# todo 0
# duration_ms 10479.208708
Test boot attempts: {"host-process":1,"host-in-process":2,"electron":0}; Electron launches also start their own Host
SSH subprocess attempts: 0
local command exit code: 1; elapsed: 10.600 s; pass/fail/skip counts are in the TAP summary above
[ELIFECYCLE] Command failed with exit code 1.
