$ node scripts/run-contract-tests.mjs local --files test/contract/agent-workshop.host.test.ts
local: 1 selected; 43 unselected in local; other groups not run (not passes)
TAP version 13
# Subtest: the actual conversational owner reads inputs and knowledge, writes a version and launches it without a hidden model session
ok 1 - the actual conversational owner reads inputs and knowledge, writes a version and launches it without a hidden model session
  ---
  duration_ms: 8769.518041
  type: 'test'
  ...
1..1
# tests 1
# suites 0
# pass 1
# fail 0
# cancelled 0
# skipped 0
# todo 0
# duration_ms 9358.108708
Test boot attempts: {"host-process":0,"host-in-process":1,"electron":0}; Electron launches also start their own Host
SSH subprocess attempts: 0
local command exit code: 0; elapsed: 9.423 s; pass/fail/skip counts are in the TAP summary above
