local: 1 selected; 40 unselected in local; other groups not run (not passes)
TAP version 13
# Subtest: production preparation refuses an unowned Run before any Job or Run is created
ok 1 - production preparation refuses an unowned Run before any Job or Run is created
  ---
  duration_ms: 4885.595834
  type: 'test'
  ...
# Subtest: a historical waiting Run observes its existing Job after restart without treating waiting as cancellation
ok 2 - a historical waiting Run observes its existing Job after restart without treating waiting as cancellation
  ---
  duration_ms: 2353.178167
  type: 'test'
  ...
# Subtest: an interrupted completion remains fenced even when its prior Job has a successful exit
ok 3 - an interrupted completion remains fenced even when its prior Job has a successful exit
  ---
  duration_ms: 2028.519791
  type: 'test'
  ...
# Subtest: adoption refuses missing method identity, changed input metadata and an interrupted boundary without a confirmed Job
ok 4 - adoption refuses missing method identity, changed input metadata and an interrupted boundary without a confirmed Job
  ---
  duration_ms: 2859.734
  type: 'test'
  ...
# Subtest: adoption carries an open historical human wait once and new pauses continue to spend the original time box
ok 5 - adoption carries an open historical human wait once and new pauses continue to spend the original time box
  ---
  duration_ms: 3639.60525
  type: 'test'
  ...
# Subtest: historical Runs keep their node boundary on restart and explicit adoption verifies v19 metadata without inventing history
ok 6 - historical Runs keep their node boundary on restart and explicit adoption verifies v19 metadata without inventing history
  ---
  duration_ms: 4899.766083
  type: 'test'
  ...
# Subtest: an interrupted admitted request stays uncertain after restart and does not free its Site or replay
ok 7 - an interrupted admitted request stays uncertain after restart and does not free its Site or replay
  ---
  duration_ms: 1258.703583
  type: 'test'
  ...
# Subtest: a restarted Host observes the exact Job after its launch receipt was lost and never chooses the next node
ok 8 - a restarted Host observes the exact Job after its launch receipt was lost and never chooses the next node
  ---
  duration_ms: 5379.174042
  type: 'test'
  ...
1..8
# tests 8
# suites 0
# pass 8
# fail 0
# cancelled 0
# skipped 0
# todo 0
# duration_ms 27925.336792
Test boot attempts: {"host-process":0,"host-in-process":13,"electron":0}; Electron launches also start their own Host
SSH subprocess attempts: 0
local command exit code: 0; elapsed: 28.006 s; pass/fail/skip counts are in the TAP summary above
