local: 1 selected; 40 unselected in local; other groups not run (not passes)
TAP version 13
# Subtest: production preparation refuses an unowned Run before any Job or Run is created
ok 1 - production preparation refuses an unowned Run before any Job or Run is created
  ---
  duration_ms: 3306.598084
  type: 'test'
  ...
# Subtest: an interrupted completion remains fenced even when its prior Job has a successful exit
not ok 2 - an interrupted completion remains fenced even when its prior Job has a successful exit
  ---
  duration_ms: 2030.098417
  type: 'test'
  location: '/Users/lluzi/code/hima_harness_reforge_polishing/.hima-tmp/pls-next/pls19-recovery/test/contract/agent-recovery.host.test.ts:63:1'
  failureType: 'testCodeFailure'
  error: |-
    a successful previous Job does not establish whether routing committed
    + actual - expected
    
    + 'working'
    - 'uncertain'
    
  code: 'ERR_ASSERTION'
  name: 'AssertionError'
  expected: 'uncertain'
  actual: 'working'
  operator: 'strictEqual'
  stack: |-
    TestContext.<anonymous> (file:///Users/lluzi/code/hima_harness_reforge_polishing/.hima-tmp/pls-next/pls19-recovery/test/contract/agent-recovery.host.test.ts:82:12)
    async Test.run (node:internal/test_runner/test:1313:7)
    async Test.processPendingSubtests (node:internal/test_runner/test:897:7)
  ...
# Subtest: adoption refuses missing method identity, changed input metadata and an interrupted boundary without a confirmed Job
ok 3 - adoption refuses missing method identity, changed input metadata and an interrupted boundary without a confirmed Job
  ---
  duration_ms: 2721.372292
  type: 'test'
  ...
# Subtest: adoption carries an open historical human wait once and new pauses continue to spend the original time box
ok 4 - adoption carries an open historical human wait once and new pauses continue to spend the original time box
  ---
  duration_ms: 3842.6815
  type: 'test'
  ...
# Subtest: historical Runs keep their node boundary on restart and explicit adoption verifies v19 metadata without inventing history
ok 5 - historical Runs keep their node boundary on restart and explicit adoption verifies v19 metadata without inventing history
  ---
  duration_ms: 4890.324125
  type: 'test'
  ...
# Subtest: an interrupted admitted request stays uncertain after restart and does not free its Site or replay
ok 6 - an interrupted admitted request stays uncertain after restart and does not free its Site or replay
  ---
  duration_ms: 993.728166
  type: 'test'
  ...
# Subtest: a restarted Host observes the exact Job after its launch receipt was lost and never chooses the next node
ok 7 - a restarted Host observes the exact Job after its launch receipt was lost and never chooses the next node
  ---
  duration_ms: 5386.888791
  type: 'test'
  ...
1..7
# tests 7
# suites 0
# pass 6
# fail 1
# cancelled 0
# skipped 0
# todo 0
# duration_ms 23735.807
Test boot attempts: {"host-process":0,"host-in-process":11,"electron":0}; Electron launches also start their own Host
SSH subprocess attempts: 0
local command exit code: 1; elapsed: 23.813 s; pass/fail/skip counts are in the TAP summary above
