local: 1 selected; 40 unselected in local; other groups not run (not passes)
TAP version 13
# Subtest: production preparation refuses an unowned Run before any Job or Run is created
ok 1 - production preparation refuses an unowned Run before any Job or Run is created
  ---
  duration_ms: 2581.823792
  type: 'test'
  ...
# Subtest: an interrupted admitted request stays uncertain after restart and does not free its Site or replay
not ok 2 - an interrupted admitted request stays uncertain after restart and does not free its Site or replay
  ---
  duration_ms: 1376.636167
  type: 'test'
  location: '/Users/lluzi/code/hima_harness_reforge_polishing/.hima-tmp/pls-next/pls19-recovery/test/contract/agent-recovery.host.test.ts:24:1'
  failureType: 'testCodeFailure'
  error: |-
    an unconfirmed launch cannot be advertised as stopped
    + actual - expected
    
    + 'cancelled'
    - 'not-stopped'
    
  code: 'ERR_ASSERTION'
  name: 'AssertionError'
  expected: 'not-stopped'
  actual: 'cancelled'
  operator: 'strictEqual'
  stack: |-
    TestContext.<anonymous> (file:///Users/lluzi/code/hima_harness_reforge_polishing/.hima-tmp/pls-next/pls19-recovery/test/contract/agent-recovery.host.test.ts:56:12)
    async Test.run (node:internal/test_runner/test:1313:7)
    async Test.processPendingSubtests (node:internal/test_runner/test:897:7)
  ...
# Subtest: a restarted Host observes the exact Job after its launch receipt was lost and never chooses the next node
ok 3 - a restarted Host observes the exact Job after its launch receipt was lost and never chooses the next node
  ---
  duration_ms: 5505.504208
  type: 'test'
  ...
1..3
# tests 3
# suites 0
# pass 2
# fail 1
# cancelled 0
# skipped 0
# todo 0
# duration_ms 10113.501709
Test boot attempts: {"host-process":0,"host-in-process":5,"electron":0}; Electron launches also start their own Host
SSH subprocess attempts: 0
local command exit code: 1; elapsed: 10.195 s; pass/fail/skip counts are in the TAP summary above
