✖ installed Pack ownership refuses unknown files even inside installer metadata, and method-only sharing never copies them (391.523916ms)
ℹ tests 1
ℹ suites 0
ℹ pass 0
ℹ fail 1
ℹ cancelled 0
ℹ skipped 0
ℹ todo 0
ℹ duration_ms 996.6235

✖ failing tests:

test at test/contract/pack-method-assets.test.ts:158:1
✖ installed Pack ownership refuses unknown files even inside installer metadata, and method-only sharing never copies them (391.523916ms)
  AssertionError [ERR_ASSERTION]: Missing expected exception.
      at TestContext.<anonymous> (file:///Users/lluzi/code/hima_harness_reforge_polishing/.hima-tmp/pls-next/pls13/test/contract/pack-method-assets.test.ts:169:10)
      at async Test.run (node:internal/test_runner/test:1404:7)
      at async startSubtestAfterBootstrap (node:internal/test_runner/harness:387:3) {
    generatedMessage: false,
    code: 'ERR_ASSERTION',
    actual: undefined,
    expected: /unknown|ownership/,
    operator: 'throws',
    diff: 'simple'
  }
