local: 1 selected; 34 unselected in local; other groups not run (not passes)
TAP version 13
# Subtest: repeated local seeding preserves the installed Pack customer archive byte for byte
ok 1 - repeated local seeding preserves the installed Pack customer archive byte for byte
  ---
  duration_ms: 233.114625
  type: 'test'
  ...
# Subtest: a real Host resumes the old Run against its original method after an installed version upgrade
ok 2 - a real Host resumes the old Run against its original method after an installed version upgrade
  ---
  duration_ms: 5518.475917
  type: 'test'
  ...
# Subtest: run assets leave method identity and legacy method-only seals unchanged, while a same-version method edit is refused
ok 3 - run assets leave method identity and legacy method-only seals unchanged, while a same-version method edit is refused
  ---
  duration_ms: 82.297875
  type: 'test'
  ...
# Subtest: an interrupted upgrade leaves customer assets and the original method recoverable and refuses a partial installation
ok 4 - an interrupted upgrade leaves customer assets and the original method recoverable and refuses a partial installation
  ---
  duration_ms: 55.048833
  type: 'test'
  ...
# Subtest: asset symlinks and parent-directory links refuse installation and method export without changing their targets
ok 5 - asset symlinks and parent-directory links refuse installation and method export without changing their targets
  ---
  duration_ms: 34.986958
  type: 'test'
  ...
# Subtest: legacy installations are adopted only by exact bytes and missing historical identity is never invented
ok 6 - legacy installations are adopted only by exact bytes and missing historical identity is never invented
  ---
  duration_ms: 53.029667
  type: 'test'
  ...
# Subtest: a method-only export preserves executable method scripts
ok 7 - a method-only export preserves executable method scripts
  ---
  duration_ms: 1672.555208
  type: 'test'
  ...
# Subtest: installed Pack ownership refuses unknown files even inside installer metadata, and method-only sharing never copies them
ok 8 - installed Pack ownership refuses unknown files even inside installer metadata, and method-only sharing never copies them
  ---
  duration_ms: 110.509958
  type: 'test'
  ...
1..8
# tests 8
# suites 0
# pass 8
# fail 0
# cancelled 0
# skipped 0
# todo 0
# duration_ms 8286.369666
Test boot attempts: {"host-process":0,"host-in-process":1,"electron":0}; Electron launches also start their own Host
SSH subprocess attempts: 0
local command exit code: 0; elapsed: 8.365 s; pass/fail/skip counts are in the TAP summary above
