$ node scripts/run-contract-tests.mjs local --files test/contract/agent-execution.host.test.ts
local: 1 selected; 37 unselected in local; other groups not run (not passes)
TAP version 13
# Subtest: a conversational owner prepares a Run without executing its first business node
ok 1 - a conversational owner prepares a Run without executing its first business node
  ---
  duration_ms: 3690.213167
  type: 'test'
  ...
# Subtest: the same Agent launches one node, pauses during its Job, validates completion and explicitly chooses the next node
not ok 2 - the same Agent launches one node, pauses during its Job, validates completion and explicitly chooses the next node
  ---
  duration_ms: 1214.817333
  type: 'test'
  location: '/Users/lluzi/code/hima_harness_reforge_polishing/test/contract/agent-execution.host.test.ts:30:1'
  failureType: 'testCodeFailure'
  error: |-
    Expected values to be strictly equal:
    + actual - expected
    
    + 'refused'
    - 'accepted'
    
  code: 'ERR_ASSERTION'
  name: 'AssertionError'
  expected: 'accepted'
  actual: 'refused'
  operator: 'strictEqual'
  stack: |-
    TestContext.<anonymous> (file:///Users/lluzi/code/hima_harness_reforge_polishing/test/contract/agent-execution.host.test.ts:51:12)
    async Test.run (node:internal/test_runner/test:1404:7)
    async Test.processPendingSubtests (node:internal/test_runner/test:969:7)
  ...
# Subtest: pause and an explicit handoff fence old owners without changing Goal or budget
ok 3 - pause and an explicit handoff fence old owners without changing Goal or budget
  ---
  duration_ms: 1021.802417
  type: 'test'
  ...
# Subtest: node admission is owned, versioned and idempotent before any Job exists
ok 4 - node admission is owned, versioned and idempotent before any Job exists
  ---
  duration_ms: 954.977458
  type: 'test'
  ...
1..4
# tests 4
# suites 0
# pass 3
# fail 1
# cancelled 0
# skipped 0
# todo 0
# duration_ms 7647.5115
Test boot attempts: {"host-process":0,"host-in-process":4,"electron":0}; Electron launches also start their own Host
SSH subprocess attempts: 0
local command exit code: 1; elapsed: 7.799 s; pass/fail/skip counts are in the TAP summary above
[ELIFECYCLE] Command failed with exit code 1.
