$ node scripts/run-contract-tests.mjs local --files test/contract/agent-graph.host.test.ts
local: 1 selected; 40 unselected in local; other groups not run (not passes)
TAP version 13
# Subtest: explore rejects invented success and invalid strategy, then follows the owner choice and actual goal evidence
not ok 1 - explore rejects invented success and invalid strategy, then follows the owner choice and actual goal evidence
  ---
  duration_ms: 9684.745958
  type: 'test'
  location: '/Users/lluzi/code/hima_harness_reforge_polishing/.hima-tmp/pls-next/pls19-graph-implementation/test/contract/agent-graph.host.test.ts:113:1'
  failureType: 'testCodeFailure'
  error: |-
    complete next-period: {"kind":"refused","context":{"run":{"id":"run-3972cd83-92e5-4c45-b253-52b1bde4d5cc","campaignId":"opene902-timing-probe-20260912-174555-a98b","siteId":"local","packId":"opene902-timing-probe","purpose":"campaign","packDigest":"4010c632866b30892e2667c0aa822a9d9d3abc795ee464ffba56c1048324929d","goal":{"target_period_ns":2.3},"budget":{"timeBoxMs":3600000,"retryAllowance":3,"jobCap":2,"licences":{"Design-Compiler":2},"generationLimit":3},"firstStrategy":{"periodNs":2.4},"generation":1,"control":{"mode":"agent","owner":"session-6551e8b1-a4d8-430d-aa02-bcfb8145ec67","epoch":1,"revision":11,"paused":[],"executions":{"execution-974419c9-1275-4688-aee2-6ffb4dc6a0c8":{"id":"execution-974419c9-1275-4688-aee2-6ffb4dc6a0c8","nodeId":"synthesize","kind":"act","generation":1,"attempt":1,"methodDigest":"4010c632866b30892e2667c0aa822a9d9d3abc795ee464ffba56c1048324929d","inputDigest":"bbb075bbbd8d4f9e3d43edcc1c5fe1bf84125ff4ff889200f9e7667c5e1efaef","phase":"completed","inputThroughSeq":1,"intent":{"runId":"run-3972cd83-92e5-4c45-b253-52b1bde4d5cc","siteId":"local","job":{"session":"hima-3972cd83-synthesize-3268ad","workspace":"/private/tmp/hima-tests-51nOPA/hima-home-Kaaegd/workspace/opene902-timing-probe-20260912-174555-a98b","name":"synthesize","startedAt":"2026-09-12T17:45:59.538Z","wire":"'make' '-C' '/private/tmp/hima-tests-51nOPA/hima-home-Kaaegd/workspace/opene902-timing-probe-20260912-174555-a98b/flow' 'DESIGN=opene902' 'synth' 'CLOCK_PERIOD_NS=2.4' 'FORCE_SYNTH=1' 'EDA_CONTAINER_NAME=hima-opene902-timing-probe-20260912-174555-a98b' > '/private/tmp/hima-tests-51nOPA/hima-home-Kaaegd/workspace/opene902-timing-probe-20260912-174555-a98b/hima-3972cd83-synthesize-3268ad.log' 2>&1; printf '%s\\n' \"$?\" > '/private/tmp/hima-tests-51nOPA/hima-home-Kaaegd/workspace/opene902-timing-probe-20260912-174555-a98b/hima-3972cd83-synthesize-3268ad.exit'"},"nodeId":"synthesize","licences":{"Design-Compiler":1},"attempt":1},"result":{"kind":"settled"},"jobSession":"hima-3972cd83-synthesize-3268ad"},"execution-29c2cd15-3dd9-4cb0-a101-2916bc85d97c":{"id":"execution-29c2cd15-3dd9-4cb0-a101-2916bc85d97c","nodeId":"read-qor","kind":"act","generation":1,"attempt":1,"methodDigest":"4010c632866b30892e2667c0aa822a9d9d3abc795ee464ffba56c1048324929d","inputDigest":"bbb075bbbd8d4f9e3d43edcc1c5fe1bf84125ff4ff889200f9e7667c5e1efaef","phase":"completed","inputThroughSeq":5,"result":{"kind":"settled"}},"execution-6c3d9dfb-180a-4be1-9d43-2ab4f340f6b2":{"id":"execution-6c3d9dfb-180a-4be1-9d43-2ab4f340f6b2","nodeId":"judge","kind":"judge","generation":1,"attempt":1,"methodDigest":"4010c632866b30892e2667c0aa822a9d9d3abc795ee464ffba56c1048324929d","inputDigest":"df735a71cb2df631e29e236bbddfb1196781e8eb3174063c34ec56d46a7fbaa1","phase":"completed","inputThroughSeq":8,"result":{"kind":"settled","outcome":"PASS"}},"execution-5986eb3c-e509-4017-8004-b6e9a942c5b0":{"id":"execution-5986eb3c-e509-4017-8004-b6e9a942c5b0","nodeId":"next-period","kind":"explore","generation":1,"attempt":1,"methodDigest":"4010c632866b30892e2667c0aa822a9d9d3abc795ee464ffba56c1048324929d","inputDigest":"b1a38ddc1871cd4fa352483a43e991f608b4b8323bda67eca5524a0c5eed15ca","phase":"ready","inputThroughSeq":11,"result":{"kind":"settled"}}},"requests":{"graph-1":{"digest":"1c2d93c3d09a7c96f5fcc047f680f490d2854e26a20e229428053dec4feb7c0e","actor":"session-6551e8b1-a4d8-430d-aa02-bcfb8145ec67","epoch":1,"revision":0,"origin":"agent","at":"2026-09-12T17:45:59.406Z","state":"done","receipt":{"requestId":"graph-1","action":"begin","executionId":"execution-974419c9-1275-4688-aee2-6ffb4dc6a0c8"}},"graph-2":{"digest":"ddf4f253ddf9cbb4fd813d3e4b373b9a57ef0316fe3695bbf630dc783f730a96","actor":"session-6551e8b1-a4d8-430d-aa02-bcfb8145ec67","epoch":1,"revision":1,"origin":"agent","at":"2026-09-12T17:45:59.497Z","state":"done","receipt":{"requestId":"graph-2","action":"work","executionId":"execution-974419c9-1275-4688-aee2-6ffb4dc6a0c8"}},"graph-3":{"digest":"58cd800d1ac2ee3f9b9f87409bf1ed7e03974c244f6fcc774553a0b7caa6096b","actor":"session-6551e8b1-a4d8-430d-aa02-bcfb8145ec67","epoch":1,"revision":2,"origin":"agent","at":"2026-09-12T17:46:00.338Z","state":"done","receipt":{"requestId":"graph-3","action":"complete","executionId":"execution-974419c9-1275-4688-aee2-6ffb4dc6a0c8"}},"graph-4":{"digest":"76db37195e1cffe659bcfc11ceb43e60e49a28c5976fe7781b748054c61353df","actor":"session-6551e8b1-a4d8-430d-aa02-bcfb8145ec67","epoch":1,"revision":3,"origin":"agent","at":"2026-09-12T17:46:00.393Z","state":"done","receipt":{"requestId":"graph-4","action":"begin","executionId":"execution-29c2cd15-3dd9-4cb0-a101-2916bc85d97c"}},"graph-5":{"digest":"7f4889e611e1786946b17044c0c4e153cde7fea64435d432a4e3bc00a8bc2547","actor":"session-6551e8b1-a4d8-430d-aa02-bcfb8145ec67","epoch":1,"revision":4,"origin":"agent","at":"2026-09-12T17:46:00.445Z","state":"done","receipt":{"requestId":"graph-5","action":"work","executionId":"execution-29c2cd15-3dd9-4cb0-a101-2916bc85d97c"}},"graph-6":{"digest":"cd99b6a5f0cc23e8e44c6d3a502e9aa059bea4884ab4bc8215dbfd2c17436edb","actor":"session-6551e8b1-a4d8-430d-aa02-bcfb8145ec67","epoch":1,"revision":5,"origin":"agent","at":"2026-09-12T17:46:00.553Z","state":"done","receipt":{"requestId":"graph-6","action":"complete","executionId":"execution-29c2cd15-3dd9-4cb0-a101-2916bc85d97c"}},"graph-7":{"digest":"dd5e878ef6fbfebb97c4f6e27d804a1f7c7fe98746ee9c67584658373c84195d","actor":"session-6551e8b1-a4d8-430d-aa02-bcfb8145ec67","epoch":1,"revision":6,"origin":"agent","at":"2026-09-12T17:46:00.613Z","state":"done","receipt":{"requestId":"graph-7","action":"begin","executionId":"execution-6c3d9dfb-180a-4be1-9d43-2ab4f340f6b2"}},"graph-8":{"digest":"1b6dc4bafc7f66def885c735d45bb40ae1d54d34308e3360a8c413402059de2c","actor":"session-6551e8b1-a4d8-430d-aa02-bcfb8145ec67","epoch":1,"revision":7,"origin":"agent","at":"2026-09-12T17:46:00.665Z","state":"done","receipt":{"requestId":"graph-8","action":"work","executionId":"execution-6c3d9dfb-180a-4be1-9d43-2ab4f340f6b2"}},"graph-9":{"digest":"22ecf534f31d707da97830abc28bc8ef85efb00dc430bc3d091703aa80bafe80","actor":"session-6551e8b1-a4d8-430d-aa02-bcfb8145ec67","epoch":1,"revision":8,"origin":"agent","at":"2026-09-12T17:46:00.774Z","state":"done","receipt":{"requestId":"graph-9","action":"complete","executionId":"execution-6c3d9dfb-180a-4be1-9d43-2ab4f340f6b2"}},"graph-10":{"digest":"ab9d032ef56fa1d51576491295e8862548f1bd43f1e15522f6b61dfe3511719f","actor":"session-6551e8b1-a4d8-430d-aa02-bcfb8145ec67","epoch":1,"revision":9,"origin":"agent","at":"2026-09-12T17:46:00.824Z","state":"done","receipt":{"requestId":"graph-10","action":"begin","executionId":"execution-5986eb3c-e509-4017-8004-b6e9a942c5b0"}},"graph-11":{"digest":"ce8bff9e4ba09f7dba3cfc50cbdfb52065a8a10789eb050a062ad1b943685537","actor":"session-6551e8b1-a4d8-430d-aa02-bcfb8145ec67","epoch":1,"revision":10,"origin":"agent","at":"2026-09-12T17:46:00.869Z","state":"done","receipt":{"requestId":"graph-11","action":"work","executionId":"execution-5986eb3c-e509-4017-8004-b6e9a942c5b0"}}},"siteDigest":"267f580db74113f3780cfedefa280892a322bcebb5afb72e729ccdd0392c9877"},"createdAt":"2026-09-12T17:45:55.806Z","nextSeq":12,"status":"running","currentNode":"next-period","strategy":{"periodNs":2.4},"meters":{"elapsedMs":5063,"jobsLaunched":1,"attempts":2,"licenceMs":{"Design-Compiler":637},"generationMs":[1562]}},"nodes":[{"id":"synthesize","kind":"act","parameters":{"tool":"synth","arguments":{"PERIOD_NS":{"from":"strategy","name":"periodNs"}}}},{"id":"read-qor","kind":"act","parameters":{"observes":"qorReport","arguments":{}}},{"id":"judge","kind":"judge","parameters":{"rules":["setup-wns-all-nonnegative","clock-period-at-most"],"bind":{"target_period_ns":{"from":"goal","name":"target_period_ns"}}}},{"id":"next-period","kind":"explore","parameters":{"chooser":"over-constraining-push","bind":{"stepNs":0.05},"converge":{"read":"period","band":0.05,"generations":1,"generationLimit":6}}},{"id":"blocked","kind":"wait","parameters":{"blocker":"hard-blocker"}}],"available":["next-period"],"executions":[{"id":"execution-974419c9-1275-4688-aee2-6ffb4dc6a0c8","nodeId":"synthesize","kind":"act","generation":1,"attempt":1,"methodDigest":"4010c632866b30892e2667c0aa822a9d9d3abc795ee464ffba56c1048324929d","inputDigest":"bbb075bbbd8d4f9e3d43edcc1c5fe1bf84125ff4ff889200f9e7667c5e1efaef","phase":"completed","inputThroughSeq":1,"intent":{"runId":"run-3972cd83-92e5-4c45-b253-52b1bde4d5cc","siteId":"local","job":{"session":"hima-3972cd83-synthesize-3268ad","workspace":"/private/tmp/hima-tests-51nOPA/hima-home-Kaaegd/workspace/opene902-timing-probe-20260912-174555-a98b","name":"synthesize","startedAt":"2026-09-12T17:45:59.538Z","wire":"'make' '-C' '/private/tmp/hima-tests-51nOPA/hima-home-Kaaegd/workspace/opene902-timing-probe-20260912-174555-a98b/flow' 'DESIGN=opene902' 'synth' 'CLOCK_PERIOD_NS=2.4' 'FORCE_SYNTH=1' 'EDA_CONTAINER_NAME=hima-opene902-timing-probe-20260912-174555-a98b' > '/private/tmp/hima-tests-51nOPA/hima-home-Kaaegd/workspace/opene902-timing-probe-20260912-174555-a98b/hima-3972cd83-synthesize-3268ad.log' 2>&1; printf '%s\\n' \"$?\" > '/private/tmp/hima-tests-51nOPA/hima-home-Kaaegd/workspace/opene902-timing-probe-20260912-174555-a98b/hima-3972cd83-synthesize-3268ad.exit'"},"nodeId":"synthesize","licences":{"Design-Compiler":1},"attempt":1},"result":{"kind":"settled"},"jobSession":"hima-3972cd83-synthesize-3268ad"},{"id":"execution-29c2cd15-3dd9-4cb0-a101-2916bc85d97c","nodeId":"read-qor","kind":"act","generation":1,"attempt":1,"methodDigest":"4010c632866b30892e2667c0aa822a9d9d3abc795ee464ffba56c1048324929d","inputDigest":"bbb075bbbd8d4f9e3d43edcc1c5fe1bf84125ff4ff889200f9e7667c5e1efaef","phase":"completed","inputThroughSeq":5,"result":{"kind":"settled"}},{"id":"execution-6c3d9dfb-180a-4be1-9d43-2ab4f340f6b2","nodeId":"judge","kind":"judge","generation":1,"attempt":1,"methodDigest":"4010c632866b30892e2667c0aa822a9d9d3abc795ee464ffba56c1048324929d","inputDigest":"df735a71cb2df631e29e236bbddfb1196781e8eb3174063c34ec56d46a7fbaa1","phase":"completed","inputThroughSeq":8,"result":{"kind":"settled","outcome":"PASS"}},{"id":"execution-5986eb3c-e509-4017-8004-b6e9a942c5b0","nodeId":"next-period","kind":"explore","generation":1,"attempt":1,"methodDigest":"4010c632866b30892e2667c0aa822a9d9d3abc795ee464ffba56c1048324929d","inputDigest":"b1a38ddc1871cd4fa352483a43e991f608b4b8323bda67eca5524a0c5eed15ca","phase":"ready","inputThroughSeq":11,"result":{"kind":"settled"}}]},"reason":"this node requires its explicit exploration or human decision"}
    + actual - expected
    
    + 'refused'
    - 'accepted'
    
  code: 'ERR_ASSERTION'
  name: 'AssertionError'
  expected: 'accepted'
  actual: 'refused'
  operator: 'strictEqual'
  stack: |-
    Object.complete (file:///Users/lluzi/code/hima_harness_reforge_polishing/.hima-tmp/pls-next/pls19-graph-implementation/test/contract/agent-graph.host.test.ts:57:12)
    async file:///Users/lluzi/code/hima_harness_reforge_polishing/.hima-tmp/pls-next/pls19-graph-implementation/test/contract/agent-graph.host.test.ts:139:5
    async campaign (file:///Users/lluzi/code/hima_harness_reforge_polishing/.hima-tmp/pls-next/pls19-graph-implementation/test/contract/agent-graph.host.test.ts:103:5)
    async TestContext.<anonymous> (file:///Users/lluzi/code/hima_harness_reforge_polishing/.hima-tmp/pls-next/pls19-graph-implementation/test/contract/agent-graph.host.test.ts:114:3)
    async Test.run (node:internal/test_runner/test:1404:7)
    async startSubtestAfterBootstrap (node:internal/test_runner/harness:387:3)
  ...
# Subtest: a valid next-strategy request at the generation budget records an honest ending without another Job
not ok 2 - a valid next-strategy request at the generation budget records an honest ending without another Job
  ---
  duration_ms: 2378.6495
  type: 'test'
  location: '/Users/lluzi/code/hima_harness_reforge_polishing/.hima-tmp/pls-next/pls19-graph-implementation/test/contract/agent-graph.host.test.ts:165:1'
  failureType: 'testCodeFailure'
  error: |-
    complete next-period: {"kind":"refused","context":{"run":{"id":"run-24dac7c6-3e95-4d30-95b6-41777ac6a728","campaignId":"opene902-timing-probe-20260912-174601-3055","siteId":"local","packId":"opene902-timing-probe","purpose":"campaign","packDigest":"4010c632866b30892e2667c0aa822a9d9d3abc795ee464ffba56c1048324929d","goal":{"target_period_ns":2},"budget":{"timeBoxMs":3600000,"retryAllowance":3,"jobCap":2,"licences":{"Design-Compiler":2},"generationLimit":1},"firstStrategy":{"periodNs":2.3},"generation":1,"control":{"mode":"agent","owner":"session-a8fada21-0242-4cf6-afd4-696c8c2b7e58","epoch":1,"revision":11,"paused":[],"executions":{"execution-57fbf48a-008e-4e9e-b2b1-bace55c9a333":{"id":"execution-57fbf48a-008e-4e9e-b2b1-bace55c9a333","nodeId":"synthesize","kind":"act","generation":1,"attempt":1,"methodDigest":"4010c632866b30892e2667c0aa822a9d9d3abc795ee464ffba56c1048324929d","inputDigest":"543bb595d44a148ba7842a5606b3f7c0c0b252f8adbfb6f74694202a3c306ea4","phase":"completed","inputThroughSeq":1,"intent":{"runId":"run-24dac7c6-3e95-4d30-95b6-41777ac6a728","siteId":"local","job":{"session":"hima-24dac7c6-synthesize-7f32fa","workspace":"/private/tmp/hima-tests-51nOPA/hima-home-wseCJt/workspace/opene902-timing-probe-20260912-174601-3055","name":"synthesize","startedAt":"2026-09-12T17:46:01.868Z","wire":"'make' '-C' '/private/tmp/hima-tests-51nOPA/hima-home-wseCJt/workspace/opene902-timing-probe-20260912-174601-3055/flow' 'DESIGN=opene902' 'synth' 'CLOCK_PERIOD_NS=2.3' 'FORCE_SYNTH=1' 'EDA_CONTAINER_NAME=hima-opene902-timing-probe-20260912-174601-3055' > '/private/tmp/hima-tests-51nOPA/hima-home-wseCJt/workspace/opene902-timing-probe-20260912-174601-3055/hima-24dac7c6-synthesize-7f32fa.log' 2>&1; printf '%s\\n' \"$?\" > '/private/tmp/hima-tests-51nOPA/hima-home-wseCJt/workspace/opene902-timing-probe-20260912-174601-3055/hima-24dac7c6-synthesize-7f32fa.exit'"},"nodeId":"synthesize","licences":{"Design-Compiler":1},"attempt":1},"result":{"kind":"settled"},"jobSession":"hima-24dac7c6-synthesize-7f32fa"},"execution-dbcc2c62-bb2b-4524-a36b-313f5eb36311":{"id":"execution-dbcc2c62-bb2b-4524-a36b-313f5eb36311","nodeId":"read-qor","kind":"act","generation":1,"attempt":1,"methodDigest":"4010c632866b30892e2667c0aa822a9d9d3abc795ee464ffba56c1048324929d","inputDigest":"543bb595d44a148ba7842a5606b3f7c0c0b252f8adbfb6f74694202a3c306ea4","phase":"completed","inputThroughSeq":5,"result":{"kind":"settled"}},"execution-9eb0b4ec-ad57-4c8d-b78d-ad5b3a6fbaa1":{"id":"execution-9eb0b4ec-ad57-4c8d-b78d-ad5b3a6fbaa1","nodeId":"judge","kind":"judge","generation":1,"attempt":1,"methodDigest":"4010c632866b30892e2667c0aa822a9d9d3abc795ee464ffba56c1048324929d","inputDigest":"976e664c01e0b25e0acf3354ab6a64d1755b626ac161908d32d88cb39719a101","phase":"completed","inputThroughSeq":8,"result":{"kind":"settled","outcome":"PASS"}},"execution-51eb30f4-f138-4813-82fe-40233aa050fe":{"id":"execution-51eb30f4-f138-4813-82fe-40233aa050fe","nodeId":"next-period","kind":"explore","generation":1,"attempt":1,"methodDigest":"4010c632866b30892e2667c0aa822a9d9d3abc795ee464ffba56c1048324929d","inputDigest":"7d902ebd253e2fb0184ec4fd764e3e8de26221285c6486de71b83958c7abc148","phase":"ready","inputThroughSeq":11,"result":{"kind":"settled"}}},"requests":{"graph-1":{"digest":"778e10c736d53ece39d450a4f7fd026609180b8e8fd0591e71313c66f9ac7a07","actor":"session-a8fada21-0242-4cf6-afd4-696c8c2b7e58","epoch":1,"revision":0,"origin":"agent","at":"2026-09-12T17:46:01.777Z","state":"done","receipt":{"requestId":"graph-1","action":"begin","executionId":"execution-57fbf48a-008e-4e9e-b2b1-bace55c9a333"}},"graph-2":{"digest":"834d99b16a6c5aac09c10fd5b03a139527f593d53927ecdfb716af088fce7e80","actor":"session-a8fada21-0242-4cf6-afd4-696c8c2b7e58","epoch":1,"revision":1,"origin":"agent","at":"2026-09-12T17:46:01.847Z","state":"done","receipt":{"requestId":"graph-2","action":"work","executionId":"execution-57fbf48a-008e-4e9e-b2b1-bace55c9a333"}},"graph-3":{"digest":"9334af62920ffb3d3574ee9b7a02bb97f7bc71c479407f2ad38d6ff66faa02c1","actor":"session-a8fada21-0242-4cf6-afd4-696c8c2b7e58","epoch":1,"revision":2,"origin":"agent","at":"2026-09-12T17:46:02.641Z","state":"done","receipt":{"requestId":"graph-3","action":"complete","executionId":"execution-57fbf48a-008e-4e9e-b2b1-bace55c9a333"}},"graph-4":{"digest":"0dbcfdf7f4f5d3af23036b389cc3cb12ea81426cc3e10bc7c33cb3239789b690","actor":"session-a8fada21-0242-4cf6-afd4-696c8c2b7e58","epoch":1,"revision":3,"origin":"agent","at":"2026-09-12T17:46:02.700Z","state":"done","receipt":{"requestId":"graph-4","action":"begin","executionId":"execution-dbcc2c62-bb2b-4524-a36b-313f5eb36311"}},"graph-5":{"digest":"35bf24016e386d0e073ad628f69e14baa06144a4a51bd2b0182a40054bda21a4","actor":"session-a8fada21-0242-4cf6-afd4-696c8c2b7e58","epoch":1,"revision":4,"origin":"agent","at":"2026-09-12T17:46:02.765Z","state":"done","receipt":{"requestId":"graph-5","action":"work","executionId":"execution-dbcc2c62-bb2b-4524-a36b-313f5eb36311"}},"graph-6":{"digest":"454d45ad91b477056dc8f53c7a4bc1e687e0b55b6084af2bc5b65abc4b8819ce","actor":"session-a8fada21-0242-4cf6-afd4-696c8c2b7e58","epoch":1,"revision":5,"origin":"agent","at":"2026-09-12T17:46:02.897Z","state":"done","receipt":{"requestId":"graph-6","action":"complete","executionId":"execution-dbcc2c62-bb2b-4524-a36b-313f5eb36311"}},"graph-7":{"digest":"e4953474ae69652d34378833b640d8f269d03bc499d66a9866f2a6b76c6e656c","actor":"session-a8fada21-0242-4cf6-afd4-696c8c2b7e58","epoch":1,"revision":6,"origin":"agent","at":"2026-09-12T17:46:02.966Z","state":"done","receipt":{"requestId":"graph-7","action":"begin","executionId":"execution-9eb0b4ec-ad57-4c8d-b78d-ad5b3a6fbaa1"}},"graph-8":{"digest":"aea6c23bd19ae6eece592cc96dc62611b337309086911477e178a6b6be1e7ab6","actor":"session-a8fada21-0242-4cf6-afd4-696c8c2b7e58","epoch":1,"revision":7,"origin":"agent","at":"2026-09-12T17:46:03.023Z","state":"done","receipt":{"requestId":"graph-8","action":"work","executionId":"execution-9eb0b4ec-ad57-4c8d-b78d-ad5b3a6fbaa1"}},"graph-9":{"digest":"cea5dfb079100ca8c6c91f6bc696f674e6bc6704d22bfdaca1483f6f1ce4b7a9","actor":"session-a8fada21-0242-4cf6-afd4-696c8c2b7e58","epoch":1,"revision":8,"origin":"agent","at":"2026-09-12T17:46:03.163Z","state":"done","receipt":{"requestId":"graph-9","action":"complete","executionId":"execution-9eb0b4ec-ad57-4c8d-b78d-ad5b3a6fbaa1"}},"graph-10":{"digest":"50afbd203d026e67bdea875340f96521abc2e9a04828eda0f742e1eab1b150da","actor":"session-a8fada21-0242-4cf6-afd4-696c8c2b7e58","epoch":1,"revision":9,"origin":"agent","at":"2026-09-12T17:46:03.231Z","state":"done","receipt":{"requestId":"graph-10","action":"begin","executionId":"execution-51eb30f4-f138-4813-82fe-40233aa050fe"}},"graph-11":{"digest":"9ecac03311c16c841847df11d4f21174d4f583ed6dfdc1b9eb9ff27c0049021c","actor":"session-a8fada21-0242-4cf6-afd4-696c8c2b7e58","epoch":1,"revision":10,"origin":"agent","at":"2026-09-12T17:46:03.293Z","state":"done","receipt":{"requestId":"graph-11","action":"work","executionId":"execution-51eb30f4-f138-4813-82fe-40233aa050fe"}}},"siteDigest":"01304097cc9d1096c86098e6e3613ca0c23c66ae54fb1fc0ea9129a1a62ebbe7"},"createdAt":"2026-09-12T17:46:01.572Z","nextSeq":12,"status":"running","currentNode":"next-period","strategy":{"periodNs":2.3},"meters":{"elapsedMs":1721,"jobsLaunched":1,"attempts":2,"licenceMs":{"Design-Compiler":613},"generationMs":[1578]}},"nodes":[{"id":"synthesize","kind":"act","parameters":{"tool":"synth","arguments":{"PERIOD_NS":{"from":"strategy","name":"periodNs"}}}},{"id":"read-qor","kind":"act","parameters":{"observes":"qorReport","arguments":{}}},{"id":"judge","kind":"judge","parameters":{"rules":["setup-wns-all-nonnegative","clock-period-at-most"],"bind":{"target_period_ns":{"from":"goal","name":"target_period_ns"}}}},{"id":"next-period","kind":"explore","parameters":{"chooser":"over-constraining-push","bind":{"stepNs":0.05},"converge":{"read":"period","band":0.05,"generations":1,"generationLimit":6}}},{"id":"blocked","kind":"wait","parameters":{"blocker":"hard-blocker"}}],"available":["next-period"],"executions":[{"id":"execution-57fbf48a-008e-4e9e-b2b1-bace55c9a333","nodeId":"synthesize","kind":"act","generation":1,"attempt":1,"methodDigest":"4010c632866b30892e2667c0aa822a9d9d3abc795ee464ffba56c1048324929d","inputDigest":"543bb595d44a148ba7842a5606b3f7c0c0b252f8adbfb6f74694202a3c306ea4","phase":"completed","inputThroughSeq":1,"intent":{"runId":"run-24dac7c6-3e95-4d30-95b6-41777ac6a728","siteId":"local","job":{"session":"hima-24dac7c6-synthesize-7f32fa","workspace":"/private/tmp/hima-tests-51nOPA/hima-home-wseCJt/workspace/opene902-timing-probe-20260912-174601-3055","name":"synthesize","startedAt":"2026-09-12T17:46:01.868Z","wire":"'make' '-C' '/private/tmp/hima-tests-51nOPA/hima-home-wseCJt/workspace/opene902-timing-probe-20260912-174601-3055/flow' 'DESIGN=opene902' 'synth' 'CLOCK_PERIOD_NS=2.3' 'FORCE_SYNTH=1' 'EDA_CONTAINER_NAME=hima-opene902-timing-probe-20260912-174601-3055' > '/private/tmp/hima-tests-51nOPA/hima-home-wseCJt/workspace/opene902-timing-probe-20260912-174601-3055/hima-24dac7c6-synthesize-7f32fa.log' 2>&1; printf '%s\\n' \"$?\" > '/private/tmp/hima-tests-51nOPA/hima-home-wseCJt/workspace/opene902-timing-probe-20260912-174601-3055/hima-24dac7c6-synthesize-7f32fa.exit'"},"nodeId":"synthesize","licences":{"Design-Compiler":1},"attempt":1},"result":{"kind":"settled"},"jobSession":"hima-24dac7c6-synthesize-7f32fa"},{"id":"execution-dbcc2c62-bb2b-4524-a36b-313f5eb36311","nodeId":"read-qor","kind":"act","generation":1,"attempt":1,"methodDigest":"4010c632866b30892e2667c0aa822a9d9d3abc795ee464ffba56c1048324929d","inputDigest":"543bb595d44a148ba7842a5606b3f7c0c0b252f8adbfb6f74694202a3c306ea4","phase":"completed","inputThroughSeq":5,"result":{"kind":"settled"}},{"id":"execution-9eb0b4ec-ad57-4c8d-b78d-ad5b3a6fbaa1","nodeId":"judge","kind":"judge","generation":1,"attempt":1,"methodDigest":"4010c632866b30892e2667c0aa822a9d9d3abc795ee464ffba56c1048324929d","inputDigest":"976e664c01e0b25e0acf3354ab6a64d1755b626ac161908d32d88cb39719a101","phase":"completed","inputThroughSeq":8,"result":{"kind":"settled","outcome":"PASS"}},{"id":"execution-51eb30f4-f138-4813-82fe-40233aa050fe","nodeId":"next-period","kind":"explore","generation":1,"attempt":1,"methodDigest":"4010c632866b30892e2667c0aa822a9d9d3abc795ee464ffba56c1048324929d","inputDigest":"7d902ebd253e2fb0184ec4fd764e3e8de26221285c6486de71b83958c7abc148","phase":"ready","inputThroughSeq":11,"result":{"kind":"settled"}}]},"reason":"this node requires its explicit exploration or human decision"}
    + actual - expected
    
    + 'refused'
    - 'accepted'
    
  code: 'ERR_ASSERTION'
  name: 'AssertionError'
  expected: 'accepted'
  actual: 'refused'
  operator: 'strictEqual'
  stack: |-
    Object.complete (file:///Users/lluzi/code/hima_harness_reforge_polishing/.hima-tmp/pls-next/pls19-graph-implementation/test/contract/agent-graph.host.test.ts:57:12)
    async file:///Users/lluzi/code/hima_harness_reforge_polishing/.hima-tmp/pls-next/pls19-graph-implementation/test/contract/agent-graph.host.test.ts:171:5
    async campaign (file:///Users/lluzi/code/hima_harness_reforge_polishing/.hima-tmp/pls-next/pls19-graph-implementation/test/contract/agent-graph.host.test.ts:103:5)
    async TestContext.<anonymous> (file:///Users/lluzi/code/hima_harness_reforge_polishing/.hima-tmp/pls-next/pls19-graph-implementation/test/contract/agent-graph.host.test.ts:166:3)
    async Test.run (node:internal/test_runner/test:1404:7)
    async Test.processPendingSubtests (node:internal/test_runner/test:969:7)
  ...
# Subtest: fork branches require explicit work, node pause fences dependents only, and join uses each branch evidence
not ok 3 - fork branches require explicit work, node pause fences dependents only, and join uses each branch evidence
  ---
  duration_ms: 1096.996583
  type: 'test'
  location: '/Users/lluzi/code/hima_harness_reforge_polishing/.hima-tmp/pls-next/pls19-graph-implementation/test/contract/agent-graph.host.test.ts:189:1'
  failureType: 'testCodeFailure'
  error: |-
    Expected values to be strictly deep-equal:
    + actual - expected
    
      [
    +   'judge'
    -   'synth-b',
    -   'synthesize'
      ]
    
  code: 'ERR_ASSERTION'
  name: 'AssertionError'
  expected:
    0: 'synth-b'
    1: 'synthesize'
  actual:
    0: 'judge'
  operator: 'deepStrictEqual'
  stack: |-
    file:///Users/lluzi/code/hima_harness_reforge_polishing/.hima-tmp/pls-next/pls19-graph-implementation/test/contract/agent-graph.host.test.ts:192:12
    async campaign (file:///Users/lluzi/code/hima_harness_reforge_polishing/.hima-tmp/pls-next/pls19-graph-implementation/test/contract/agent-graph.host.test.ts:103:5)
    async TestContext.<anonymous> (file:///Users/lluzi/code/hima_harness_reforge_polishing/.hima-tmp/pls-next/pls19-graph-implementation/test/contract/agent-graph.host.test.ts:190:3)
    async Test.run (node:internal/test_runner/test:1404:7)
    async Test.processPendingSubtests (node:internal/test_runner/test:969:7)
  ...
# Subtest: a declared nested Loop exposes entry and each inner generation without helper-driven Jobs
not ok 4 - a declared nested Loop exposes entry and each inner generation without helper-driven Jobs
  ---
  duration_ms: 1215.731458
  type: 'test'
  location: '/Users/lluzi/code/hima_harness_reforge_polishing/.hima-tmp/pls-next/pls19-graph-implementation/test/contract/agent-graph.host.test.ts:244:1'
  failureType: 'testCodeFailure'
  error: |-
    complete probe: {"kind":"refused","context":{"run":{"id":"run-04403fd1-b360-4951-b1d4-b2b4459f0d51","campaignId":"agent-graph-loop-20260912-174605-a95c","siteId":"local","packId":"agent-graph-loop","purpose":"campaign","packDigest":"e20737aac1a959b5b1c3ea51a300d756f3fc49ad4e7316f4a8517a28a7ccbec8","goal":{"target_period_ns":2},"budget":{"timeBoxMs":3600000,"retryAllowance":3,"jobCap":2,"licences":{"Design-Compiler":2},"generationLimit":3},"firstStrategy":{"periodNs":2.3},"generation":1,"control":{"mode":"agent","owner":"session-f1ff770f-9287-4fcc-a1a8-1a50e508c778","epoch":1,"revision":2,"paused":[],"executions":{"execution-e72ab153-f1fc-4b0c-a4dd-8994a79e6bc8":{"id":"execution-e72ab153-f1fc-4b0c-a4dd-8994a79e6bc8","nodeId":"probe","kind":"explore","generation":1,"attempt":1,"methodDigest":"e20737aac1a959b5b1c3ea51a300d756f3fc49ad4e7316f4a8517a28a7ccbec8","inputDigest":"34276433050fc571d4ca7e5a0abefe67d28bff54cdfbe453def8545c1896e633","phase":"ready","inputThroughSeq":1,"result":{"kind":"settled"}}},"requests":{"graph-1":{"digest":"c460c9612580335f0d973f110c97b73a335a7eeb60f0fb1dc076381f4fdb4cc2","actor":"session-f1ff770f-9287-4fcc-a1a8-1a50e508c778","epoch":1,"revision":0,"origin":"agent","at":"2026-09-12T17:46:05.506Z","state":"done","receipt":{"requestId":"graph-1","action":"begin","executionId":"execution-e72ab153-f1fc-4b0c-a4dd-8994a79e6bc8"}},"graph-2":{"digest":"5637764ff63a7626d7700e26b7912700d8a851b000c37f747392ca0ee71ae2cf","actor":"session-f1ff770f-9287-4fcc-a1a8-1a50e508c778","epoch":1,"revision":1,"origin":"agent","at":"2026-09-12T17:46:05.604Z","state":"done","receipt":{"requestId":"graph-2","action":"work","executionId":"execution-e72ab153-f1fc-4b0c-a4dd-8994a79e6bc8"}}},"siteDigest":"8a9cc205d76c7e691a2e903bd732782870b2a14a0f662a46d52dff345340b486"},"createdAt":"2026-09-12T17:46:05.018Z","nextSeq":2,"status":"running","currentNode":"probe","strategy":{"periodNs":2.3},"meters":{"elapsedMs":586,"jobsLaunched":0,"attempts":0,"generationMs":[166]}},"nodes":[{"id":"probe","kind":"explore","parameters":{"opens":"push","bind":{}}},{"id":"final-read","kind":"act","parameters":{"observes":"qorReport","arguments":{}}},{"id":"blocked","kind":"wait","parameters":{"blocker":"hard-blocker"}},{"id":"synthesize","kind":"act","parameters":{"tool":"synth","arguments":{"PERIOD_NS":{"from":"strategy","name":"periodNs"}}}},{"id":"read-qor","kind":"act","parameters":{"observes":"qorReport","arguments":{}}},{"id":"judge","kind":"judge","parameters":{"rules":["setup-wns-all-nonnegative","clock-period-at-most"],"bind":{"target_period_ns":{"from":"goal","name":"target_period_ns"}}}},{"id":"next-period","kind":"explore","parameters":{"chooser":"over-constraining-push","bind":{"stepNs":0.05},"converge":{"read":"period","band":0.05,"generations":1,"generationLimit":2}}}],"available":["probe"],"executions":[{"id":"execution-e72ab153-f1fc-4b0c-a4dd-8994a79e6bc8","nodeId":"probe","kind":"explore","generation":1,"attempt":1,"methodDigest":"e20737aac1a959b5b1c3ea51a300d756f3fc49ad4e7316f4a8517a28a7ccbec8","inputDigest":"34276433050fc571d4ca7e5a0abefe67d28bff54cdfbe453def8545c1896e633","phase":"ready","inputThroughSeq":1,"result":{"kind":"settled"}}]},"reason":"this node requires its explicit exploration or human decision"}
    + actual - expected
    
    + 'refused'
    - 'accepted'
    
  code: 'ERR_ASSERTION'
  name: 'AssertionError'
  expected: 'accepted'
  actual: 'refused'
  operator: 'strictEqual'
  stack: |-
    Object.complete (file:///Users/lluzi/code/hima_harness_reforge_polishing/.hima-tmp/pls-next/pls19-graph-implementation/test/contract/agent-graph.host.test.ts:57:12)
    async file:///Users/lluzi/code/hima_harness_reforge_polishing/.hima-tmp/pls-next/pls19-graph-implementation/test/contract/agent-graph.host.test.ts:248:5
    async campaign (file:///Users/lluzi/code/hima_harness_reforge_polishing/.hima-tmp/pls-next/pls19-graph-implementation/test/contract/agent-graph.host.test.ts:103:5)
    async TestContext.<anonymous> (file:///Users/lluzi/code/hima_harness_reforge_polishing/.hima-tmp/pls-next/pls19-graph-implementation/test/contract/agent-graph.host.test.ts:245:3)
    async Test.run (node:internal/test_runner/test:1404:7)
    async Test.processPendingSubtests (node:internal/test_runner/test:969:7)
  ...
1..4
# tests 4
# suites 0
# pass 0
# fail 4
# cancelled 0
# skipped 0
# todo 0
# duration_ms 15091.47525
Test boot attempts: {"host-process":0,"host-in-process":4,"electron":0}; Electron launches also start their own Host
SSH subprocess attempts: 0
local command exit code: 1; elapsed: 15.233 s; pass/fail/skip counts are in the TAP summary above
[ELIFECYCLE] Command failed with exit code 1.
