$ node scripts/run-contract-tests.mjs local --files test/contract/agent-graph.host.test.ts
local: 1 selected; 40 unselected in local; other groups not run (not passes)
TAP version 13
# Subtest: explore rejects invented success and invalid strategy, then follows the owner choice and actual goal evidence
ok 1 - explore rejects invented success and invalid strategy, then follows the owner choice and actual goal evidence
  ---
  duration_ms: 12213.738625
  type: 'test'
  ...
# Subtest: a valid next-strategy request at the generation budget records an honest ending without another Job
ok 2 - a valid next-strategy request at the generation budget records an honest ending without another Job
  ---
  duration_ms: 2985.507292
  type: 'test'
  ...
# Subtest: fork branches require explicit work, node pause fences dependents only, and join uses each branch evidence
ok 3 - fork branches require explicit work, node pause fences dependents only, and join uses each branch evidence
  ---
  duration_ms: 4736.483459
  type: 'test'
  ...
# Subtest: a declared nested Loop exposes entry and each inner generation without helper-driven Jobs
ok 4 - a declared nested Loop exposes entry and each inner generation without helper-driven Jobs
  ---
  duration_ms: 5515.892791
  type: 'test'
  ...
1..4
# tests 4
# suites 0
# pass 4
# fail 0
# cancelled 0
# skipped 0
# todo 0
# duration_ms 26267.261791
Test boot attempts: {"host-process":0,"host-in-process":4,"electron":0}; Electron launches also start their own Host
SSH subprocess attempts: 0
local command exit code: 0; elapsed: 26.371 s; pass/fail/skip counts are in the TAP summary above
