$ node scripts/run-contract-tests.mjs local --files test/contract/agent-graph.host.test.ts
local: 1 selected; 40 unselected in local; other groups not run (not passes)
TAP version 13
# Subtest: explore rejects invented success and invalid strategy, then follows the owner choice and actual goal evidence
ok 1 - explore rejects invented success and invalid strategy, then follows the owner choice and actual goal evidence
  ---
  duration_ms: 10912.096833
  type: 'test'
  ...
# Subtest: a valid next-strategy request at the generation budget records an honest ending without another Job
ok 2 - a valid next-strategy request at the generation budget records an honest ending without another Job
  ---
  duration_ms: 3401.104042
  type: 'test'
  ...
# Subtest: fork branches require explicit work, node pause fences dependents only, and join uses each branch evidence
ok 3 - fork branches require explicit work, node pause fences dependents only, and join uses each branch evidence
  ---
  duration_ms: 4967.538625
  type: 'test'
  ...
# Subtest: a declared nested Loop exposes entry and each inner generation without helper-driven Jobs
ok 4 - a declared nested Loop exposes entry and each inner generation without helper-driven Jobs
  ---
  duration_ms: 6694.858375
  type: 'test'
  ...
# Subtest: an invalid fixed chooser recommendation does not veto a valid owner strategy
ok 5 - an invalid fixed chooser recommendation does not veto a valid owner strategy
  ---
  duration_ms: 3253.757458
  type: 'test'
  ...
# Subtest: Pack wait needs a human clearance followed by explicit Agent completion
ok 6 - Pack wait needs a human clearance followed by explicit Agent completion
  ---
  duration_ms: 1453.555666
  type: 'test'
  ...
1..6
# tests 6
# suites 0
# pass 6
# fail 0
# cancelled 0
# skipped 0
# todo 0
# duration_ms 31703.54875
Test boot attempts: {"host-process":0,"host-in-process":6,"electron":0}; Electron launches also start their own Host
SSH subprocess attempts: 0
local command exit code: 0; elapsed: 31.846 s; pass/fail/skip counts are in the TAP summary above
