$ node scripts/run-contract-tests.mjs local --files test/contract/agent-graph.host.test.ts test/contract/agent-recovery.host.test.ts
local: 2 selected; 57 unselected in local; other groups not run (not passes)
TAP version 13
# Subtest: fork exploration uses a fresh unbranched observation and Judge, never the last branch success
ok 1 - fork exploration uses a fresh unbranched observation and Judge, never the last branch success
  ---
  duration_ms: 10688.596084
  type: 'test'
  ...
# Subtest: fork consolidation cannot bypass its fresh Judge on a revisit
ok 2 - fork consolidation cannot bypass its fresh Judge on a revisit
  ---
  duration_ms: 431.996833
  type: 'test'
  ...
# Subtest: explore rejects invented success and invalid strategy, then follows the owner choice and actual goal evidence
ok 3 - explore rejects invented success and invalid strategy, then follows the owner choice and actual goal evidence
  ---
  duration_ms: 3977.207042
  type: 'test'
  ...
# Subtest: a valid next-strategy request at the generation budget records an honest ending without another Job
ok 4 - a valid next-strategy request at the generation budget records an honest ending without another Job
  ---
  duration_ms: 2057.500791
  type: 'test'
  ...
# Subtest: fork branches require explicit work, node pause fences dependents only, and join uses each branch evidence
ok 5 - fork branches require explicit work, node pause fences dependents only, and join uses each branch evidence
  ---
  duration_ms: 3835.579792
  type: 'test'
  ...
# Subtest: a declared nested Loop exposes entry and each inner generation without helper-driven Jobs
ok 6 - a declared nested Loop exposes entry and each inner generation without helper-driven Jobs
  ---
  duration_ms: 4695.615333
  type: 'test'
  ...
# Subtest: an invalid fixed chooser recommendation does not veto a valid owner strategy
ok 7 - an invalid fixed chooser recommendation does not veto a valid owner strategy
  ---
  duration_ms: 2181.122084
  type: 'test'
  ...
# Subtest: Pack wait needs a human clearance followed by explicit Agent completion
ok 8 - Pack wait needs a human clearance followed by explicit Agent completion
  ---
  duration_ms: 903.754541
  type: 'test'
  ...
# Subtest: production preparation refuses an unowned Run before any Job or Run is created
ok 9 - production preparation refuses an unowned Run before any Job or Run is created
  ---
  duration_ms: 2237.600042
  type: 'test'
  ...
# Subtest: a historical waiting Run observes its existing Job after restart without treating waiting as cancellation
ok 10 - a historical waiting Run observes its existing Job after restart without treating waiting as cancellation
  ---
  duration_ms: 2785.472833
  type: 'test'
  ...
# Subtest: an interrupted completion remains fenced even when its prior Job has a successful exit
ok 11 - an interrupted completion remains fenced even when its prior Job has a successful exit
  ---
  duration_ms: 1812.117042
  type: 'test'
  ...
# Subtest: adoption refuses missing method identity, changed input metadata and an interrupted boundary without a confirmed Job
ok 12 - adoption refuses missing method identity, changed input metadata and an interrupted boundary without a confirmed Job
  ---
  duration_ms: 2707.362792
  type: 'test'
  ...
# Subtest: adoption carries an open historical human wait once and new pauses continue to spend the original time box
ok 13 - adoption carries an open historical human wait once and new pauses continue to spend the original time box
  ---
  duration_ms: 3724.955125
  type: 'test'
  ...
# Subtest: historical Runs keep their node boundary on restart and explicit adoption verifies v19 metadata without inventing history
ok 14 - historical Runs keep their node boundary on restart and explicit adoption verifies v19 metadata without inventing history
  ---
  duration_ms: 5375.024125
  type: 'test'
  ...
# Subtest: an interrupted admitted request stays uncertain after restart and does not free its Site or replay
ok 15 - an interrupted admitted request stays uncertain after restart and does not free its Site or replay
  ---
  duration_ms: 1124.436
  type: 'test'
  ...
# Subtest: a restarted Host observes the exact Job after its launch receipt was lost and never chooses the next node
ok 16 - a restarted Host observes the exact Job after its launch receipt was lost and never chooses the next node
  ---
  duration_ms: 5416.205625
  type: 'test'
  ...
# Subtest: restart repairs an owed report of an ended owned Run after a real Site write fault without advancing it
ok 17 - restart repairs an owed report of an ended owned Run after a real Site write fault without advancing it
  ---
  duration_ms: 1119.249083
  type: 'test'
  ...
# Subtest: restart repairs an owed report of an ended historical Run after a real Site write fault without advancing it
ok 18 - restart repairs an owed report of an ended historical Run after a real Site write fault without advancing it
  ---
  duration_ms: 937.513667
  type: 'test'
  ...
1..18
# tests 18
# suites 0
# pass 18
# fail 0
# cancelled 0
# skipped 0
# todo 0
# duration_ms 57128.436208
Test boot attempts: {"host-process":0,"host-in-process":27,"electron":0}; Electron launches also start their own Host
SSH subprocess attempts: 0
local command exit code: 0; elapsed: 57.231 s; pass/fail/skip counts are in the TAP summary above
