$ node scripts/run-contract-tests.mjs local --files test/contract/agent-execution.host.test.ts
local: 1 selected; 35 unselected in local; other groups not run (not passes)
TAP version 13
# Subtest: a conversational owner prepares a Run without executing its first business node
not ok 1 - a conversational owner prepares a Run without executing its first business node
  ---
  duration_ms: 6379.786666
  type: 'test'
  location: '/Users/lluzi/code/hima_harness_reforge_polishing/test/contract/agent-execution.host.test.ts:8:1'
  failureType: 'testCodeFailure'
  error: |-
    Expected values to be strictly equal:
    + actual - expected
    
    + 'ended-budget-exhausted'
    - 'running'
    
  code: 'ERR_ASSERTION'
  name: 'AssertionError'
  expected: 'running'
  actual: 'ended-budget-exhausted'
  operator: 'strictEqual'
  stack: |-
    TestContext.<anonymous> (file:///Users/lluzi/code/hima_harness_reforge_polishing/test/contract/agent-execution.host.test.ts:20:12)
    async Test.run (node:internal/test_runner/test:1404:7)
    async startSubtestAfterBootstrap (node:internal/test_runner/harness:387:3)
  ...
1..1
# tests 1
# suites 0
# pass 0
# fail 1
# cancelled 0
# skipped 0
# todo 0
# duration_ms 6952.431417
Test boot attempts: {"host-process":0,"host-in-process":1,"electron":0}; Electron launches also start their own Host
SSH subprocess attempts: 0
local command exit code: 1; elapsed: 7.029 s; pass/fail/skip counts are in the TAP summary above
[ELIFECYCLE] Command failed with exit code 1.
