$ node scripts/run-contract-tests.mjs local --files test/contract/agent-execution.host.test.ts
local: 1 selected; 35 unselected in local; other groups not run (not passes)
TAP version 13
# Subtest: a conversational owner prepares a Run without executing its first business node
ok 1 - a conversational owner prepares a Run without executing its first business node
  ---
  duration_ms: 10338.26
  type: 'test'
  ...
# Subtest: node admission is owned, versioned and idempotent before any Job exists
ok 2 - node admission is owned, versioned and idempotent before any Job exists
  ---
  duration_ms: 2715.378958
  type: 'test'
  ...
1..2
# tests 2
# suites 0
# pass 2
# fail 0
# cancelled 0
# skipped 0
# todo 0
# duration_ms 14083.271542
Test boot attempts: {"host-process":0,"host-in-process":2,"electron":0}; Electron launches also start their own Host
SSH subprocess attempts: 0
local command exit code: 0; elapsed: 14.182 s; pass/fail/skip counts are in the TAP summary above
