$ node scripts/run-contract-tests.mjs local --files test/contract/pack.test.ts test/contract/honest-standin.test.ts test/contract/view-run.test.ts
local: 3 selected; 17 unselected in local; other groups not run (not passes)
TAP version 13
# Subtest: on a stand-in that reports no margin for a met period, timing-push loosens by its guard band every generation and ends at the limit, while over-constraining-push converges below the achievable period and ends goal-met when the goal is reachable
ok 1 - on a stand-in that reports no margin for a met period, timing-push loosens by its guard band every generation and ends at the limit, while over-constraining-push converges below the achievable period and ends goal-met when the goal is reachable
  ---
  duration_ms: 22657.999208
  type: 'test'
  ...
# Subtest: the shipped pack is a folder of plain files whose graph is act, act, judge, explore, with PASS and FAIL into the explore node and one revisit edge back
ok 2 - the shipped pack is a folder of plain files whose graph is act, act, judge, explore, with PASS and FAIL into the explore node and one revisit edge back
  ---
  duration_ms: 9.073125
  type: 'test'
  ...
# Subtest: the legacy timing-push chooser is a YAML file beside the judge rules, and states its rule as data
ok 3 - the legacy timing-push chooser is a YAML file beside the judge rules, and states its rule as data
  ---
  duration_ms: 0.847416
  type: 'test'
  ...
# Subtest: the check on a site that binds every input reports the inputs, the tool, the rules and the reader, with no errors
ok 4 - the check on a site that binds every input reports the inputs, the tool, the rules and the reader, with no errors
  ---
  duration_ms: 473.088791
  type: 'test'
  ...
# pack opene902-timing-probe@2 on site local: fit — 3 of 3 inputs bound, 1 tool, 2 rules, 1 reader, 1 chooser, 1 licence
# inputs:
#   flowRoot = /private/tmp/hima-tests-EAQb7I/hima-home-fuWfoq/standin-flow
#   design = opene902
#   workspaceRoot = /private/tmp/hima-tests-EAQb7I/hima-home-fuWfoq/workspace
# tools:
#   synth (tools/synth.sh): "make" is an allowed wrapper of site local
# rules:
#   setup-wns-all-nonnegative@1: found
#   clock-period-at-most@1: found
# readers:
#   dc-qor-report@1 reads qorReport: found
# choosers:
#   over-constraining-push@1 chooses at next-period: found
# licences:
#   synth holds 1 of "Design-Compiler": site local declares 1
# Subtest: a site that binds only some of the pack's inputs fails the check, naming the input it did not bind
ok 5 - a site that binds only some of the pack's inputs fails the check, naming the input it did not bind
  ---
  duration_ms: 238.443
  type: 'test'
  ...
# Subtest: a pack whose tool runs a command the site does not allow fails the check, naming the command
not ok 6 - a pack whose tool runs a command the site does not allow fails the check, naming the command
  ---
  duration_ms: 156.281292
  type: 'test'
  location: '/Users/lluzi/code/hima_harness_reforge_polishing/.hima-tmp/pls04-worktree/test/contract/pack.test.ts:206:1'
  failureType: 'testCodeFailure'
  error: |-
    pack reaches-for-curl@2 on site local: unfit — 1 error; 3 of 3 inputs bound, 1 tool, 2 rules, 1 reader, 1 chooser, 1 licence
    inputs:
      flowRoot = /private/tmp/hima-tests-EAQb7I/hima-home-67256m/standin-flow
      design = opene902
      workspaceRoot = /private/tmp/hima-tests-EAQb7I/hima-home-67256m/workspace
    tools:
      synth (tools/synth.sh): "curl" is not an allowed wrapper of site local (allowed: sh, make)
    rules:
      setup-wns-all-nonnegative@1: found
      clock-period-at-most@1: found
    readers:
      dc-qor-report@1 reads qorReport: found
    choosers:
      over-constraining-push@1 chooses at next-period: found
    licences:
      synth holds 1 of "Design-Compiler": site local declares 1
    errors:
      - tool "synth": "curl" is not an allowed wrapper of site local (allowed: sh, make)
  code: 'ERR_ASSERTION'
  name: 'AssertionError'
  expected:
  actual: |-
    pack reaches-for-curl@2 on site local: unfit — 1 error; 3 of 3 inputs bound, 1 tool, 2 rules, 1 reader, 1 chooser, 1 licence
    inputs:
      flowRoot = /private/tmp/hima-tests-EAQb7I/hima-home-67256m/standin-flow
      design = opene902
      workspaceRoot = /private/tmp/hima-tests-EAQb7I/hima-home-67256m/workspace
    tools:
      synth (tools/synth.sh): "curl" is not an allowed wrapper of site local (allowed: sh, make)
    rules:
      setup-wns-all-nonnegative@1: found
      clock-period-at-most@1: found
    readers:
      dc-qor-report@1 reads qorReport: found
    choosers:
      over-constraining-push@1 chooses at next-period: found
    licences:
      synth holds 1 of "Design-Compiler": site local declares 1
    errors:
      - tool "synth": "curl" is not an allowed wrapper of site local (allowed: sh, make)
  operator: 'match'
  stack: |-
    TestContext.<anonymous> (file:///Users/lluzi/code/hima_harness_reforge_polishing/.hima-tmp/pls04-worktree/test/contract/pack.test.ts:220:12)
    async Test.run (node:internal/test_runner/test:1404:7)
    async Test.processPendingSubtests (node:internal/test_runner/test:969:7)
  ...
# Subtest: a pack referencing a rule that does not exist fails the check, naming the rule
ok 7 - a pack referencing a rule that does not exist fails the check, naming the rule
  ---
  duration_ms: 134.139541
  type: 'test'
  ...
# Subtest: a pack naming a reader that does not exist fails the check, naming the reader
ok 8 - a pack naming a reader that does not exist fails the check, naming the reader
  ---
  duration_ms: 137.745792
  type: 'test'
  ...
# Subtest: a pack naming a chooser that does not exist fails the check, naming the chooser
ok 9 - a pack naming a chooser that does not exist fails the check, naming the chooser
  ---
  duration_ms: 193.8315
  type: 'test'
  ...
# Subtest: a pack binding a negative value to the chooser's parameter fails the check, naming the parameter
ok 10 - a pack binding a negative value to the chooser's parameter fails the check, naming the parameter
  ---
  duration_ms: 158.629625
  type: 'test'
  ...
# Subtest: a pack whose explore node binds nothing for the chooser's parameter fails the check, naming the parameter
ok 11 - a pack whose explore node binds nothing for the chooser's parameter fails the check, naming the parameter
  ---
  duration_ms: 136.014167
  type: 'test'
  ...
# Subtest: a pack whose act node takes an argument from a strategy knob its contract does not declare is refused when the pack is loaded, naming the knob
ok 12 - a pack whose act node takes an argument from a strategy knob its contract does not declare is refused when the pack is loaded, naming the knob
  ---
  duration_ms: 130.395167
  type: 'test'
  ...
# Subtest: a pack the packs directory does not hold is an error naming what was looked for, not an empty answer
ok 13 - a pack the packs directory does not hold is an error naming what was looked for, not an empty answer
  ---
  duration_ms: 145.813791
  type: 'test'
  ...
# Subtest: preparing a campaign on the local site creates its workspace, copies the flow into it, and records what it prepared
ok 14 - preparing a campaign on the local site creates its workspace, copies the flow into it, and records what it prepared
  ---
  duration_ms: 184.837042
  type: 'test'
  ...
# Subtest: preparing the same campaign twice copies nothing the second time and says so
ok 15 - preparing the same campaign twice copies nothing the second time and says so
  ---
  duration_ms: 253.982542
  type: 'test'
  ...
# Subtest: a workspace that is there but carries no workspace.json is not prepared over the top of
ok 16 - a workspace that is there but carries no workspace.json is not prepared over the top of
  ---
  duration_ms: 156.727541
  type: 'test'
  ...
# Subtest: a workspace prepared for another design is not reused for this one: it says whose it is and prepares nothing
ok 17 - a workspace prepared for another design is not reused for this one: it says whose it is and prepares nothing
  ---
  duration_ms: 243.75275
  type: 'test'
  ...
# Subtest: a workspace prepared from a shorter copy list than the pack now declares is not reused: it names the piece that is missing and copies nothing
ok 18 - a workspace prepared from a shorter copy list than the pack now declares is not reused: it names the piece that is missing and copies nothing
  ---
  duration_ms: 234.991416
  type: 'test'
  ...
# Subtest: a dangling symlink where the workspace goes is refused: a write would follow it wherever it points
ok 19 - a dangling symlink where the workspace goes is refused: a write would follow it wherever it points
  ---
  duration_ms: 180.595959
  type: 'test'
  ...
# Subtest: a workspace.json that cannot be read as one is an answer, not a crash
ok 20 - a workspace.json that cannot be read as one is an answer, not a crash
  ---
  duration_ms: 169.070958
  type: 'test'
  ...
# Subtest: a campaign whose workspace root is outside the permit's write roots is refused before anything is created
ok 21 - a campaign whose workspace root is outside the permit's write roots is refused before anything is created
  ---
  duration_ms: 201.312666
  type: 'test'
  ...
# Subtest: the channel admits exactly the verbs workspace preparation runs, and they are nobody else's
ok 22 - the channel admits exactly the verbs workspace preparation runs, and they are nobody else's
  ---
  duration_ms: 0.171042
  type: 'test'
  ...
# Subtest: the run view carries the whole path of a run started over HTTP: nodes, jobs, decision, meters, goal and budget
ok 23 - the run view carries the whole path of a run started over HTTP: nodes, jobs, decision, meters, goal and budget
  ---
  duration_ms: 3382.842375
  type: 'test'
  ...
# run run-cd095fc1-3445-4ffc-9dd9-df55aafe6886
#   synthesize: done
#   read-qor: done
#   judge: done
#   next-period: done
# Subtest: over HTTP a person resumes a blocked run and cancels the job it launched: the blocker, the request, the observed stop, and a 409 on a run whose status cannot take either
ok 24 - over HTTP a person resumes a blocked run and cancels the job it launched: the blocker, the request, the observed stop, and a 409 on a run whose status cannot take either
  ---
  duration_ms: 3534.331041
  type: 'test'
  ...
# Subtest: a run HimaFabric never started cannot be cancelled, and says so with 409 hima/run-not-in-state
ok 25 - a run HimaFabric never started cannot be cancelled, and says so with 409 hima/run-not-in-state
  ---
  duration_ms: 1777.921667
  type: 'test'
  ...
# Subtest: every route the workbench uses, and the workbench page itself, sit behind the web app's own session cookie
ok 26 - every route the workbench uses, and the workbench page itself, sit behind the web app's own session cookie
  ---
  duration_ms: 2057.149
  type: 'test'
  ...
# Subtest: the served HimaGuide bundle claims the tool-view key of both Hima tools and carries the rendering of every run status and node state
ok 27 - the served HimaGuide bundle claims the tool-view key of both Hima tools and carries the rendering of every run status and node state
  ---
  duration_ms: 1842.762
  type: 'test'
  ...
1..27
# tests 27
# suites 0
# pass 26
# fail 1
# cancelled 0
# skipped 0
# todo 0
# duration_ms 39178.851417
SSH subprocess attempts: 0
local command exit code: 1; elapsed: 39.212 s; pass/fail/skip counts are in the TAP summary above
[ELIFECYCLE] Command failed with exit code 1.
