$ node scripts/run-contract-tests.mjs local --files test/contract/skills.test.ts test/contract/pipeline-stages.host.test.ts
local: 2 selected; 32 unselected in local; other groups not run (not passes)
TAP version 13
# Subtest: through a booted host with the replay stand-in: /hima-fabric reads every source its body names before it writes, compiles the spec into a pack that loads and fits, and records the author's review in their own words
ok 1 - through a booted host with the replay stand-in: /hima-fabric reads every source its body names before it writes, compiles the spec into a pack that loads and fits, and records the author's review in their own words
  ---
  duration_ms: 10540.204333
  type: 'test'
  ...
# Subtest: through a booted host with the replay stand-in: /hima-fabric refuses a spec that contradicts itself, naming the section and quoting the line, and writes nothing at all
ok 2 - through a booted host with the replay stand-in: /hima-fabric refuses a spec that contradicts itself, naming the section and quoting the line, and writes nothing at all
  ---
  duration_ms: 1957.339458
  type: 'test'
  ...
# Subtest: through a booted host with the replay stand-in: /hima-test runs the compiled pack as a run marked a test and writes the record from what that run recorded, /hima-release seals the folder, and a file changed afterwards is named by the check and refused by a campaign
ok 3 - through a booted host with the replay stand-in: /hima-test runs the compiled pack as a run marked a test and writes the record from what that run recorded, /hima-release seals the folder, and a file changed afterwards is named by the check and refused by a campaign
  ---
  duration_ms: 19401.543292
  type: 'test'
  ...
# Subtest: installed authoring compiles a Workshop whose real local Job computes the declared output and whose reader records it
ok 4 - installed authoring compiles a Workshop whose real local Job computes the declared output and whose reader records it
  ---
  duration_ms: 4631.994666
  type: 'test'
  ...
# Subtest: from ordinary chat, authoring creates a native Pack workspace session and confines its writes without changing ordinary Coding
ok 5 - from ordinary chat, authoring creates a native Pack workspace session and confines its writes without changing ordinary Coding
  ---
  duration_ms: 591.525833
  type: 'test'
  ...
# Subtest: on a booted host: the bundle registers the pipeline's five skills from one provider — a person's to invoke, never the model's to choose
ok 6 - on a booted host: the bundle registers the pipeline's five skills from one provider — a person's to invoke, never the model's to choose
  ---
  duration_ms: 407.149042
  type: 'test'
  ...
# Subtest: through a booted host with the replay stand-in: /hima-grill writes the pack intent record in the pack folder and nothing outside it, /hima-spec writes the pack spec beside it, and pack check says the folder is specified
ok 7 - through a booted host with the replay stand-in: /hima-grill writes the pack intent record in the pack folder and nothing outside it, /hima-spec writes the pack spec beside it, and pack check says the folder is specified
  ---
  duration_ms: 2076.876875
  type: 'test'
  ...
# Subtest: through a booted host with the replay stand-in: an authoring session may not write outside its pack folder and has no shell, and the same two calls go through in an ordinary session
ok 8 - through a booted host with the replay stand-in: an authoring session may not write outside its pack folder and has no shell, and the same two calls go through in an ordinary session
  ---
  duration_ms: 1198.244208
  type: 'test'
  ...
# Subtest: through a booted host with the replay stand-in: an authoring session's target is judged as the tool received it — a new file inside the folder goes through, and a dot segment, a link out of the folder and an edit outside do not
ok 9 - through a booted host with the replay stand-in: an authoring session's target is judged as the tool received it — a new file inside the folder goes through, and a dot segment, a link out of the folder and an edit outside do not
  ---
  duration_ms: 722.288834
  type: 'test'
  ...
# Subtest: through a booted host with the replay stand-in: an absent packs directory leaves a session untouched, and a packs directory or a working directory that will not resolve stops the governed tools
ok 10 - through a booted host with the replay stand-in: an absent packs directory leaves a session untouched, and a packs directory or a working directory that will not resolve stops the governed tools
  ---
  duration_ms: 1825.592959
  type: 'test'
  ...
# Subtest: the intent record the live check authors its spec stage from is the one the contract suite runs the grill stage against
ok 11 - the intent record the live check authors its spec stage from is the one the contract suite runs the grill stage against
  ---
  duration_ms: 76.343875
  type: 'test'
  ...
# Subtest: every skeleton in the pack anatomy reference is a file this harness accepts: assembled into a folder they load as a pack and fit the local site
ok 12 - every skeleton in the pack anatomy reference is a file this harness accepts: assembled into a folder they load as a pack and fit the local site
  ---
  duration_ms: 565.905458
  type: 'test'
  ...
# pack example-probe@1 on site local: fit — 3 of 3 inputs bound, 1 tool, 1 rule, 1 reader, 1 chooser, 1 knowledge file, 1 licence
# stage: none; next: intent — INTENT.md, written by /hima-grill
# inputs:
#   flowRoot = /private/tmp/hima-tests-ttft8t/hima-home-asTYY4/standin-flow
#   design = a-subject
#   workspaceRoot = /private/tmp/hima-tests-ttft8t/hima-home-asTYY4/workspace
# tools:
#   measure (tools/measure.sh): "make" is an allowed wrapper of site local
# rules:
#   measurement-within-bound@1: found in the pack
# readers:
#   measurement-file@1 reads measurement: found in the pack
# semantics:
#   measured_ms: declared by this pack in /private/tmp/hima-tests-ttft8t/hima-home-asTYY4/hima/packs/example-probe/semantics.yml
#   8 value types come from the bundle
# choosers:
#   step-back-off@1 chooses at next-step: found in the pack
# knowledge:
#   the-step-method.md (why this pack changes the step the way it does): found in the pack
# licences:
#   measure holds 1 of "measuring-seat": site local declares 1
1..12
# tests 12
# suites 0
# pass 12
# fail 0
# cancelled 0
# skipped 0
# todo 0
# duration_ms 45726.769209
Test boot attempts: {"host-process":0,"host-in-process":37,"electron":0}; Electron launches also start their own Host
SSH subprocess attempts: 0
local command exit code: 0; elapsed: 45.831 s; pass/fail/skip counts are in the TAP summary above
