✖ ordinary conversation opens the chosen Pack authoring session with native chat, files and Live Run together (21236.159167ms)
ℹ tests 1
ℹ suites 0
ℹ pass 0
ℹ fail 1
ℹ cancelled 0
ℹ skipped 0
ℹ todo 0
ℹ duration_ms 22054.980583

✖ failing tests:

test at test/contract/unified-workbench.test.ts:88:1
✖ ordinary conversation opens the chosen Pack authoring session with native chat, files and Live Run together (21236.159167ms)
  AssertionError [ERR_ASSERTION]: The expression evaluated to a falsy value:
  
    assert.ok(await browser.evaluate(`!!document.querySelector('[contenteditable="true"]')`))
  
      at TestContext.<anonymous> (file:///Users/lluzi/code/hima_harness_reforge_polishing/.hima-tmp/pls-next/pls22/test/contract/unified-workbench.test.ts:121:12)
      at async Test.run (node:internal/test_runner/test:1404:7)
      at async startSubtestAfterBootstrap (node:internal/test_runner/harness:387:3) {
    generatedMessage: true,
    code: 'ERR_ASSERTION',
    actual: false,
    expected: true,
    operator: '==',
    diff: 'simple'
  }
