local: 1 selected; 50 unselected in local; other groups not run (not passes)
TAP version 13
# Subtest: AES reader holds measured period and slack to original hashed tool output; zero slack is not an estimated Fmax
ok 1 - AES reader holds measured period and slack to original hashed tool output; zero slack is not an estimated Fmax
  ---
  duration_ms: 296.722834
  type: 'test'
  ...
# Subtest: the authored AES Pack owns a real local Host/Job loop with goal-met (synthetic EDA measurements)
not ok 2 - the authored AES Pack owns a real local Host/Job loop with goal-met (synthetic EDA measurements)
  ---
  duration_ms: 3285.696833
  type: 'test'
  location: '/Users/lluzi/code/hima_harness_reforge_polishing/test/contract/aes-probe.test.ts:40:3'
  failureType: 'testCodeFailure'
  error: |-
    this node has spent its retry allowance; a human must clear its blocker
    + actual - expected
    
    + 'refused'
    - 'accepted'
    
  code: 'ERR_ASSERTION'
  name: 'AssertionError'
  expected: 'accepted'
  actual: 'refused'
  operator: 'strictEqual'
  stack: |-
    TestContext.<anonymous> (file:///Users/lluzi/code/hima_harness_reforge_polishing/test/contract/aes-probe.test.ts:72:62)
    async Test.run (node:internal/test_runner/test:1404:7)
    async Test.processPendingSubtests (node:internal/test_runner/test:969:7)
  ...
# Subtest: the authored AES Pack owns a real local Host/Job loop with goal-missed (synthetic EDA measurements)
not ok 3 - the authored AES Pack owns a real local Host/Job loop with goal-missed (synthetic EDA measurements)
  ---
  duration_ms: 1302.016208
  type: 'test'
  location: '/Users/lluzi/code/hima_harness_reforge_polishing/test/contract/aes-probe.test.ts:40:3'
  failureType: 'testCodeFailure'
  error: |-
    this node has spent its retry allowance; a human must clear its blocker
    + actual - expected
    
    + 'refused'
    - 'accepted'
    
  code: 'ERR_ASSERTION'
  name: 'AssertionError'
  expected: 'accepted'
  actual: 'refused'
  operator: 'strictEqual'
  stack: |-
    TestContext.<anonymous> (file:///Users/lluzi/code/hima_harness_reforge_polishing/test/contract/aes-probe.test.ts:72:62)
    async Test.run (node:internal/test_runner/test:1404:7)
    async Test.processPendingSubtests (node:internal/test_runner/test:969:7)
  ...
# Subtest: the authored AES Pack owns a real local Host/Job loop with missing-measurement (synthetic EDA measurements)
not ok 4 - the authored AES Pack owns a real local Host/Job loop with missing-measurement (synthetic EDA measurements)
  ---
  duration_ms: 1712.00275
  type: 'test'
  location: '/Users/lluzi/code/hima_harness_reforge_polishing/test/contract/aes-probe.test.ts:40:3'
  failureType: 'testCodeFailure'
  error: |-
    this node has spent its retry allowance; a human must clear its blocker
    + actual - expected
    
    + 'refused'
    - 'accepted'
    
  code: 'ERR_ASSERTION'
  name: 'AssertionError'
  expected: 'accepted'
  actual: 'refused'
  operator: 'strictEqual'
  stack: |-
    TestContext.<anonymous> (file:///Users/lluzi/code/hima_harness_reforge_polishing/test/contract/aes-probe.test.ts:72:62)
    async Test.run (node:internal/test_runner/test:1404:7)
    async Test.processPendingSubtests (node:internal/test_runner/test:969:7)
  ...
# Subtest: AES reader refuses mismatched periods, incomplete fields, duplicate/nonfinite measurements, failed tools and escaping evidence
ok 5 - AES reader refuses mismatched periods, incomplete fields, duplicate/nonfinite measurements, failed tools and escaping evidence
  ---
  duration_ms: 861.542708
  type: 'test'
  ...
1..5
# tests 5
# suites 0
# pass 2
# fail 3
# cancelled 0
# skipped 0
# todo 0
# duration_ms 8150.578333
Test boot attempts: {"host-process":0,"host-in-process":3,"electron":0}; Electron launches also start their own Host
SSH subprocess attempts: 0
local command exit code: 1; elapsed: 8.268 s; pass/fail/skip counts are in the TAP summary above
