local: 1 selected; 50 unselected in local; other groups not run (not passes)
TAP version 13
# Subtest: AES reader holds measured period and slack to original hashed tool output; zero slack is not an estimated Fmax
ok 1 - AES reader holds measured period and slack to original hashed tool output; zero slack is not an estimated Fmax
  ---
  duration_ms: 192.835
  type: 'test'
  ...
# Subtest: the authored AES Pack owns a real local Host/Job loop with goal-met (synthetic EDA measurements)
ok 2 - the authored AES Pack owns a real local Host/Job loop with goal-met (synthetic EDA measurements)
  ---
  duration_ms: 4504.397666
  type: 'test'
  ...
# Subtest: the authored AES Pack owns a real local Host/Job loop with goal-missed (synthetic EDA measurements)
not ok 3 - the authored AES Pack owns a real local Host/Job loop with goal-missed (synthetic EDA measurements)
  ---
  duration_ms: 3411.851875
  type: 'test'
  location: '/Users/lluzi/code/hima_harness_reforge_polishing/test/contract/aes-probe.test.ts:40:3'
  failureType: 'testCodeFailure'
  error: |-
    Expected values to be strictly equal:
    + actual - expected
    
    + 'ended-budget-exhausted'
    - 'ended-budget'
                   ^
    
  code: 'ERR_ASSERTION'
  name: 'AssertionError'
  expected: 'ended-budget'
  actual: 'ended-budget-exhausted'
  operator: 'strictEqual'
  stack: |-
    TestContext.<anonymous> (file:///Users/lluzi/code/hima_harness_reforge_polishing/test/contract/aes-probe.test.ts:95:14)
    async Test.run (node:internal/test_runner/test:1404:7)
    async Test.processPendingSubtests (node:internal/test_runner/test:969:7)
  ...
# Subtest: the authored AES Pack owns a real local Host/Job loop with missing-measurement (synthetic EDA measurements)
ok 4 - the authored AES Pack owns a real local Host/Job loop with missing-measurement (synthetic EDA measurements)
  ---
  duration_ms: 1335.248834
  type: 'test'
  ...
# Subtest: AES reader refuses mismatched periods, incomplete fields, duplicate/nonfinite measurements, failed tools and escaping evidence
ok 5 - AES reader refuses mismatched periods, incomplete fields, duplicate/nonfinite measurements, failed tools and escaping evidence
  ---
  duration_ms: 489.266792
  type: 'test'
  ...
1..5
# tests 5
# suites 0
# pass 4
# fail 1
# cancelled 0
# skipped 0
# todo 0
# duration_ms 10408.88275
Test boot attempts: {"host-process":0,"host-in-process":3,"electron":0}; Electron launches also start their own Host
SSH subprocess attempts: 0
local command exit code: 1; elapsed: 10.467 s; pass/fail/skip counts are in the TAP summary above
