node:internal/modules/run_main:107
    triggerUncaughtException(
    ^

AssertionError [ERR_ASSERTION]: select real Site tests with: node scripts/run-contract-tests.mjs live-site
+ actual - expected

+ undefined
- 'live-site'

    at requireLiveSite (file:///Users/lluzi/code/hima_harness_reforge_polishing/test/contract/support/live-site.ts:8:10)
    at file:///Users/lluzi/code/hima_harness_reforge_polishing/test/contract/jobs.live.test.ts:19:1
    at ModuleJob.run (node:internal/modules/esm/module_job:561:25)
    at async node:internal/modules/esm/loader:647:26
    at async asyncRunEntryPointWithESMLoader (node:internal/modules/run_main:101:5) {
  generatedMessage: false,
  code: 'ERR_ASSERTION',
  actual: undefined,
  expected: 'live-site',
  operator: 'strictEqual',
  diff: 'simple'
}

Node.js v24.20.0
✖ test/contract/jobs.live.test.ts (162.02475ms)
node:internal/modules/run_main:107
    triggerUncaughtException(
    ^

AssertionError [ERR_ASSERTION]: select real Site tests with: node scripts/run-contract-tests.mjs live-site
+ actual - expected

+ undefined
- 'live-site'

    at requireLiveSite (file:///Users/lluzi/code/hima_harness_reforge_polishing/test/contract/support/live-site.ts:8:10)
    at file:///Users/lluzi/code/hima_harness_reforge_polishing/test/contract/pack.live.test.ts:18:1
    at ModuleJob.run (node:internal/modules/esm/module_job:561:25)
    at async node:internal/modules/esm/loader:647:26
    at async asyncRunEntryPointWithESMLoader (node:internal/modules/run_main:101:5) {
  generatedMessage: false,
  code: 'ERR_ASSERTION',
  actual: undefined,
  expected: 'live-site',
  operator: 'strictEqual',
  diff: 'simple'
}

Node.js v24.20.0
✖ test/contract/pack.live.test.ts (163.436291ms)
node:internal/modules/run_main:107
    triggerUncaughtException(
    ^

AssertionError [ERR_ASSERTION]: select real Site tests with: node scripts/run-contract-tests.mjs live-site
+ actual - expected

+ undefined
- 'live-site'

    at requireLiveSite (file:///Users/lluzi/code/hima_harness_reforge_polishing/test/contract/support/live-site.ts:8:10)
    at file:///Users/lluzi/code/hima_harness_reforge_polishing/test/contract/ssh.live.test.ts:17:1
    at ModuleJob.run (node:internal/modules/esm/module_job:561:25)
    at async node:internal/modules/esm/loader:647:26
    at async asyncRunEntryPointWithESMLoader (node:internal/modules/run_main:101:5) {
  generatedMessage: false,
  code: 'ERR_ASSERTION',
  actual: undefined,
  expected: 'live-site',
  operator: 'strictEqual',
  diff: 'simple'
}

Node.js v24.20.0
✖ test/contract/ssh.live.test.ts (162.850709ms)
ℹ tests 3
ℹ suites 0
ℹ pass 0
ℹ fail 3
ℹ cancelled 0
ℹ skipped 0
ℹ todo 0
ℹ duration_ms 173.078417

✖ failing tests:

test at test/contract/jobs.live.test.ts:1:1
✖ test/contract/jobs.live.test.ts (162.02475ms)
  'test failed'

test at test/contract/pack.live.test.ts:1:1
✖ test/contract/pack.live.test.ts (163.436291ms)
  'test failed'

test at test/contract/ssh.live.test.ts:1:1
✖ test/contract/ssh.live.test.ts (162.850709ms)
  'test failed'
