node:internal/test_runner/harness:124
      throw err;
      ^

Error: PLS-01: SSH subprocess forbidden in local tests
    at childProcess.<computed> (file:///Users/lluzi/code/hima_harness_reforge_polishing/.hima-tmp/pls01/no-ssh.mjs:10:13)
    at probeSite (file:///Users/lluzi/code/hima_harness_reforge_polishing/test/contract/jobs.test.ts:40:17)
    at file:///Users/lluzi/code/hima_harness_reforge_polishing/test/contract/jobs.test.ts:392:48
    at ModuleJob.run (node:internal/modules/esm/module_job:561:25)
    at async node:internal/modules/esm/loader:647:26
    at async asyncRunEntryPointWithESMLoader (node:internal/modules/run_main:101:5)

Node.js v24.20.0
✖ test/contract/jobs.test.ts (164.993792ms)
node:internal/test_runner/harness:124
      throw err;
      ^

Error: PLS-01: SSH subprocess forbidden in local tests
    at childProcess.<computed> (file:///Users/lluzi/code/hima_harness_reforge_polishing/.hima-tmp/pls01/no-ssh.mjs:10:13)
    at probeSite (file:///Users/lluzi/code/hima_harness_reforge_polishing/test/contract/pack.test.ts:43:17)
    at file:///Users/lluzi/code/hima_harness_reforge_polishing/test/contract/pack.test.ts:694:74
    at ModuleJob.run (node:internal/modules/esm/module_job:561:25)
    at async node:internal/modules/esm/loader:647:26
    at async asyncRunEntryPointWithESMLoader (node:internal/modules/run_main:101:5)

Node.js v24.20.0
✖ test/contract/pack.test.ts (162.88225ms)
node:internal/test_runner/harness:124
      throw err;
      ^

Error: PLS-01: SSH subprocess forbidden in local tests
    at childProcess.<computed> (file:///Users/lluzi/code/hima_harness_reforge_polishing/.hima-tmp/pls01/no-ssh.mjs:10:13)
    at probeSite (file:///Users/lluzi/code/hima_harness_reforge_polishing/test/contract/ssh.test.ts:39:17)
    at file:///Users/lluzi/code/hima_harness_reforge_polishing/test/contract/ssh.test.ts:187:49
    at ModuleJob.run (node:internal/modules/esm/module_job:561:25)
    at async node:internal/modules/esm/loader:647:26
    at async asyncRunEntryPointWithESMLoader (node:internal/modules/run_main:101:5)

Node.js v24.20.0
✖ test/contract/ssh.test.ts (159.641958ms)
ℹ tests 3
ℹ suites 0
ℹ pass 0
ℹ fail 3
ℹ cancelled 0
ℹ skipped 0
ℹ todo 0
ℹ duration_ms 168.565042

✖ failing tests:

test at test/contract/jobs.test.ts:1:1
✖ test/contract/jobs.test.ts (164.993792ms)
  'test failed'

test at test/contract/pack.test.ts:1:1
✖ test/contract/pack.test.ts (162.88225ms)
  'test failed'

test at test/contract/ssh.test.ts:1:1
✖ test/contract/ssh.test.ts (159.641958ms)
  'test failed'
