$ node scripts/run-contract-tests.mjs local --files test/contract/view.test.ts test/contract/view-run.test.ts test/contract/start-form.test.ts test/contract/experience.host.test.ts
local: 4 selected; 21 unselected in local; other groups not run (not passes)
TAP version 13
# Subtest: a Campaign that met its goal leaves both report files on the site, with their hashes on the ledger and every number the card showed in the json
ok 1 - a Campaign that met its goal leaves both report files on the site, with their hashes on the ledger and every number the card showed in the json
  ---
  duration_ms: 4409.0625
  type: 'test'
  ...
# Subtest: a Campaign that stopped learning writes the convergence rule into both files as the reason it ended
ok 2 - a Campaign that stopped learning writes the convergence rule into both files as the reason it ended
  ---
  duration_ms: 4453.778042
  type: 'test'
  ...
# Subtest: a Campaign a Budget meter ended names that meter in its report, whichever meter it was
ok 3 - a Campaign a Budget meter ended names that meter in its report, whichever meter it was
  ---
  duration_ms: 3125.043875
  type: 'test'
  ...
# Subtest: a Campaign a person stopped writes its report at the cancel, with what was observed to stop as the reason
ok 4 - a Campaign a person stopped writes its report at the cancel, with what was observed to stop as the reason
  ---
  duration_ms: 2517.178458
  type: 'test'
  ...
# Subtest: a second host on the same home re-serves the report it finds rather than writing a second one
ok 5 - a second host on the same home re-serves the report it finds rather than writing a second one
  ---
  duration_ms: 5313.75225
  type: 'test'
  ...
# Subtest: the report is served as markdown to a session that has one, refused to a caller with none, refused outright once the file has changed under it, and answered as a site fault once the file is gone
ok 6 - the report is served as markdown to a session that has one, refused to a caller with none, refused outright once the file has changed under it, and answered as a site fault once the file is gone
  ---
  duration_ms: 4081.424625
  type: 'test'
  ...
# Subtest: a run whose ending stood while the site refused the report is finished by the next host, which writes it from records that have not moved
ok 7 - a run whose ending stood while the site refused the report is finished by the next host, which writes it from records that have not moved
  ---
  duration_ms: 4679.652041
  type: 'test'
  ...
# Subtest: /hima status names the report's two files on a Campaign that has ended
ok 8 - /hima status names the report's two files on a Campaign that has ended
  ---
  duration_ms: 3491.577875
  type: 'test'
  ...
# Subtest: a Campaign stopped while it waited on a person carries its Hard blocker into the report, log tail and all
ok 9 - a Campaign stopped while it waited on a person carries its Hard blocker into the report, log tail and all
  ---
  duration_ms: 1945.803125
  type: 'test'
  ...
# Subtest: an empty home explains Pack and Site preparation without creating a Run or contacting a Site
ok 10 - an empty home explains Pack and Site preparation without creating a Run or contacting a Site
  ---
  duration_ms: 2442.7865
  type: 'test'
  ...
# Subtest: Pack/Site declarations are checked before start; mismatch and configuration diagnostics remain actionable and fenced
ok 11 - Pack/Site declarations are checked before start; mismatch and configuration diagnostics remain actionable and fenced
  ---
  duration_ms: 2477.295458
  type: 'test'
  ...
# Subtest: a stale fit never authorizes a start, mismatched rules are escaped, and repaired inputs can start normally
ok 12 - a stale fit never authorizes a start, mismatched rules are escaped, and repaired inputs can start normally
  ---
  duration_ms: 7034.508833
  type: 'test'
  ...
# Subtest: the run view carries the whole path of a run started over HTTP: nodes, jobs, decision, meters, goal and budget
ok 13 - the run view carries the whole path of a run started over HTTP: nodes, jobs, decision, meters, goal and budget
  ---
  duration_ms: 5988.269708
  type: 'test'
  ...
# run run-fcc1e7f6-297c-4dff-98a7-f96165de44c7
#   synthesize: done
#   read-qor: done
#   judge: done
#   next-period: done
# Subtest: over HTTP a person resumes a blocked run and cancels the job it launched: the blocker, the request, the observed stop, and a 409 on a run whose status cannot take either
ok 14 - over HTTP a person resumes a blocked run and cancels the job it launched: the blocker, the request, the observed stop, and a 409 on a run whose status cannot take either
  ---
  duration_ms: 4361.96775
  type: 'test'
  ...
# Subtest: a run HimaFabric never started cannot be cancelled, and says so with 409 hima/run-not-in-state
ok 15 - a run HimaFabric never started cannot be cancelled, and says so with 409 hima/run-not-in-state
  ---
  duration_ms: 5844.706917
  type: 'test'
  ...
# Subtest: every route the workbench uses, and the workbench page itself, sit behind the web app's own session cookie
ok 16 - every route the workbench uses, and the workbench page itself, sit behind the web app's own session cookie
  ---
  duration_ms: 2733.0355
  type: 'test'
  ...
# Subtest: the served HimaGuide bundle claims the tool-view key of both Hima tools and carries the rendering of every run status and node state
ok 17 - the served HimaGuide bundle claims the tool-view key of both Hima tools and carries the rendering of every run status and node state
  ---
  duration_ms: 3878.463375
  type: 'test'
  ...
# Subtest: the Hima namespace answers a run round-trip over HTTP: observe, judge, and every citation resolved to the observation it was read from
ok 18 - the Hima namespace answers a run round-trip over HTTP: observe, judge, and every citation resolved to the observation it was read from
  ---
  duration_ms: 3187.185292
  type: 'test'
  ...
# Subtest: a refused read is reported as a refusal in the run view, never as an empty pass
ok 19 - a refused read is reported as a refusal in the run view, never as an empty pass
  ---
  duration_ms: 2860.933667
  type: 'test'
  ...
# Subtest: a remote error reaches the caller as a coded JSON error, never as an empty answer
ok 20 - a remote error reaches the caller as a coded JSON error, never as an empty answer
  ---
  duration_ms: 3211.906625
  type: 'test'
  ...
# Subtest: a fault that is not the caller's doing — a misconfigured site the caller could not have known about — reaches them as 500 hima/internal, never relabelled as their mistake
ok 21 - a fault that is not the caller's doing — a misconfigured site the caller could not have known about — reaches them as 500 hima/internal, never relabelled as their mistake
  ---
  duration_ms: 3465.302834
  type: 'test'
  ...
# Subtest: every /hima/api route sits behind the web app's own session cookie
ok 22 - every /hima/api route sits behind the web app's own session cookie
  ---
  duration_ms: 4869.123292
  type: 'test'
  ...
# Subtest: the Hima browser module is in the served boot graph and its bundle is served as a client-module envelope
ok 23 - the Hima browser module is in the served boot graph and its bundle is served as a client-module envelope
  ---
  duration_ms: 2976.292375
  type: 'test'
  ...
1..23
# tests 23
# suites 0
# pass 23
# fail 0
# cancelled 0
# skipped 0
# todo 0
# duration_ms 90126.770292
SSH subprocess attempts: 0
local command exit code: 0; elapsed: 90.159 s; pass/fail/skip counts are in the TAP summary above
