$ node scripts/run-contract-tests.mjs local --files test/contract/view.test.ts
local: 1 selected; 24 unselected in local; other groups not run (not passes)
TAP version 13
# Subtest: the Hima namespace answers a run round-trip over HTTP: observe, judge, and every citation resolved to the observation it was read from
ok 1 - the Hima namespace answers a run round-trip over HTTP: observe, judge, and every citation resolved to the observation it was read from
  ---
  duration_ms: 2714.297459
  type: 'test'
  ...
# Subtest: a refused read is reported as a refusal in the run view, never as an empty pass
ok 2 - a refused read is reported as a refusal in the run view, never as an empty pass
  ---
  duration_ms: 2346.048334
  type: 'test'
  ...
# Subtest: a remote error reaches the caller as a coded JSON error, never as an empty answer
ok 3 - a remote error reaches the caller as a coded JSON error, never as an empty answer
  ---
  duration_ms: 3255.770042
  type: 'test'
  ...
# Subtest: a fault that is not the caller's doing — a misconfigured site the caller could not have known about — reaches them as 500 hima/internal, never relabelled as their mistake
ok 4 - a fault that is not the caller's doing — a misconfigured site the caller could not have known about — reaches them as 500 hima/internal, never relabelled as their mistake
  ---
  duration_ms: 3849.559791
  type: 'test'
  ...
# Subtest: every /hima/api route sits behind the web app's own session cookie
ok 5 - every /hima/api route sits behind the web app's own session cookie
  ---
  duration_ms: 2573.987541
  type: 'test'
  ...
# Subtest: the Hima browser module is in the served boot graph and its bundle is served as a client-module envelope
ok 6 - the Hima browser module is in the served boot graph and its bundle is served as a client-module envelope
  ---
  duration_ms: 2200.512167
  type: 'test'
  ...
1..6
# tests 6
# suites 0
# pass 6
# fail 0
# cancelled 0
# skipped 0
# todo 0
# duration_ms 17069.003084
SSH subprocess attempts: 0
local command exit code: 0; elapsed: 17.095 s; pass/fail/skip counts are in the TAP summary above
