$ node scripts/run-contract-tests.mjs local --files test/contract/historical-words.host.test.ts
local: 1 selected; 40 unselected in local; other groups not run (not passes)
TAP version 13
# Subtest: old Run labels and units survive a method upgrade and an unreadable current installation on every Host read face
not ok 1 - old Run labels and units survive a method upgrade and an unreadable current installation on every Host read face
  ---
  duration_ms: 9078.512291
  type: 'test'
  location: '/Users/lluzi/code/hima_harness_reforge_polishing/.hima-tmp/pls-next/pls13-run-words/test/contract/historical-words.host.test.ts:22:1'
  failureType: 'testCodeFailure'
  error: |-
    Expected values to be strictly equal:
    + actual - expected
    
    + 'waiting'
    - 'blocked'
    
  code: 'ERR_ASSERTION'
  name: 'AssertionError'
  expected: 'blocked'
  actual: 'waiting'
  operator: 'strictEqual'
  stack: |-
    TestContext.<anonymous> (file:///Users/lluzi/code/hima_harness_reforge_polishing/.hima-tmp/pls-next/pls13-run-words/test/contract/historical-words.host.test.ts:39:10)
    async Test.run (node:internal/test_runner/test:1404:7)
    async startSubtestAfterBootstrap (node:internal/test_runner/harness:387:3)
  ...
1..1
# tests 1
# suites 0
# pass 0
# fail 1
# cancelled 0
# skipped 0
# todo 0
# duration_ms 9697.65225
Test boot attempts: {"host-process":0,"host-in-process":1,"electron":0}; Electron launches also start their own Host
SSH subprocess attempts: 0
local command exit code: 1; elapsed: 9.784 s; pass/fail/skip counts are in the TAP summary above
[ELIFECYCLE] Command failed with exit code 1.
