$ node scripts/run-contract-tests.mjs local --files test/contract/historical-words.host.test.ts
local: 1 selected; 40 unselected in local; other groups not run (not passes)
TAP version 13
# Subtest: old Run labels and units survive a method upgrade and an unreadable current installation on every Host read face
not ok 1 - old Run labels and units survive a method upgrade and an unreadable current installation on every Host read face
  ---
  duration_ms: 8625.269125
  type: 'test'
  location: '/Users/lluzi/code/hima_harness_reforge_polishing/.hima-tmp/pls-next/pls13-run-words/test/contract/historical-words.host.test.ts:22:1'
  failureType: 'testCodeFailure'
  error: |-
    The input did not match the regular expression /goal: clock period at most 2 ns/. Input:
    
    'run run-d15ebb50-9fdc-4696-bff3-fa4c6efb300f of campaign opene902-timing-probe-20260912-171803-ba51 on site local: waiting, test run, generation 1 of at most 6\n' +
      '  workspace: /private/tmp/hima-tests-aVhXLC/hima-home-NieK2Y/hima/local/workspace/opene902-timing-probe-20260912-171803-ba51\n' +
      '  goal: upgraded period at most 2 ps\n' +
      '  strategy: upgraded period 2.25 ps\n' +
      '  budget: time box 60 min, retry allowance 3, at most 6 generations, job cap 1, licences Design-Compiler 1\n' +
      '  current node: blocked\n' +
      '  meters:\n' +
      '    elapsed 167 ms of a time box of 60.0 min\n' +
      '    generation 1 of at most 6, 41 ms\n' +
      '    0 jobs launched, at most 1 job at a time\n' +
      '    blocked: attempt 1 of a retry allowance of 3, and 1 attempt in the campaign so far\n' +
      '    Design-Compiler 0 seats of 1 declared\n' +
      '  nodes:\n' +
      '    blocked (wait): blocked, attempt 1, this pack routes a hard-blocker here; the Run waits for a person to clear it'
    
  code: 'ERR_ASSERTION'
  name: 'AssertionError'
  expected:
  actual: |-
    run run-d15ebb50-9fdc-4696-bff3-fa4c6efb300f of campaign opene902-timing-probe-20260912-171803-ba51 on site local: waiting, test run, generation 1 of at most 6
      workspace: /private/tmp/hima-tests-aVhXLC/hima-home-NieK2Y/hima/local/workspace/opene902-timing-probe-20260912-171803-ba51
      goal: upgraded period at most 2 ps
      strategy: upgraded period 2.25 ps
      budget: time box 60 min, retry allowance 3, at most 6 generations, job cap 1, licences Design-Compiler 1
      current node: blocked
      meters:
        elapsed 167 ms of a time box of 60.0 min
        generation 1 of at most 6, 41 ms
        0 jobs launched, at most 1 job at a time
        blocked: attempt 1 of a retry allowance of 3, and 1 attempt in the campaign so far
        Design-Compiler 0 seats of 1 declared
      nodes:
        blocked (wait): blocked, attempt 1, this pack routes a hard-blocker here; the Run waits for a person to clear it
  operator: 'match'
  stack: |-
    TestContext.<anonymous> (file:///Users/lluzi/code/hima_harness_reforge_polishing/.hima-tmp/pls-next/pls13-run-words/test/contract/historical-words.host.test.ts:57:10)
    async Test.run (node:internal/test_runner/test:1404:7)
    async startSubtestAfterBootstrap (node:internal/test_runner/harness:387:3)
  ...
1..1
# tests 1
# suites 0
# pass 0
# fail 1
# cancelled 0
# skipped 0
# todo 0
# duration_ms 9382.988541
Test boot attempts: {"host-process":0,"host-in-process":1,"electron":0}; Electron launches also start their own Host
SSH subprocess attempts: 0
local command exit code: 1; elapsed: 9.501 s; pass/fail/skip counts are in the TAP summary above
[ELIFECYCLE] Command failed with exit code 1.
