local: 1 selected; 35 unselected in local; other groups not run (not passes)
TAP version 13
# Subtest: a durable launch intent must succeed before an actual Job can start
ok 1 - a durable launch intent must succeed before an actual Job can start
  ---
  duration_ms: 1993.458209
  type: 'test'
  ...
# Subtest: nonblocking capacity admission returns once and never launches when a slot later frees
not ok 2 - nonblocking capacity admission returns once and never launches when a slot later frees
  ---
  duration_ms: 2754.683834
  type: 'test'
  location: '/Users/lluzi/code/hima_harness_reforge_polishing/.hima-tmp/pls-next/pls19-jobs/test/contract/node-jobs.host.test.ts:43:1'
  failureType: 'testCodeFailure'
  error: |-
    Expected values to be strictly equal:
    + actual - expected

    + 'claimed'
    - 'at-cap'

  code: 'ERR_ASSERTION'
  name: 'AssertionError'
  expected: 'at-cap'
  actual: 'claimed'
  operator: 'strictEqual'
  stack: |-
    TestContext.<anonymous> (file:///Users/lluzi/code/hima_harness_reforge_polishing/.hima-tmp/pls-next/pls19-jobs/test/contract/node-jobs.host.test.ts:59:12)
    async Test.run (node:internal/test_runner/test:1404:7)
    async Test.processPendingSubtests (node:internal/test_runner/test:969:7)
  ...
1..2
# tests 2
# suites 0
# pass 1
# fail 1
# cancelled 0
# skipped 0
# todo 0
# duration_ms 5266.140834
Test boot attempts: {"host-process":0,"host-in-process":2,"electron":0}; Electron launches also start their own Host
SSH subprocess attempts: 0
local command exit code: 1; elapsed: 5.347 s; pass/fail/skip counts are in the TAP summary above
