local: 1 selected; 35 unselected in local; other groups not run (not passes)
TAP version 13
# Subtest: a durable launch intent must succeed before an actual Job can start
not ok 1 - a durable launch intent must succeed before an actual Job can start
  ---
  duration_ms: 6439.90625
  type: 'test'
  location: '/Users/lluzi/code/hima_harness_reforge_polishing/.hima-tmp/pls-next/pls19-jobs/test/contract/node-jobs.host.test.ts:13:1'
  failureType: 'testCodeFailure'
  error: 'Missing expected rejection.'
  code: 'ERR_ASSERTION'
  name: 'AssertionError'
  expected:
  operator: 'rejects'
  stack: |-
    async TestContext.<anonymous> (file:///Users/lluzi/code/hima_harness_reforge_polishing/.hima-tmp/pls-next/pls19-jobs/test/contract/node-jobs.host.test.ts:21:5)
    async Test.run (node:internal/test_runner/test:1404:7)
    async startSubtestAfterBootstrap (node:internal/test_runner/harness:387:3)
  ...
1..1
# tests 1
# suites 0
# pass 0
# fail 1
# cancelled 0
# skipped 0
# todo 0
# duration_ms 7358.613
Test boot attempts: {"host-process":0,"host-in-process":1,"electron":0}; Electron launches also start their own Host
SSH subprocess attempts: 0
local command exit code: 1; elapsed: 7.458 s; pass/fail/skip counts are in the TAP summary above
