$ node scripts/run-contract-tests.mjs local --files test/contract/pack.test.ts
local: 1 selected; 33 unselected in local; other groups not run (not passes)
TAP version 13
# Subtest: the shipped pack is a folder of plain files whose graph is act, act, judge, explore, with PASS and FAIL into the explore node and one revisit edge back
ok 1 - the shipped pack is a folder of plain files whose graph is act, act, judge, explore, with PASS and FAIL into the explore node and one revisit edge back
  ---
  duration_ms: 27.990834
  type: 'test'
  ...
# Subtest: the legacy timing-push chooser is a YAML file beside the judge rules, and states its rule as data
ok 2 - the legacy timing-push chooser is a YAML file beside the judge rules, and states its rule as data
  ---
  duration_ms: 6.559041
  type: 'test'
  ...
# Subtest: the check on a site that binds every input reports the inputs, the tool, the rules and the reader, with no errors
ok 3 - the check on a site that binds every input reports the inputs, the tool, the rules and the reader, with no errors
  ---
  duration_ms: 1688.344083
  type: 'test'
  ...
# pack opene902-timing-probe@2 on site local: fit — 3 of 3 inputs bound, 1 tool, 2 rules, 1 reader, 1 chooser, 1 licence
# stage: none; next: intent — INTENT.md, written by /hima-grill
# inputs:
#   flowRoot = /private/tmp/hima-tests-LuCKwu/hima-home-sC8uz1/standin-flow
#   design = opene902
#   workspaceRoot = /private/tmp/hima-tests-LuCKwu/hima-home-sC8uz1/workspace
# tools:
#   synth (tools/synth.sh): "make" is an allowed wrapper of site local
# rules:
#   setup-wns-all-nonnegative@1: found in the bundle
#   clock-period-at-most@1: found in the bundle
# readers:
#   dc-qor-report@1 reads qorReport: found in the bundle
# semantics:
#   8 value types come from the bundle
# choosers:
#   over-constraining-push@1 chooses at next-period: found in the pack
# licences:
#   synth holds 1 of "Design-Compiler": site local declares 1
# Subtest: a site that binds only some of the pack's inputs fails the check, naming the input it did not bind
ok 4 - a site that binds only some of the pack's inputs fails the check, naming the input it did not bind
  ---
  duration_ms: 279.063916
  type: 'test'
  ...
# Subtest: a pack whose tool runs a command the site does not allow fails the check, naming the command
ok 5 - a pack whose tool runs a command the site does not allow fails the check, naming the command
  ---
  duration_ms: 293.007208
  type: 'test'
  ...
# Subtest: a pack referencing a rule that does not exist fails the check, naming the rule
ok 6 - a pack referencing a rule that does not exist fails the check, naming the rule
  ---
  duration_ms: 254.618542
  type: 'test'
  ...
# Subtest: a pack naming a reader that does not exist fails the check, naming the reader
ok 7 - a pack naming a reader that does not exist fails the check, naming the reader
  ---
  duration_ms: 303.477959
  type: 'test'
  ...
# Subtest: a pack naming a chooser that does not exist fails the check, naming the chooser
ok 8 - a pack naming a chooser that does not exist fails the check, naming the chooser
  ---
  duration_ms: 336.584625
  type: 'test'
  ...
# Subtest: a pack binding a negative value to the chooser's parameter fails the check, naming the parameter
ok 9 - a pack binding a negative value to the chooser's parameter fails the check, naming the parameter
  ---
  duration_ms: 304.418541
  type: 'test'
  ...
# Subtest: a pack whose explore node binds nothing for the chooser's parameter fails the check, naming the parameter
ok 10 - a pack whose explore node binds nothing for the chooser's parameter fails the check, naming the parameter
  ---
  duration_ms: 802.560958
  type: 'test'
  ...
# Subtest: a pack whose act node takes an argument from a strategy knob its contract does not declare is refused when the pack is loaded, naming the knob
ok 11 - a pack whose act node takes an argument from a strategy knob its contract does not declare is refused when the pack is loaded, naming the knob
  ---
  duration_ms: 276.837709
  type: 'test'
  ...
# Subtest: a pack whose act node binds one of the names the harness binds itself is refused when the pack is loaded, naming the node and the name
ok 12 - a pack whose act node binds one of the names the harness binds itself is refused when the pack is loaded, naming the node and the name
  ---
  duration_ms: 256.919084
  type: 'test'
  ...
# Subtest: a pack the packs directory does not hold is an error naming what was looked for, not an empty answer
ok 13 - a pack the packs directory does not hold is an error naming what was looked for, not an empty answer
  ---
  duration_ms: 325.0075
  type: 'test'
  ...
# Subtest: a pack carrying its own rule, chooser and knowledge resolves each ahead of the bundle's, and the check says where every id it resolved came from
ok 14 - a pack carrying its own rule, chooser and knowledge resolves each ahead of the bundle's, and the check says where every id it resolved came from
  ---
  duration_ms: 297.959958
  type: 'test'
  ...
# pack carries-its-own@2 on site local: fit — 3 of 3 inputs bound, 1 tool, 2 rules, 1 reader, 1 chooser, 1 knowledge file, 1 licence
# stage: none; next: intent — INTENT.md, written by /hima-grill
# inputs:
#   flowRoot = /private/tmp/hima-tests-LuCKwu/hima-home-liK6Sm/standin-flow
#   design = opene902
#   workspaceRoot = /private/tmp/hima-tests-LuCKwu/hima-home-liK6Sm/workspace
# tools:
#   synth (tools/synth.sh): "make" is an allowed wrapper of site local
# rules:
#   setup-wns-all-nonnegative@1: found in the bundle
#   clock-period-at-most@2: found in the pack
# readers:
#   dc-qor-report@1 reads qorReport: found in the bundle
# semantics:
#   8 value types come from the bundle
# choosers:
#   timing-push@2 chooses at next-period: found in the pack
# knowledge:
#   push-method.md (why this pack pushes the clock period the way it does): found in the pack
# licences:
#   synth holds 1 of "Design-Compiler": site local declares 1
# Subtest: a rule and a chooser present in neither the pack nor the bundle are refused at the check, in words naming both places looked
ok 15 - a rule and a chooser present in neither the pack nor the bundle are refused at the check, in words naming both places looked
  ---
  duration_ms: 280.638709
  type: 'test'
  ...
# Subtest: the three ways a pack reader does not hang together are each refused by name: a reader with no script, a script with no semantics, and a semantics entry no reader produces
ok 16 - the three ways a pack reader does not hang together are each refused by name: a reader with no script, a script with no semantics, and a semantics entry no reader produces
  ---
  duration_ms: 350.5755
  type: 'test'
  ...
# pack reader-with-no-script@2 on site local: unfit — 2 errors; 3 of 3 inputs bound, 1 tool, 2 rules, 1 reader, 1 chooser, 1 licence
# stage: none; next: intent — INTENT.md, written by /hima-grill
# inputs:
#   flowRoot = /private/tmp/hima-tests-LuCKwu/hima-home-YxmK77/standin-flow
#   design = opene902
#   workspaceRoot = /private/tmp/hima-tests-LuCKwu/hima-home-YxmK77/workspace
# tools:
#   synth (tools/synth.sh): "make" is an allowed wrapper of site local
# rules:
#   setup-wns-all-nonnegative@1: found in the bundle
#   clock-period-at-most@1: found in the bundle
# readers:
#   dc-qor-report@9 reads qorReport: found in the pack, and reader "dc-qor-report", named by output "qorReport", declares its script at /private/tmp/hima-tests-LuCKwu/hima-home-YxmK77/hima/packs/reader-with-no-script/readers/dc-qor-report.yml as "tools/not-written-yet.sh", and there is no file at /private/tmp/hima-tests-LuCKwu/hima-home-YxmK77/hima/packs/reader-with-no-script/tools/not-written-yet.sh
# semantics:
#   clock_period: declared by this pack in /private/tmp/hima-tests-LuCKwu/hima-home-YxmK77/hima/packs/reader-with-no-script/semantics.yml
#   7 value types come from the bundle
# choosers:
#   over-constraining-push@1 chooses at next-period: found in the pack
# licences:
#   synth holds 1 of "Design-Compiler": site local declares 1
# errors:
#   - reader "dc-qor-report", named by output "qorReport", declares its script at /private/tmp/hima-tests-LuCKwu/hima-home-YxmK77/hima/packs/reader-with-no-script/readers/dc-qor-report.yml as "tools/not-written-yet.sh", and there is no file at /private/tmp/hima-tests-LuCKwu/hima-home-YxmK77/hima/packs/reader-with-no-script/tools/not-written-yet.sh
#   - contract.yml: environment.wrappers declares "sh", which no tool, workshop or reader of this pack runs
# pack script-with-no-semantics@2 on site local: unfit — 1 error; 3 of 3 inputs bound, 1 tool, 2 rules, 1 reader, 1 chooser, 1 licence
# stage: none; next: intent — INTENT.md, written by /hima-grill
# inputs:
#   flowRoot = /private/tmp/hima-tests-LuCKwu/hima-home-YxmK77/standin-flow
#   design = opene902
#   workspaceRoot = /private/tmp/hima-tests-LuCKwu/hima-home-YxmK77/workspace
# tools:
#   synth (tools/synth.sh): "make" is an allowed wrapper of site local
# rules:
#   setup-wns-all-nonnegative@1: found in the bundle
#   clock-period-at-most@1: found in the bundle
# readers:
#   dc-qor-report@9 reads qorReport: found in the pack, and reader "dc-qor-report", named by output "qorReport", declares it emits "candidate_count", which no semantics file declares; add it to /private/tmp/hima-tests-LuCKwu/hima-home-YxmK77/hima/packs/script-with-no-semantics/semantics.yml
# semantics:
#   8 value types come from the bundle
# choosers:
#   over-constraining-push@1 chooses at next-period: found in the pack
# licences:
#   synth holds 1 of "Design-Compiler": site local declares 1
# errors:
#   - reader "dc-qor-report", named by output "qorReport", declares it emits "candidate_count", which no semantics file declares; add it to /private/tmp/hima-tests-LuCKwu/hima-home-YxmK77/hima/packs/script-with-no-semantics/semantics.yml
# pack semantics-nobody-emits@2 on site local: unfit — 1 error; 3 of 3 inputs bound, 1 tool, 2 rules, 1 reader, 1 chooser, 1 licence
# stage: none; next: intent — INTENT.md, written by /hima-grill
# inputs:
#   flowRoot = /private/tmp/hima-tests-LuCKwu/hima-home-YxmK77/standin-flow
#   design = opene902
#   workspaceRoot = /private/tmp/hima-tests-LuCKwu/hima-home-YxmK77/workspace
# tools:
#   synth (tools/synth.sh): "make" is an allowed wrapper of site local
# rules:
#   setup-wns-all-nonnegative@1: found in the bundle
#   clock-period-at-most@1: found in the bundle
# readers:
#   dc-qor-report@9 reads qorReport: found in the pack
# semantics:
#   clock_period: declared by this pack in /private/tmp/hima-tests-LuCKwu/hima-home-YxmK77/hima/packs/semantics-nobody-emits/semantics.yml
#   candidate_count: declared by this pack in /private/tmp/hima-tests-LuCKwu/hima-home-YxmK77/hima/packs/semantics-nobody-emits/semantics.yml
#   7 value types come from the bundle
# choosers:
#   over-constraining-push@1 chooses at next-period: found in the pack
# licences:
#   synth holds 1 of "Design-Compiler": site local declares 1
# errors:
#   - semantics.yml: declares the value type "candidate_count", which none of this pack's own readers emits; a value type nothing produces is a rule nothing can ever rule on
# Subtest: a pack reader that hangs together is fit, and the check says its declaration answered the id rather than the bundle's registry
ok 17 - a pack reader that hangs together is fit, and the check says its declaration answered the id rather than the bundle's registry
  ---
  duration_ms: 285.437917
  type: 'test'
  ...
# pack reader-of-its-own@2 on site local: fit — 3 of 3 inputs bound, 1 tool, 2 rules, 1 reader, 1 chooser, 1 licence
# stage: none; next: intent — INTENT.md, written by /hima-grill
# inputs:
#   flowRoot = /private/tmp/hima-tests-LuCKwu/hima-home-VIccVs/standin-flow
#   design = opene902
#   workspaceRoot = /private/tmp/hima-tests-LuCKwu/hima-home-VIccVs/workspace
# tools:
#   synth (tools/synth.sh): "make" is an allowed wrapper of site local
# rules:
#   setup-wns-all-nonnegative@1: found in the bundle
#   clock-period-at-most@1: found in the bundle
# readers:
#   dc-qor-report@9 reads qorReport: found in the pack
# semantics:
#   clock_period: declared by this pack in /private/tmp/hima-tests-LuCKwu/hima-home-VIccVs/hima/packs/reader-of-its-own/semantics.yml
#   7 value types come from the bundle
# choosers:
#   over-constraining-push@1 chooses at next-period: found in the pack
# licences:
#   synth holds 1 of "Design-Compiler": site local declares 1
# Subtest: a reader declaration that would reach outside the pack folder or smuggle a shell expansion onto its command line is refused: a file above the folder, a symlink standing in for the script, and an argv word holding a $
ok 18 - a reader declaration that would reach outside the pack folder or smuggle a shell expansion onto its command line is refused: a file above the folder, a symlink standing in for the script, and an argv word holding a $
  ---
  duration_ms: 367.64925
  type: 'test'
  ...
# /hima pack check: /private/tmp/hima-tests-LuCKwu/hima-home-8Y9QoY/hima/packs/reader-file-is-a-link/tools/read-qor.sh is not a plain file (a symlink, a socket or the like), and a pack folder is plain files: nothing can say what a campaign ran while one of them is somewhere else
# Subtest: a reader script the declaration puts outside the pack's tools folder is refused naming the file, and so is a tools folder that is a link out of the pack
ok 19 - a reader script the declaration puts outside the pack's tools folder is refused naming the file, and so is a tools folder that is a link out of the pack
  ---
  duration_ms: 283.39575
  type: 'test'
  ...
# pack reader-outside-tools@2 on site local: unfit — 3 errors; 3 of 3 inputs bound, 1 tool, 2 rules, 1 reader, 1 chooser, 1 licence
# stage: none; next: intent — INTENT.md, written by /hima-grill
# inputs:
#   flowRoot = /private/tmp/hima-tests-LuCKwu/hima-home-ZENi6J/standin-flow
#   design = opene902
#   workspaceRoot = /private/tmp/hima-tests-LuCKwu/hima-home-ZENi6J/workspace
# tools:
#   synth (tools/synth.sh): "make" is an allowed wrapper of site local
# rules:
#   setup-wns-all-nonnegative@1: found in the bundle
#   clock-period-at-most@1: found in the bundle
# readers:
#   dc-qor-report reads qorReport: reader "dc-qor-report", named by output "qorReport", is declared at /private/tmp/hima-tests-LuCKwu/hima-home-ZENi6J/hima/packs/reader-outside-tools/readers/dc-qor-report.yml, and it does not read as a reader declaration: file: the file "readers/read-qor.sh" is not one: a reader's script is a file under the pack's own tools/, as in "tools/count-candidates.sh"
# semantics:
#   clock_period: declared by this pack in /private/tmp/hima-tests-LuCKwu/hima-home-ZENi6J/hima/packs/reader-outside-tools/semantics.yml
#   7 value types come from the bundle
# choosers:
#   over-constraining-push@1 chooses at next-period: found in the pack
# licences:
#   synth holds 1 of "Design-Compiler": site local declares 1
# errors:
#   - reader "dc-qor-report", named by output "qorReport", is declared at /private/tmp/hima-tests-LuCKwu/hima-home-ZENi6J/hima/packs/reader-outside-tools/readers/dc-qor-report.yml, and it does not read as a reader declaration: file: the file "readers/read-qor.sh" is not one: a reader's script is a file under the pack's own tools/, as in "tools/count-candidates.sh"
#   - contract.yml: environment.wrappers declares "sh", which no tool, workshop or reader of this pack runs
#   - semantics.yml: declares the value type "clock_period", which none of this pack's own readers emits; a value type nothing produces is a rule nothing can ever rule on
# /hima pack check: /private/tmp/hima-tests-LuCKwu/hima-home-ZENi6J/hima/packs/reader-tools-is-a-link/tools is not a plain file (a symlink, a socket or the like), and a pack folder is plain files: nothing can say what a campaign ran while one of them is somewhere else
# Subtest: a reader whose argv begins with a placeholder rather than a wrapper is refused at load: the word pack check holds against the permit is the word the launch runs
ok 20 - a reader whose argv begins with a placeholder rather than a wrapper is refused at load: the word pack check holds against the permit is the word the launch runs
  ---
  duration_ms: 270.664834
  type: 'test'
  ...
# pack reader-argv-head-expands@2 on site local: unfit — 3 errors; 3 of 3 inputs bound, 1 tool, 2 rules, 1 reader, 1 chooser, 1 licence
# stage: none; next: intent — INTENT.md, written by /hima-grill
# inputs:
#   flowRoot = /private/tmp/hima-tests-LuCKwu/hima-home-NJRzlm/standin-flow
#   design = opene902
#   workspaceRoot = /private/tmp/hima-tests-LuCKwu/hima-home-NJRzlm/workspace
# tools:
#   synth (tools/synth.sh): "make" is an allowed wrapper of site local
# rules:
#   setup-wns-all-nonnegative@1: found in the bundle
#   clock-period-at-most@1: found in the bundle
# readers:
#   dc-qor-report reads qorReport: reader "dc-qor-report", named by output "qorReport", is declared at /private/tmp/hima-tests-LuCKwu/hima-home-NJRzlm/hima/packs/reader-argv-head-expands/readers/dc-qor-report.yml, and it does not read as a reader declaration: argv.0: the first word of a reader's argv is the wrapper itself, a literal word this contract declares and the site's permit allows; "${READER}" is a placeholder the harness substitutes
# semantics:
#   clock_period: declared by this pack in /private/tmp/hima-tests-LuCKwu/hima-home-NJRzlm/hima/packs/reader-argv-head-expands/semantics.yml
#   7 value types come from the bundle
# choosers:
#   over-constraining-push@1 chooses at next-period: found in the pack
# licences:
#   synth holds 1 of "Design-Compiler": site local declares 1
# errors:
#   - reader "dc-qor-report", named by output "qorReport", is declared at /private/tmp/hima-tests-LuCKwu/hima-home-NJRzlm/hima/packs/reader-argv-head-expands/readers/dc-qor-report.yml, and it does not read as a reader declaration: argv.0: the first word of a reader's argv is the wrapper itself, a literal word this contract declares and the site's permit allows; "${READER}" is a placeholder the harness substitutes
#   - contract.yml: environment.wrappers declares "sh", which no tool, workshop or reader of this pack runs
#   - semantics.yml: declares the value type "clock_period", which none of this pack's own readers emits; a value type nothing produces is a rule nothing can ever rule on
# Subtest: a semantics file and a reader declaration that are not YAML at all are each an error naming the file, and the reader's names the reader and the output it was looked up for
ok 21 - a semantics file and a reader declaration that are not YAML at all are each an error naming the file, and the reader's names the reader and the output it was looked up for
  ---
  duration_ms: 327.094333
  type: 'test'
  ...
# pack semantics-not-yaml@2 on site local: unfit — 1 error; 3 of 3 inputs bound, 1 tool, 2 rules, 1 reader, 1 chooser, 1 licence
# stage: none; next: intent — INTENT.md, written by /hima-grill
# inputs:
#   flowRoot = /private/tmp/hima-tests-LuCKwu/hima-home-DCEdwk/standin-flow
#   design = opene902
#   workspaceRoot = /private/tmp/hima-tests-LuCKwu/hima-home-DCEdwk/workspace
# tools:
#   synth (tools/synth.sh): "make" is an allowed wrapper of site local
# rules:
#   setup-wns-all-nonnegative@1: found in the bundle
#   clock-period-at-most@1: found in the bundle
# readers:
#   dc-qor-report@9 reads qorReport: found in the pack
# semantics:
#   0 value types come from the bundle
# choosers:
#   over-constraining-push@1 chooses at next-period: found in the pack
# licences:
#   synth holds 1 of "Design-Compiler": site local declares 1
# errors:
#   - the semantics file /private/tmp/hima-tests-LuCKwu/hima-home-DCEdwk/hima/packs/semantics-not-yaml/semantics.yml is not YAML: Flow map in block collection must be sufficiently indented and end with a } at line 3, column 1:
# 
#   clock_period: { unit: ns
# 
# ^
# 
# pack reader-not-yaml@2 on site local: unfit — 3 errors; 3 of 3 inputs bound, 1 tool, 2 rules, 1 reader, 1 chooser, 1 licence
# stage: none; next: intent — INTENT.md, written by /hima-grill
# inputs:
#   flowRoot = /private/tmp/hima-tests-LuCKwu/hima-home-DCEdwk/standin-flow
#   design = opene902
#   workspaceRoot = /private/tmp/hima-tests-LuCKwu/hima-home-DCEdwk/workspace
# tools:
#   synth (tools/synth.sh): "make" is an allowed wrapper of site local
# rules:
#   setup-wns-all-nonnegative@1: found in the bundle
#   clock-period-at-most@1: found in the bundle
# readers:
#   dc-qor-report reads qorReport: reader "dc-qor-report", named by output "qorReport", is declared at /private/tmp/hima-tests-LuCKwu/hima-home-DCEdwk/hima/packs/reader-not-yaml/readers/dc-qor-report.yml, and it is not YAML: Flow sequence in block collection must be sufficiently indented and end with a ] at line 3, column 1:
# 
# argv: [sh, 
# emits: [clock_period]
# ^
# 
# semantics:
#   clock_period: declared by this pack in /private/tmp/hima-tests-LuCKwu/hima-home-DCEdwk/hima/packs/reader-not-yaml/semantics.yml
#   7 value types come from the bundle
# choosers:
#   over-constraining-push@1 chooses at next-period: found in the pack
# licences:
#   synth holds 1 of "Design-Compiler": site local declares 1
# errors:
#   - reader "dc-qor-report", named by output "qorReport", is declared at /private/tmp/hima-tests-LuCKwu/hima-home-DCEdwk/hima/packs/reader-not-yaml/readers/dc-qor-report.yml, and it is not YAML: Flow sequence in block collection must be sufficiently indented and end with a ] at line 3, column 1:
# 
# argv: [sh, 
# emits: [clock_period]
# ^
# 
#   - contract.yml: environment.wrappers declares "sh", which no tool, workshop or reader of this pack runs
#   - semantics.yml: declares the value type "clock_period", which none of this pack's own readers emits; a value type nothing produces is a rule nothing can ever rule on
# Subtest: a rule needing a value type no semantics file declares, and a chooser reading one in a unit the declaration does not bind, are both refused naming the type and the units
ok 22 - a rule needing a value type no semantics file declares, and a chooser reading one in a unit the declaration does not bind, are both refused naming the type and the units
  ---
  duration_ms: 322.047625
  type: 'test'
  ...
# pack rule-on-nothing@2 on site local: unfit — 1 error; 3 of 3 inputs bound, 1 tool, 2 rules, 1 reader, 1 chooser, 1 licence
# stage: none; next: intent — INTENT.md, written by /hima-grill
# inputs:
#   flowRoot = /private/tmp/hima-tests-LuCKwu/hima-home-lnpUyF/standin-flow
#   design = opene902
#   workspaceRoot = /private/tmp/hima-tests-LuCKwu/hima-home-lnpUyF/workspace
# tools:
#   synth (tools/synth.sh): "make" is an allowed wrapper of site local
# rules:
#   setup-wns-all-nonnegative@1: found in the bundle
#   clock-period-at-most@2: found in the pack
# readers:
#   dc-qor-report@1 reads qorReport: found in the bundle
# semantics:
#   8 value types come from the bundle
# choosers:
#   over-constraining-push@1 chooses at next-period: found in the pack
# licences:
#   synth holds 1 of "Design-Compiler": site local declares 1
# errors:
#   - rule "clock-period-at-most" needs the value type "candidate_count", which no semantics file declares
# pack chooser-wrong-unit@2 on site local: unfit — 1 error; 3 of 3 inputs bound, 1 tool, 2 rules, 1 reader, 1 chooser, 1 licence
# stage: none; next: intent — INTENT.md, written by /hima-grill
# inputs:
#   flowRoot = /private/tmp/hima-tests-LuCKwu/hima-home-lnpUyF/standin-flow
#   design = opene902
#   workspaceRoot = /private/tmp/hima-tests-LuCKwu/hima-home-lnpUyF/workspace
# tools:
#   synth (tools/synth.sh): "make" is an allowed wrapper of site local
# rules:
#   setup-wns-all-nonnegative@1: found in the bundle
#   clock-period-at-most@1: found in the bundle
# readers:
#   dc-qor-report@1 reads qorReport: found in the bundle
# semantics:
#   8 value types come from the bundle
# choosers:
#   timing-push@2 chooses at next-period: found in the pack, and node "next-period" applies chooser "timing-push", which reads "period" (clock_period) in "count", and the semantics declare that type is measured in "ns"
# licences:
#   synth holds 1 of "Design-Compiler": site local declares 1
# errors:
#   - node "next-period" applies chooser "timing-push", which reads "period" (clock_period) in "count", and the semantics declare that type is measured in "ns"
# Subtest: every value type the bundled readers declare they emit is declared in the bundle's own semantics.yml, in the unit those readers read it in
ok 23 - every value type the bundled readers declare they emit is declared in the bundle's own semantics.yml, in the unit those readers read it in
  ---
  duration_ms: 1.605
  type: 'test'
  ...
# Subtest: a knowledge file the contract names and the pack folder does not hold leaves the pack unfit, naming the folder looked in and that the bundle ships none
ok 24 - a knowledge file the contract names and the pack folder does not hold leaves the pack unfit, naming the folder looked in and that the bundle ships none
  ---
  duration_ms: 267.2355
  type: 'test'
  ...
# Subtest: a rule a drill-down Loop names and the contract does not list is resolved through the pack like any other, and a miss there is refused in the same words
ok 25 - a rule a drill-down Loop names and the contract does not list is resolved through the pack like any other, and a miss there is refused in the same words
  ---
  duration_ms: 276.592042
  type: 'test'
  ...
# pack loop-rule-of-its-own@2 on site local: fit — 3 of 3 inputs bound, 1 tool, 3 rules, 1 reader, 1 chooser, 1 licence
# stage: none; next: intent — INTENT.md, written by /hima-grill
# inputs:
#   flowRoot = /private/tmp/hima-tests-LuCKwu/hima-home-FJNrOm/standin-flow
#   design = opene902
#   workspaceRoot = /private/tmp/hima-tests-LuCKwu/hima-home-FJNrOm/workspace
# tools:
#   synth (tools/synth.sh): "make" is an allowed wrapper of site local
# rules:
#   setup-wns-all-nonnegative@1: found in the bundle
#   clock-period-at-most@1: found in the bundle
#   loop-only-rule@1: found in the pack
# readers:
#   dc-qor-report@1 reads qorReport: found in the bundle
# semantics:
#   8 value types come from the bundle
# choosers:
#   over-constraining-push@1 chooses at next-period: found in the pack
# licences:
#   synth holds 1 of "Design-Compiler": site local declares 1
# Subtest: a rule file the pack folder holds and this machine cannot read is an error naming the path, never a quiet fall back to the bundle
ok 26 - a rule file the pack folder holds and this machine cannot read is an error naming the path, never a quiet fall back to the bundle
  ---
  duration_ms: 1117.767208
  type: 'test'
  ...
# /hima pack check: /private/tmp/hima-tests-LuCKwu/hima-home-H3zxlz/hima/packs/unreadable-rule/rules/clock-period-at-most.yml is a file of this pack and cannot be read: EACCES: permission denied, open '/private/tmp/hima-tests-LuCKwu/hima-home-H3zxlz/hima/packs/unreadable-rule/rules/clock-period-at-most.yml'
# Subtest: a pack whose output names a reader outside its own readers/ is refused when the pack is loaded, rather than resolving a file beyond the pack folder
ok 27 - a pack whose output names a reader outside its own readers/ is refused when the pack is loaded, rather than resolving a file beyond the pack folder
  ---
  duration_ms: 208.330333
  type: 'test'
  ...
# Subtest: a reader-declaration path that is ENOTDIR is an error naming the path, never a quiet fall back to the bundle
ok 28 - a reader-declaration path that is ENOTDIR is an error naming the path, never a quiet fall back to the bundle
  ---
  duration_ms: 230.835167
  type: 'test'
  ...
# pack reader-dir-is-a-file@2 on site local: unfit — 1 error; 3 of 3 inputs bound, 1 tool, 2 rules, 1 reader, 1 chooser, 1 licence
# stage: none; next: intent — INTENT.md, written by /hima-grill
# inputs:
#   flowRoot = /private/tmp/hima-tests-LuCKwu/hima-home-EkFePh/standin-flow
#   design = opene902
#   workspaceRoot = /private/tmp/hima-tests-LuCKwu/hima-home-EkFePh/workspace
# tools:
#   synth (tools/synth.sh): "make" is an allowed wrapper of site local
# rules:
#   setup-wns-all-nonnegative@1: found in the bundle
#   clock-period-at-most@1: found in the bundle
# readers:
#   dc-qor-report reads qorReport: cannot read /private/tmp/hima-tests-LuCKwu/hima-home-EkFePh/hima/packs/reader-dir-is-a-file/readers/dc-qor-report.yml: /private/tmp/hima-tests-LuCKwu/hima-home-EkFePh/hima/packs/reader-dir-is-a-file/readers is a plain file of this pack folder and not a directory
# semantics:
#   8 value types come from the bundle
# choosers:
#   over-constraining-push@1 chooses at next-period: found in the pack
# licences:
#   synth holds 1 of "Design-Compiler": site local declares 1
# errors:
#   - cannot read /private/tmp/hima-tests-LuCKwu/hima-home-EkFePh/hima/packs/reader-dir-is-a-file/readers/dc-qor-report.yml: /private/tmp/hima-tests-LuCKwu/hima-home-EkFePh/hima/packs/reader-dir-is-a-file/readers is a plain file of this pack folder and not a directory
# Subtest: a chooser that resolved and then failed its binding is reported with both where it came from and what is wrong with it
ok 29 - a chooser that resolved and then failed its binding is reported with both where it came from and what is wrong with it
  ---
  duration_ms: 275.118583
  type: 'test'
  ...
# pack own-chooser-bad-bind@2 on site local: unfit — 1 error; 3 of 3 inputs bound, 1 tool, 2 rules, 1 reader, 1 chooser, 1 licence
# stage: none; next: intent — INTENT.md, written by /hima-grill
# inputs:
#   flowRoot = /private/tmp/hima-tests-LuCKwu/hima-home-KjGU5S/standin-flow
#   design = opene902
#   workspaceRoot = /private/tmp/hima-tests-LuCKwu/hima-home-KjGU5S/workspace
# tools:
#   synth (tools/synth.sh): "make" is an allowed wrapper of site local
# rules:
#   setup-wns-all-nonnegative@1: found in the bundle
#   clock-period-at-most@1: found in the bundle
# readers:
#   dc-qor-report@1 reads qorReport: found in the bundle
# semantics:
#   8 value types come from the bundle
# choosers:
#   timing-push@2 chooses at next-period: found in the pack, and node "next-period" binds -0.1 to chooser parameter "guardBandNs", which must be zero or more
# licences:
#   synth holds 1 of "Design-Compiler": site local declares 1
# errors:
#   - node "next-period" binds -0.1 to chooser parameter "guardBandNs", which must be zero or more
# Subtest: a directory named like a knowledge file is not a knowledge file: the check says so rather than counting it as resolved
ok 30 - a directory named like a knowledge file is not a knowledge file: the check says so rather than counting it as resolved
  ---
  duration_ms: 240.39275
  type: 'test'
  ...
# pack knowledge-is-a-directory@2 on site local: unfit — 1 error; 3 of 3 inputs bound, 1 tool, 2 rules, 1 reader, 1 chooser, 1 knowledge file, 1 licence
# stage: none; next: intent — INTENT.md, written by /hima-grill
# inputs:
#   flowRoot = /private/tmp/hima-tests-LuCKwu/hima-home-bIZi0r/standin-flow
#   design = opene902
#   workspaceRoot = /private/tmp/hima-tests-LuCKwu/hima-home-bIZi0r/workspace
# tools:
#   synth (tools/synth.sh): "make" is an allowed wrapper of site local
# rules:
#   setup-wns-all-nonnegative@1: found in the bundle
#   clock-period-at-most@1: found in the bundle
# readers:
#   dc-qor-report@1 reads qorReport: found in the bundle
# semantics:
#   8 value types come from the bundle
# choosers:
#   over-constraining-push@1 chooses at next-period: found in the pack
# knowledge:
#   push-method.md (why this pack pushes the clock period the way it does): knowledge file "push-method.md" (why this pack pushes the clock period the way it does) is at /private/tmp/hima-tests-LuCKwu/hima-home-bIZi0r/hima/packs/knowledge-is-a-directory/knowledge/push-method.md, which is not a plain file
# licences:
#   synth holds 1 of "Design-Compiler": site local declares 1
# errors:
#   - knowledge file "push-method.md" (why this pack pushes the clock period the way it does) is at /private/tmp/hima-tests-LuCKwu/hima-home-bIZi0r/hima/packs/knowledge-is-a-directory/knowledge/push-method.md, which is not a plain file
# Subtest: a symlink standing where a knowledge file goes is not a knowledge file: the check refuses it rather than reading pack-local through a link to outside the pack
ok 31 - a symlink standing where a knowledge file goes is not a knowledge file: the check refuses it rather than reading pack-local through a link to outside the pack
  ---
  duration_ms: 232.305666
  type: 'test'
  ...
# /hima pack check: /private/tmp/hima-tests-LuCKwu/hima-home-RZpJg6/hima/packs/knowledge-is-a-symlink/knowledge/push-method.md is not a plain file (a symlink, a socket or the like), and a pack folder is plain files: nothing can say what a campaign ran while one of them is somewhere else
# Subtest: preparing a campaign on the local site creates its workspace, copies the flow into it, and records what it prepared
ok 32 - preparing a campaign on the local site creates its workspace, copies the flow into it, and records what it prepared
  ---
  duration_ms: 435.822709
  type: 'test'
  ...
# Subtest: preparing the same campaign twice copies nothing the second time and says so
ok 33 - preparing the same campaign twice copies nothing the second time and says so
  ---
  duration_ms: 408.7925
  type: 'test'
  ...
# Subtest: a workspace that is there but carries no workspace.json is not prepared over the top of
ok 34 - a workspace that is there but carries no workspace.json is not prepared over the top of
  ---
  duration_ms: 531.1785
  type: 'test'
  ...
# Subtest: a workspace prepared for another design is not reused for this one: it says whose it is and prepares nothing
ok 35 - a workspace prepared for another design is not reused for this one: it says whose it is and prepares nothing
  ---
  duration_ms: 643.519167
  type: 'test'
  ...
# Subtest: a workspace prepared from a shorter copy list than the pack now declares is not reused: it names the piece that is missing and copies nothing
ok 36 - a workspace prepared from a shorter copy list than the pack now declares is not reused: it names the piece that is missing and copies nothing
  ---
  duration_ms: 531.432333
  type: 'test'
  ...
# Subtest: a dangling symlink where the workspace goes is refused: a write would follow it wherever it points
ok 37 - a dangling symlink where the workspace goes is refused: a write would follow it wherever it points
  ---
  duration_ms: 382.709708
  type: 'test'
  ...
# Subtest: a workspace.json that cannot be read as one is an answer, not a crash
ok 38 - a workspace.json that cannot be read as one is an answer, not a crash
  ---
  duration_ms: 349.728958
  type: 'test'
  ...
# Subtest: a campaign whose workspace root is outside the permit's write roots is refused before anything is created
ok 39 - a campaign whose workspace root is outside the permit's write roots is refused before anything is created
  ---
  duration_ms: 331.77625
  type: 'test'
  ...
# Subtest: the channel admits exactly the verbs workspace preparation runs, and they are nobody else's
ok 40 - the channel admits exactly the verbs workspace preparation runs, and they are nobody else's
  ---
  duration_ms: 0.298625
  type: 'test'
  ...
# Subtest: the shipped pack has never been through the authoring pipeline, and the check says so without holding it against it
ok 41 - the shipped pack has never been through the authoring pipeline, and the check says so without holding it against it
  ---
  duration_ms: 358.816
  type: 'test'
  ...
# Subtest: a pack folder whose intent record is missing a section stays below the first rung, and the check names the section
ok 42 - a pack folder whose intent record is missing a section stays below the first rung, and the check names the section
  ---
  duration_ms: 418.885125
  type: 'test'
  ...
# Subtest: a pack folder holding both records and a contract and graph that load stands at compiled, and the check says the test stage is next
ok 43 - a pack folder holding both records and a contract and graph that load stands at compiled, and the check says the test stage is next
  ---
  duration_ms: 445.418792
  type: 'test'
  ...
# Subtest: a folder the pipeline has only grilled is checked as the stage it is, not as a pack nobody installed
ok 44 - a folder the pipeline has only grilled is checked as the stage it is, not as a pack nobody installed
  ---
  duration_ms: 329.335917
  type: 'test'
  ...
# Subtest: a record holding a heading that is not one of its sections does not validate, and the check names the first deviation
ok 45 - a record holding a heading that is not one of its sections does not validate, and the check names the first deviation
  ---
  duration_ms: 351.190625
  type: 'test'
  ...
# Subtest: a record whose sections are in another order, or hold one of them twice, does not validate either
ok 46 - a record whose sections are in another order, or hold one of them twice, does not validate either
  ---
  duration_ms: 360.763834
  type: 'test'
  ...
# Subtest: a folder whose contract and graph parse but do not hang together is not compiled, and the check answers the ladder beside the loader's own words
ok 47 - a folder whose contract and graph parse but do not hang together is not compiled, and the check answers the ladder beside the loader's own words
  ---
  duration_ms: 413.717625
  type: 'test'
  ...
# Subtest: the rungs above compiled are cumulative too, a released pack says there is nothing after it, and a test record this ledger cannot vouch for carries no folder past compiled
ok 48 - the rungs above compiled are cumulative too, a released pack says there is nothing after it, and a test record this ledger cannot vouch for carries no folder past compiled
  ---
  duration_ms: 550.046667
  type: 'test'
  ...
# Subtest: packStageOf answers absence only for a folder that is not there, and throws for an id that is not one and for a file standing where a pack folder should
ok 49 - packStageOf answers absence only for a folder that is not there, and throws for an id that is not one and for a file standing where a pack folder should
  ---
  duration_ms: 259.787875
  type: 'test'
  ...
# Subtest: a fabric record missing a section leaves the folder at specified, and the check names the section
ok 50 - a fabric record missing a section leaves the folder at specified, and the check names the section
  ---
  duration_ms: 272.192375
  type: 'test'
  ...
# Subtest: a test record missing a section, or holding no run line, leaves the folder at compiled and the check says which
ok 51 - a test record missing a section, or holding no run line, leaves the folder at compiled and the check says which
  ---
  duration_ms: 1126.261834
  type: 'test'
  ...
# Subtest: a VERSION.yml that is a link is refused naming it rather than read through, by the check and by the release, and the file it points at is untouched
ok 52 - a VERSION.yml that is a link is refused naming it rather than read through, by the check and by the release, and the file it points at is untouched
  ---
  duration_ms: 232.057583
  type: 'test'
  ...
# Subtest: a pack folder that is a link out of the packs directory is refused naming it, by the ladder, by the check and by a run
ok 53 - a pack folder that is a link out of the packs directory is refused naming it, by the ladder, by the check and by a run
  ---
  duration_ms: 253.232708
  type: 'test'
  ...
# Subtest: a hidden entry is not a file of a pack: the seal ignores it and a released folder stays released, while a name no pack file can have is refused before anything is hashed
ok 54 - a hidden entry is not a file of a pack: the seal ignores it and a released folder stays released, while a name no pack file can have is refused before anything is hashed
  ---
  duration_ms: 362.060875
  type: 'test'
  ...
# Subtest: a hidden entry that is not a plain file is refused naming it: the digest, the release and a campaign all stop at a link nobody reviewing the folder can see
ok 55 - a hidden entry that is not a plain file is refused naming it: the digest, the release and a campaign all stop at a link nobody reviewing the folder can see
  ---
  duration_ms: 424.774084
  type: 'test'
  ...
# Subtest: a link under a hidden directory is refused naming it: a namespace nobody may declare is not a namespace nobody has to look at
ok 56 - a link under a hidden directory is refused naming it: a namespace nobody may declare is not a namespace nobody has to look at
  ---
  duration_ms: 359.2925
  type: 'test'
  ...
# Subtest: the one reading of a pack folder refuses a path whose second look is a different inode, and accepts the one whose two looks are the same file
ok 57 - the one reading of a pack folder refuses a path whose second look is a different inode, and accepts the one whose two looks are the same file
  ---
  duration_ms: 9.251208
  type: 'test'
  ...
# Subtest: the check answers out of the one reading the pack was parsed from: a pack-local rule taken off the disk after the load is still the rule the check reports, and the bundle is still read where it lies
ok 58 - the check answers out of the one reading the pack was parsed from: a pack-local rule taken off the disk after the load is still the rule the check reports, and the bundle is still read where it lies
  ---
  duration_ms: 26.205875
  type: 'test'
  ...
# Subtest: a directory standing where a pack-local data file goes is refused naming the path, never read as a pack that declares none: the semantics file and a rule file
ok 59 - a directory standing where a pack-local data file goes is refused naming the path, never read as a pack that declares none: the semantics file and a rule file
  ---
  duration_ms: 395.41675
  type: 'test'
  ...
# pack semantics-is-a-directory@2 on site local: unfit — 1 error; 3 of 3 inputs bound, 1 tool, 2 rules, 1 reader, 1 chooser, 1 licence
# stage: none; next: intent — INTENT.md, written by /hima-grill
# inputs:
#   flowRoot = /private/tmp/hima-tests-LuCKwu/hima-home-jQfbC3/standin-flow
#   design = opene902
#   workspaceRoot = /private/tmp/hima-tests-LuCKwu/hima-home-jQfbC3/workspace
# tools:
#   synth (tools/synth.sh): "make" is an allowed wrapper of site local
# rules:
#   setup-wns-all-nonnegative@1: found in the bundle
#   clock-period-at-most@1: found in the bundle
# readers:
#   dc-qor-report@1 reads qorReport: found in the bundle
# semantics:
#   0 value types come from the bundle
# choosers:
#   over-constraining-push@1 chooses at next-period: found in the pack
# licences:
#   synth holds 1 of "Design-Compiler": site local declares 1
# errors:
#   - cannot read the semantics file /private/tmp/hima-tests-LuCKwu/hima-home-jQfbC3/hima/packs/semantics-is-a-directory/semantics.yml: a directory stands there
# pack rule-is-a-directory@2 on site local: unfit — 1 error; 3 of 3 inputs bound, 1 tool, 2 rules, 1 reader, 1 chooser, 1 licence
# stage: none; next: intent — INTENT.md, written by /hima-grill
# inputs:
#   flowRoot = /private/tmp/hima-tests-LuCKwu/hima-home-jQfbC3/standin-flow
#   design = opene902
#   workspaceRoot = /private/tmp/hima-tests-LuCKwu/hima-home-jQfbC3/workspace
# tools:
#   synth (tools/synth.sh): "make" is an allowed wrapper of site local
# rules:
#   setup-wns-all-nonnegative@1: found in the bundle
#   clock-period-at-most: cannot read /private/tmp/hima-tests-LuCKwu/hima-home-jQfbC3/hima/packs/rule-is-a-directory/rules/clock-period-at-most.yml: a directory stands there, and a pack's data file is a plain file
# readers:
#   dc-qor-report@1 reads qorReport: found in the bundle
# semantics:
#   8 value types come from the bundle
# choosers:
#   over-constraining-push@1 chooses at next-period: found in the pack
# licences:
#   synth holds 1 of "Design-Compiler": site local declares 1
# errors:
#   - cannot read /private/tmp/hima-tests-LuCKwu/hima-home-jQfbC3/hima/packs/rule-is-a-directory/rules/clock-period-at-most.yml: a directory stands there, and a pack's data file is a plain file
# Subtest: a regular file standing where a pack folder would be is named by the check and by a run, never quietly left off the list the start form is built from
ok 60 - a regular file standing where a pack folder would be is named by the check and by a run, never quietly left off the list the start form is built from
  ---
  duration_ms: 418.388792
  type: 'test'
  ...
# Subtest: a test record whose Ending holds two status lines is refused naming the section: a campaign ends once, and a record may not say it ended twice
ok 61 - a test record whose Ending holds two status lines is refused naming the section: a campaign ends once, and a record may not say it ended twice
  ---
  duration_ms: 2134.307334
  type: 'test'
  ...
# Subtest: a test record naming two runs is a record naming none, and the rung says so
ok 62 - a test record naming two runs is a record naming none, and the rung says so
  ---
  duration_ms: 320.170375
  type: 'test'
  ...
1..62
# tests 62
# suites 0
# pass 62
# fail 0
# cancelled 0
# skipped 0
# todo 0
# duration_ms 24759.257708
SSH subprocess attempts: 0
local command exit code: 0; elapsed: 24.818 s; pass/fail/skip counts are in the TAP summary above
