$ node scripts/run-contract-tests.mjs local --files test/contract/agent-execution.host.test.ts
local: 1 selected; 36 unselected in local; other groups not run (not passes)
TAP version 13
# Subtest: a conversational owner prepares a Run without executing its first business node
ok 1 - a conversational owner prepares a Run without executing its first business node
  ---
  duration_ms: 6444.354459
  type: 'test'
  ...
# Subtest: pause and an explicit handoff fence old owners without changing Goal or budget
not ok 2 - pause and an explicit handoff fence old owners without changing Goal or budget
  ---
  duration_ms: 733.226375
  type: 'test'
  location: '/Users/lluzi/code/hima_harness_reforge_polishing/test/contract/agent-execution.host.test.ts:30:1'
  failureType: 'testCodeFailure'
  error: |-
    Expected values to be strictly equal:
    + actual - expected
    
    + 'refused'
    - 'accepted'
    
  code: 'ERR_ASSERTION'
  name: 'AssertionError'
  expected: 'accepted'
  actual: 'refused'
  operator: 'strictEqual'
  stack: |-
    TestContext.<anonymous> (file:///Users/lluzi/code/hima_harness_reforge_polishing/test/contract/agent-execution.host.test.ts:42:12)
    async Test.run (node:internal/test_runner/test:1404:7)
    async Test.processPendingSubtests (node:internal/test_runner/test:969:7)
  ...
# Subtest: node admission is owned, versioned and idempotent before any Job exists
ok 3 - node admission is owned, versioned and idempotent before any Job exists
  ---
  duration_ms: 806.3625
  type: 'test'
  ...
1..3
# tests 3
# suites 0
# pass 2
# fail 1
# cancelled 0
# skipped 0
# todo 0
# duration_ms 9105.507042
Test boot attempts: {"host-process":0,"host-in-process":3,"electron":0}; Electron launches also start their own Host
SSH subprocess attempts: 0
local command exit code: 1; elapsed: 9.271 s; pass/fail/skip counts are in the TAP summary above
[ELIFECYCLE] Command failed with exit code 1.
