$ node scripts/run-contract-tests.mjs local --files test/contract/agent-execution.host.test.ts
local: 1 selected; 36 unselected in local; other groups not run (not passes)
TAP version 13
# Subtest: a conversational owner prepares a Run without executing its first business node
ok 1 - a conversational owner prepares a Run without executing its first business node
  ---
  duration_ms: 6835.723416
  type: 'test'
  ...
# Subtest: pause and an explicit handoff fence old owners without changing Goal or budget
ok 2 - pause and an explicit handoff fence old owners without changing Goal or budget
  ---
  duration_ms: 1480.104375
  type: 'test'
  ...
# Subtest: node admission is owned, versioned and idempotent before any Job exists
ok 3 - node admission is owned, versioned and idempotent before any Job exists
  ---
  duration_ms: 1188.778792
  type: 'test'
  ...
1..3
# tests 3
# suites 0
# pass 3
# fail 0
# cancelled 0
# skipped 0
# todo 0
# duration_ms 10100.847292
Test boot attempts: {"host-process":0,"host-in-process":3,"electron":0}; Electron launches also start their own Host
SSH subprocess attempts: 0
local command exit code: 0; elapsed: 10.185 s; pass/fail/skip counts are in the TAP summary above
