$ node scripts/run-contract-tests.mjs local --files test/contract/agent-controls.host.test.ts
local: 1 selected; 44 unselected in local; other groups not run (not passes)
TAP version 13
# Subtest: a human in another live conversation can promptly cancel a long Job without taking ownership
ok 1 - a human in another live conversation can promptly cancel a long Job without taking ownership
  ---
  duration_ms: 6406.662375
  type: 'test'
  ...
1..1
# tests 1
# suites 0
# pass 1
# fail 0
# cancelled 0
# skipped 0
# todo 0
# duration_ms 6854.191458
Test boot attempts: {"host-process":0,"host-in-process":1,"electron":0}; Electron launches also start their own Host
SSH subprocess attempts: 0
local command exit code: 0; elapsed: 6.933 s; pass/fail/skip counts are in the TAP summary above
