$ node scripts/run-contract-tests.mjs local --files test/contract/agent-controls.host.test.ts
local: 1 selected; 44 unselected in local; other groups not run (not passes)
TAP version 13
# Subtest: a human in another live conversation can promptly cancel a long Job without taking ownership
ok 1 - a human in another live conversation can promptly cancel a long Job without taking ownership
  ---
  duration_ms: 1873.70125
  type: 'test'
  ...
# Subtest: retry allowance blocks the failed node until its human owner clears that node
ok 2 - retry allowance blocks the failed node until its human owner clears that node
  ---
  duration_ms: 2164.695625
  type: 'test'
  ...
# Subtest: the total time box expires while paused without any next Agent action
ok 3 - the total time box expires while paused without any next Agent action
  ---
  duration_ms: 1820.955125
  type: 'test'
  ...
# Subtest: the total time box expires while paused with the Agent offline after Host restart
ok 4 - the total time box expires while paused with the Agent offline after Host restart
  ---
  duration_ms: 1790.824917
  type: 'test'
  ...
# Subtest: cancel and launch use the same admission order and a stale cancel cannot kill unacknowledged work
ok 5 - cancel and launch use the same admission order and a stale cancel cannot kill unacknowledged work
  ---
  duration_ms: 1709.309875
  type: 'test'
  ...
# Subtest: hard deadline stops an existing long Job and records the time box as the cause
ok 6 - hard deadline stops an existing long Job and records the time box as the cause
  ---
  duration_ms: 3325.961667
  type: 'test'
  ...
# Subtest: an unknown launch remains fenced and truthfully uncertain when the hard deadline arrives
ok 7 - an unknown launch remains fenced and truthfully uncertain when the hard deadline arrives
  ---
  duration_ms: 2758.3615
  type: 'test'
  ...
1..7
# tests 7
# suites 0
# pass 7
# fail 0
# cancelled 0
# skipped 0
# todo 0
# duration_ms 15848.784625
Test boot attempts: {"host-process":0,"host-in-process":9,"electron":0}; Electron launches also start their own Host
SSH subprocess attempts: 0
local command exit code: 0; elapsed: 15.900 s; pass/fail/skip counts are in the TAP summary above
