$ node scripts/run-contract-tests.mjs local --files test/contract/agent-controls.host.test.ts
local: 1 selected; 44 unselected in local; other groups not run (not passes)
TAP version 13
# Subtest: a human in another live conversation can promptly cancel a long Job without taking ownership
ok 1 - a human in another live conversation can promptly cancel a long Job without taking ownership
  ---
  duration_ms: 2638.221625
  type: 'test'
  ...
# Subtest: retry allowance blocks the failed node until its human owner clears that node
ok 2 - retry allowance blocks the failed node until its human owner clears that node
  ---
  duration_ms: 3340.09375
  type: 'test'
  ...
# Subtest: the total time box expires while paused without any next Agent action
ok 3 - the total time box expires while paused without any next Agent action
  ---
  duration_ms: 1939.726416
  type: 'test'
  ...
# Subtest: the total time box expires while paused with the Agent offline after Host restart
ok 4 - the total time box expires while paused with the Agent offline after Host restart
  ---
  duration_ms: 2011.364083
  type: 'test'
  ...
1..4
# tests 4
# suites 0
# pass 4
# fail 0
# cancelled 0
# skipped 0
# todo 0
# duration_ms 10556.676959
Test boot attempts: {"host-process":0,"host-in-process":5,"electron":0}; Electron launches also start their own Host
SSH subprocess attempts: 0
local command exit code: 0; elapsed: 10.629 s; pass/fail/skip counts are in the TAP summary above
