$ node scripts/run-contract-tests.mjs local --files test/contract/agent-controls.host.test.ts
local: 1 selected; 44 unselected in local; other groups not run (not passes)
TAP version 13
# Subtest: a human in another live conversation can promptly cancel a long Job without taking ownership
ok 1 - a human in another live conversation can promptly cancel a long Job without taking ownership
  ---
  duration_ms: 4945.520583
  type: 'test'
  ...
# Subtest: retry allowance blocks the failed node until its human owner clears that node
not ok 2 - retry allowance blocks the failed node until its human owner clears that node
  ---
  duration_ms: 2613.310417
  type: 'test'
  location: '/Users/lluzi/code/hima_harness_reforge_polishing/.hima-tmp/pls-next/pls19-controls/test/contract/agent-controls.host.test.ts:54:1'
  failureType: 'testCodeFailure'
  error: |-
    Expected values to be strictly deep-equal:
    + actual - expected
    
    + [
    +   'synthesize'
    + ]
    - []
    
  code: 'ERR_ASSERTION'
  name: 'AssertionError'
  expected:
  actual:
    0: 'synthesize'
  operator: 'deepStrictEqual'
  stack: |-
    TestContext.<anonymous> (file:///Users/lluzi/code/hima_harness_reforge_polishing/.hima-tmp/pls-next/pls19-controls/test/contract/agent-controls.host.test.ts:81:12)
    async Test.run (node:internal/test_runner/test:1404:7)
    async Test.processPendingSubtests (node:internal/test_runner/test:969:7)
  ...
1..2
# tests 2
# suites 0
# pass 1
# fail 1
# cancelled 0
# skipped 0
# todo 0
# duration_ms 8044.313375
Test boot attempts: {"host-process":0,"host-in-process":2,"electron":0}; Electron launches also start their own Host
SSH subprocess attempts: 0
local command exit code: 1; elapsed: 8.121 s; pass/fail/skip counts are in the TAP summary above
[ELIFECYCLE] Command failed with exit code 1.
