$ node scripts/run-contract-tests.mjs local --files test/contract/agent-controls.host.test.ts
local: 1 selected; 44 unselected in local; other groups not run (not passes)
TAP version 13
# Subtest: a human in another live conversation can promptly cancel a long Job without taking ownership
ok 1 - a human in another live conversation can promptly cancel a long Job without taking ownership
  ---
  duration_ms: 3037.01225
  type: 'test'
  ...
# Subtest: retry allowance blocks the failed node until its human owner clears that node
ok 2 - retry allowance blocks the failed node until its human owner clears that node
  ---
  duration_ms: 3831.673209
  type: 'test'
  ...
# Subtest: the total time box expires while paused without any next Agent action
ok 3 - the total time box expires while paused without any next Agent action
  ---
  duration_ms: 2188.51075
  type: 'test'
  ...
# Subtest: the total time box expires while paused with the Agent offline after Host restart
ok 4 - the total time box expires while paused with the Agent offline after Host restart
  ---
  duration_ms: 2526.188458
  type: 'test'
  ...
# Subtest: cancel and launch use the same admission order and a stale cancel cannot kill unacknowledged work
ok 5 - cancel and launch use the same admission order and a stale cancel cannot kill unacknowledged work
  ---
  duration_ms: 2826.189542
  type: 'test'
  ...
# Subtest: hard deadline stops an existing long Job and records the time box as the cause
ok 6 - hard deadline stops an existing long Job and records the time box as the cause
  ---
  duration_ms: 2589.9525
  type: 'test'
  ...
# Subtest: an unknown launch remains fenced and truthfully uncertain when the hard deadline arrives
not ok 7 - an unknown launch remains fenced and truthfully uncertain when the hard deadline arrives
  ---
  duration_ms: 6792.313583
  type: 'test'
  location: '/Users/lluzi/code/hima_harness_reforge_polishing/.hima-tmp/pls-next/pls19-controls/test/contract/agent-controls.host.test.ts:187:1'
  failureType: 'testCodeFailure'
  error: 'the deadline exposes its unconfirmed stop did not happen within 6000 ms'
  code: 'ERR_TEST_FAILURE'
  stack: |-
    waitUntil (file:///Users/lluzi/code/hima_harness_reforge_polishing/.hima-tmp/pls-next/pls19-controls/test/contract/support/fabric.ts:92:39)
    async TestContext.<anonymous> (file:///Users/lluzi/code/hima_harness_reforge_polishing/.hima-tmp/pls-next/pls19-controls/test/contract/agent-controls.host.test.ts:213:5)
    async Test.run (node:internal/test_runner/test:1404:7)
    async Test.processPendingSubtests (node:internal/test_runner/test:969:7)
  ...
1..7
# tests 7
# suites 0
# pass 6
# fail 1
# cancelled 0
# skipped 0
# todo 0
# duration_ms 24340.433666
Test boot attempts: {"host-process":0,"host-in-process":9,"electron":0}; Electron launches also start their own Host
SSH subprocess attempts: 0
local command exit code: 1; elapsed: 24.422 s; pass/fail/skip counts are in the TAP summary above
[ELIFECYCLE] Command failed with exit code 1.
