$ node scripts/run-contract-tests.mjs desktop --files test/contract/agent-execution.desktop.test.ts
desktop: 1 selected; 17 unselected in desktop; other groups not run (not passes)
TAP version 13
# Subtest: native selected conversation runs one explicit Job, accepts typed steering and human Continue without losing draft or Files
ok 1 - native selected conversation runs one explicit Job, accepts typed steering and human Continue without losing draft or Files
  ---
  duration_ms: 41745.38825
  type: 'test'
  ...
1..1
# tests 1
# suites 0
# pass 1
# fail 0
# cancelled 0
# skipped 0
# todo 0
# duration_ms 42615.412667
Test boot attempts: {"host-process":0,"host-in-process":0,"electron":1}; Electron launches also start their own Host
SSH subprocess attempts: 0
desktop command exit code: 0; elapsed: 42.712 s; pass/fail/skip counts are in the TAP summary above
