$ node scripts/run-contract-tests.mjs local --files test/contract/agent-workshop.host.test.ts test/contract/agent-desktop-replay.host.test.ts test/contract/agent-graph.host.test.ts
local: 3 selected; 42 unselected in local; other groups not run (not passes)
TAP version 13
# Subtest: replay uses real conversational tool results for dynamic execution identities and normal user steering
ok 1 - replay uses real conversational tool results for dynamic execution identities and normal user steering
  ---
  duration_ms: 14103.874333
  type: 'test'
  ...
# Subtest: explore rejects invented success and invalid strategy, then follows the owner choice and actual goal evidence
ok 2 - explore rejects invented success and invalid strategy, then follows the owner choice and actual goal evidence
  ---
  duration_ms: 6230.200458
  type: 'test'
  ...
# Subtest: a valid next-strategy request at the generation budget records an honest ending without another Job
ok 3 - a valid next-strategy request at the generation budget records an honest ending without another Job
  ---
  duration_ms: 2553.065292
  type: 'test'
  ...
# Subtest: fork branches require explicit work, node pause fences dependents only, and join uses each branch evidence
ok 4 - fork branches require explicit work, node pause fences dependents only, and join uses each branch evidence
  ---
  duration_ms: 3866.566958
  type: 'test'
  ...
# Subtest: a declared nested Loop exposes entry and each inner generation without helper-driven Jobs
ok 5 - a declared nested Loop exposes entry and each inner generation without helper-driven Jobs
  ---
  duration_ms: 5858.881541
  type: 'test'
  ...
# Subtest: an invalid fixed chooser recommendation does not veto a valid owner strategy
ok 6 - an invalid fixed chooser recommendation does not veto a valid owner strategy
  ---
  duration_ms: 3129.392875
  type: 'test'
  ...
# Subtest: Pack wait needs a human clearance followed by explicit Agent completion
ok 7 - Pack wait needs a human clearance followed by explicit Agent completion
  ---
  duration_ms: 1282.842959
  type: 'test'
  ...
# Subtest: the actual conversational owner reads inputs and knowledge, writes a version and launches it without a hidden model session
ok 8 - the actual conversational owner reads inputs and knowledge, writes a version and launches it without a hidden model session
  ---
  duration_ms: 5981.505542
  type: 'test'
  ...
1..8
# tests 8
# suites 0
# pass 8
# fail 0
# cancelled 0
# skipped 0
# todo 0
# duration_ms 45262.662709
Test boot attempts: {"host-process":0,"host-in-process":8,"electron":0}; Electron launches also start their own Host
SSH subprocess attempts: 0
local command exit code: 0; elapsed: 45.366 s; pass/fail/skip counts are in the TAP summary above
