$ node scripts/run-contract-tests.mjs local --files test/contract/agent-desktop-replay.host.test.ts
local: 1 selected; 44 unselected in local; other groups not run (not passes)
TAP version 13
# Subtest: replay uses real conversational tool results for dynamic execution identities and normal user steering
ok 1 - replay uses real conversational tool results for dynamic execution identities and normal user steering
  ---
  duration_ms: 18745.478958
  type: 'test'
  ...
1..1
# tests 1
# suites 0
# pass 1
# fail 0
# cancelled 0
# skipped 0
# todo 0
# duration_ms 19276.726375
Test boot attempts: {"host-process":0,"host-in-process":1,"electron":0}; Electron launches also start their own Host
SSH subprocess attempts: 0
local command exit code: 0; elapsed: 19.360 s; pass/fail/skip counts are in the TAP summary above
