$ node scripts/run-contract-tests.mjs local --files test/contract/experience.host.test.ts
local: 1 selected; 20 unselected in local; other groups not run (not passes)
TAP version 13
# Subtest: a Campaign that met its goal leaves both report files on the site, with their hashes on the ledger and every number the card showed in the json
ok 1 - a Campaign that met its goal leaves both report files on the site, with their hashes on the ledger and every number the card showed in the json
  ---
  duration_ms: 3477.92
  type: 'test'
  ...
# Subtest: a Campaign that stopped learning writes the convergence rule into both files as the reason it ended
ok 2 - a Campaign that stopped learning writes the convergence rule into both files as the reason it ended
  ---
  duration_ms: 3417.405583
  type: 'test'
  ...
# Subtest: a Campaign a Budget meter ended names that meter in its report, whichever meter it was
ok 3 - a Campaign a Budget meter ended names that meter in its report, whichever meter it was
  ---
  duration_ms: 3802.02925
  type: 'test'
  ...
# Subtest: a Campaign a person stopped writes its report at the cancel, with what was observed to stop as the reason
ok 4 - a Campaign a person stopped writes its report at the cancel, with what was observed to stop as the reason
  ---
  duration_ms: 2279.555792
  type: 'test'
  ...
# Subtest: a second host on the same home re-serves the report it finds rather than writing a second one
ok 5 - a second host on the same home re-serves the report it finds rather than writing a second one
  ---
  duration_ms: 5107.719042
  type: 'test'
  ...
# Subtest: the report is served as markdown to a session that has one, refused to a caller with none, refused outright once the file has changed under it, and answered as a site fault once the file is gone
ok 6 - the report is served as markdown to a session that has one, refused to a caller with none, refused outright once the file has changed under it, and answered as a site fault once the file is gone
  ---
  duration_ms: 3357.296792
  type: 'test'
  ...
# Subtest: a run whose ending stood while the site refused the report is finished by the next host, which writes it from records that have not moved
ok 7 - a run whose ending stood while the site refused the report is finished by the next host, which writes it from records that have not moved
  ---
  duration_ms: 5088.883375
  type: 'test'
  ...
# Subtest: /hima status names the report's two files on a Campaign that has ended
ok 8 - /hima status names the report's two files on a Campaign that has ended
  ---
  duration_ms: 3239.398667
  type: 'test'
  ...
# Subtest: a Campaign stopped while it waited on a person carries its Hard blocker into the report, log tail and all
ok 9 - a Campaign stopped while it waited on a person carries its Hard blocker into the report, log tail and all
  ---
  duration_ms: 1948.781042
  type: 'test'
  ...
1..9
# tests 9
# suites 0
# pass 9
# fail 0
# cancelled 0
# skipped 0
# todo 0
# duration_ms 31866.717708
SSH subprocess attempts: 0
local command exit code: 0; elapsed: 31.893 s; pass/fail/skip counts are in the TAP summary above
