$ node scripts/run-contract-tests.mjs desktop --files test/contract/start-form-window.test.ts
desktop: 1 selected; 11 unselected in desktop; other groups not run (not passes)
TAP version 13
# Subtest: rapid Pack selections keep the current strategy and latest typed inputs when real responses arrive out of order
ok 1 - rapid Pack selections keep the current strategy and latest typed inputs when real responses arrive out of order
  ---
  duration_ms: 3919.3915
  type: 'test'
  ...
# Subtest: a rejected form retains the input, permits correction, and starts one Campaign despite repeated submission
ok 2 - a rejected form retains the input, permits correction, and starts one Campaign despite repeated submission
  ---
  duration_ms: 6871.02975
  type: 'test'
  ...
1..2
# tests 2
# suites 0
# pass 2
# fail 0
# cancelled 0
# skipped 0
# todo 0
# duration_ms 10925.227208
SSH subprocess attempts: 0
desktop command exit code: 0; elapsed: 10.954 s; pass/fail/skip counts are in the TAP summary above
