$ node scripts/run-contract-tests.mjs desktop --files test/contract/start-form-window.test.ts
desktop: 1 selected; 11 unselected in desktop; other groups not run (not passes)
TAP version 13
# Subtest: rapid Pack selections keep the current strategy and latest typed inputs when real responses arrive out of order
not ok 1 - rapid Pack selections keep the current strategy and latest typed inputs when real responses arrive out of order
  ---
  duration_ms: 5330.181125
  type: 'test'
  location: '/Users/lluzi/code/hima_harness_reforge_polishing/.hima-tmp/pls05-worktree/test/contract/start-form-window.test.ts:63:1'
  failureType: 'testCodeFailure'
  error: |-
    Expected values to be strictly equal:
    + actual - expected
    
    + 'second-probe'
    - 'opene902-timing-probe'
    
  code: 'ERR_ASSERTION'
  name: 'AssertionError'
  expected: 'opene902-timing-probe'
  actual: 'second-probe'
  operator: 'strictEqual'
  stack: |-
    TestContext.<anonymous> (file:///Users/lluzi/code/hima_harness_reforge_polishing/.hima-tmp/pls05-worktree/test/contract/start-form-window.test.ts:84:12)
    process.processTicksAndRejections (node:internal/process/task_queues:104:5)
    async Test.run (node:internal/test_runner/test:1404:7)
    async startSubtestAfterBootstrap (node:internal/test_runner/harness:387:3)
  ...
1..1
# tests 1
# suites 0
# pass 0
# fail 1
# cancelled 0
# skipped 0
# todo 0
# duration_ms 5445.94675
SSH subprocess attempts: 0
desktop command exit code: 1; elapsed: 5.471 s; pass/fail/skip counts are in the TAP summary above
[ELIFECYCLE] Command failed with exit code 1.
